Archive member included to satisfy reference by file (symbol)

/usr/lib/gcc/arm-none-eabi/15.2.0/thumb/v6-m/nofp/libgcc.a(_fixunssfsi.o)
                              core/timer.o (__aeabi_f2uiz)
/usr/lib/gcc/arm-none-eabi/15.2.0/thumb/v6-m/nofp/libgcc.a(divsf3.o)
                              core/timer.o (__aeabi_fdiv)
/usr/lib/gcc/arm-none-eabi/15.2.0/thumb/v6-m/nofp/libgcc.a(mulsf3.o)
                              core/timer.o (__aeabi_fmul)
/usr/lib/gcc/arm-none-eabi/15.2.0/thumb/v6-m/nofp/libgcc.a(subsf3.o)
                              /usr/lib/gcc/arm-none-eabi/15.2.0/thumb/v6-m/nofp/libgcc.a(_fixunssfsi.o) (__aeabi_fsub)
/usr/lib/gcc/arm-none-eabi/15.2.0/thumb/v6-m/nofp/libgcc.a(fixsfsi.o)
                              /usr/lib/gcc/arm-none-eabi/15.2.0/thumb/v6-m/nofp/libgcc.a(_fixunssfsi.o) (__aeabi_f2iz)
/usr/lib/gcc/arm-none-eabi/15.2.0/thumb/v6-m/nofp/libgcc.a(_arm_cmpsf2.o)
                              /usr/lib/gcc/arm-none-eabi/15.2.0/thumb/v6-m/nofp/libgcc.a(_fixunssfsi.o) (__aeabi_fcmpge)
/usr/lib/gcc/arm-none-eabi/15.2.0/thumb/v6-m/nofp/libgcc.a(_clzsi2.o)
                              /usr/lib/gcc/arm-none-eabi/15.2.0/thumb/v6-m/nofp/libgcc.a(divsf3.o) (__clzsi2)
/usr/lib/gcc/arm-none-eabi/15.2.0/thumb/v6-m/nofp/libgcc.a(eqsf2.o)
                              /usr/lib/gcc/arm-none-eabi/15.2.0/thumb/v6-m/nofp/libgcc.a(_arm_cmpsf2.o) (__eqsf2)
/usr/lib/gcc/arm-none-eabi/15.2.0/thumb/v6-m/nofp/libgcc.a(gesf2.o)
                              /usr/lib/gcc/arm-none-eabi/15.2.0/thumb/v6-m/nofp/libgcc.a(_arm_cmpsf2.o) (__gesf2)
/usr/lib/gcc/arm-none-eabi/15.2.0/thumb/v6-m/nofp/libgcc.a(lesf2.o)
                              /usr/lib/gcc/arm-none-eabi/15.2.0/thumb/v6-m/nofp/libgcc.a(_arm_cmpsf2.o) (__lesf2)
../libopencm3/lib/libopencm3_stm32l0.a(gpio_common_all.o)
                              main.o (gpio_port_write)
../libopencm3/lib/libopencm3_stm32l0.a(gpio_common_f0234.o)
                              main.o (gpio_mode_setup)
../libopencm3/lib/libopencm3_stm32l0.a(rcc.o)
                              core/system.o (rcc_clock_setup_pll)
../libopencm3/lib/libopencm3_stm32l0.a(rcc_common_all.o)
                              main.o (rcc_periph_clock_enable)
../libopencm3/lib/libopencm3_stm32l0.a(timer_common_all.o)
                              core/timer.o (timer_set_mode)
../libopencm3/lib/libopencm3_stm32l0.a(vector.o)
                              (reset_handler)
../libopencm3/lib/libopencm3_stm32l0.a(systick.o)
                              core/system.o (systick_set_frequency)
../libopencm3/lib/libopencm3_stm32l0.a(assert.o)
                              ../libopencm3/lib/libopencm3_stm32l0.a(rcc.o) (cm3_assert_failed)
../libopencm3/lib/libopencm3_stm32l0.a(flash_common_all.o)
                              ../libopencm3/lib/libopencm3_stm32l0.a(rcc.o) (flash_prefetch_enable)
../libopencm3/lib/libopencm3_stm32l0.a(pwr_common_v2.o)
                              ../libopencm3/lib/libopencm3_stm32l0.a(rcc.o) (pwr_set_vos_scale)
/usr/lib/gcc/arm-none-eabi/15.2.0/thumb/v6-m/nofp/libgcc.a(_thumb1_case_uqi.o)
                              ../libopencm3/lib/libopencm3_stm32l0.a(rcc.o) (__gnu_thumb1_case_uqi)
/usr/lib/gcc/arm-none-eabi/15.2.0/thumb/v6-m/nofp/libgcc.a(_udivsi3.o)
                              ../libopencm3/lib/libopencm3_stm32l0.a(systick.o) (__aeabi_uidiv)
/usr/lib/gcc/arm-none-eabi/15.2.0/thumb/v6-m/nofp/libgcc.a(_dvmd_tls.o)
                              /usr/lib/gcc/arm-none-eabi/15.2.0/thumb/v6-m/nofp/libgcc.a(_udivsi3.o) (__aeabi_idiv0)

Discarded input sections

 .group         0x00000000        0xc main.o
 .group         0x00000000        0xc main.o
 .group         0x00000000        0xc main.o
 .group         0x00000000        0xc main.o
 .group         0x00000000        0xc main.o
 .group         0x00000000        0xc main.o
 .group         0x00000000        0xc main.o
 .group         0x00000000        0xc main.o
 .group         0x00000000        0xc main.o
 .group         0x00000000        0xc main.o
 .group         0x00000000        0xc main.o
 .group         0x00000000        0xc main.o
 .group         0x00000000        0xc main.o
 .group         0x00000000        0xc main.o
 .group         0x00000000        0xc main.o
 .group         0x00000000        0xc main.o
 .group         0x00000000        0xc main.o
 .group         0x00000000        0xc main.o
 .group         0x00000000        0xc main.o
 .group         0x00000000        0xc main.o
 .group         0x00000000        0xc core/system.o
 .group         0x00000000        0xc core/system.o
 .group         0x00000000        0xc core/system.o
 .group         0x00000000        0xc core/system.o
 .group         0x00000000        0xc core/system.o
 .group         0x00000000        0xc core/system.o
 .group         0x00000000        0xc core/system.o
 .group         0x00000000        0xc core/system.o
 .group         0x00000000        0xc core/system.o
 .group         0x00000000        0xc core/system.o
[...]
Memory Configuration

Name             Origin             Length             Attributes
ram              0x20000000         0x00005000         xrw
rom              0x08000000         0x00030000         xr
*default*        0x00000000         0xffffffff

Linker script and memory map

LOAD main.o
LOAD core/system.o
LOAD core/timer.o
START GROUP
LOAD /usr/lib/gcc/arm-none-eabi/15.2.0/../../../../arm-none-eabi/lib/thumb/v6-m/nofp/libc.a
LOAD /usr/lib/gcc/arm-none-eabi/15.2.0/thumb/v6-m/nofp/libgcc.a
LOAD /usr/lib/gcc/arm-none-eabi/15.2.0/../../../../arm-none-eabi/lib/thumb/v6-m/nofp/libnosys.a
END GROUP
LOAD ../libopencm3/lib/libopencm3_stm32l0.a
START GROUP
LOAD /usr/lib/gcc/arm-none-eabi/15.2.0/thumb/v6-m/nofp/libgcc.a
LOAD /usr/lib/gcc/arm-none-eabi/15.2.0/../../../../arm-none-eabi/lib/thumb/v6-m/nofp/libc.a
END GROUP

.text           0x08000000     0x2278
 *(.vectors)
 .vectors       0x08000000       0xc0 ../libopencm3/lib/libopencm3_stm32l0.a(vector.o)
                0x08000000                vector_table
 *(.text*)
 .text          0x080000c0        0x0 main.o
 .text.startup  0x080000c0       0x30 main.o
                0x080000c0                main
 .text          0x080000f0       0x5c core/system.o
                0x080000f0                sys_tick_handler
                0x08000108                system_get_ticks
                0x08000114                rcc_setup
                0x08000124                systick_setup
                0x08000140                system_setup
 .text          0x0800014c       0x78 core/timer.o
                0x0800014c                timer_setup
                0x0800019c                timer_pwm_set_duty_cycle
 .text          0x080001c4       0x30 /usr/lib/gcc/arm-none-eabi/15.2.0/thumb/v6-m/nofp/libgcc.a(_fixunssfsi.o)
                0x080001c4                __aeabi_f2uiz
                0x080001c4                __fixunssfsi
 .text          0x080001f4      0x22c /usr/lib/gcc/arm-none-eabi/15.2.0/thumb/v6-m/nofp/libgcc.a(divsf3.o)
                0x080001f4                __aeabi_fdiv
 .text          0x08000420      0x294 /usr/lib/gcc/arm-none-eabi/15.2.0/thumb/v6-m/nofp/libgcc.a(mulsf3.o)
                0x08000420                __aeabi_fmul
 .text          0x080006b4      0x494 /usr/lib/gcc/arm-none-eabi/15.2.0/thumb/v6-m/nofp/libgcc.a(subsf3.o)
                0x080006b4                __aeabi_fsub
 .text          0x08000b48       0x40 /usr/lib/gcc/arm-none-eabi/15.2.0/thumb/v6-m/nofp/libgcc.a(fixsfsi.o)
                0x08000b48                __aeabi_f2iz
 .text          0x08000b88       0x74 /usr/lib/gcc/arm-none-eabi/15.2.0/thumb/v6-m/nofp/libgcc.a(_arm_cmpsf2.o)
                0x08000b88                __aeabi_cfrcmple
                0x08000b90                __aeabi_cfcmple
                0x08000b90                __aeabi_cfcmpeq
                0x08000ba0                __aeabi_fcmpeq
                0x08000bac                __aeabi_fcmplt
                0x08000bc0                __aeabi_fcmple
                0x08000bd4                __aeabi_fcmpgt
                0x08000be8                __aeabi_fcmpge
 .text          0x08000bfc       0x3c /usr/lib/gcc/arm-none-eabi/15.2.0/thumb/v6-m/nofp/libgcc.a(_clzsi2.o)
                0x08000bfc                __clzsi2
 .text          0x08000c38       0x58 /usr/lib/gcc/arm-none-eabi/15.2.0/thumb/v6-m/nofp/libgcc.a(eqsf2.o)
                0x08000c38                __nesf2
                0x08000c38                __eqsf2
 .text          0x08000c90       0xa0 /usr/lib/gcc/arm-none-eabi/15.2.0/thumb/v6-m/nofp/libgcc.a(gesf2.o)
                0x08000c90                __gtsf2
                0x08000c90                __gesf2
 .text          0x08000d30       0xa0 /usr/lib/gcc/arm-none-eabi/15.2.0/thumb/v6-m/nofp/libgcc.a(lesf2.o)
                0x08000d30                __lesf2
                0x08000d30                __ltsf2
 .text          0x08000dd0        0x0 ../libopencm3/lib/libopencm3_stm32l0.a(gpio_common_all.o)
 .text.gpio_set
                0x08000dd0        0x4 ../libopencm3/lib/libopencm3_stm32l0.a(gpio_common_all.o)
                0x08000dd0                gpio_set
 .text.gpio_clear
                0x08000dd4        0x6 ../libopencm3/lib/libopencm3_stm32l0.a(gpio_common_all.o)
                0x08000dd4                gpio_clear
 .text.gpio_get
                0x08000dda        0x6 ../libopencm3/lib/libopencm3_stm32l0.a(gpio_common_all.o)
                0x08000dda                gpio_get
 .text.gpio_toggle
                0x08000de0       0x10 ../libopencm3/lib/libopencm3_stm32l0.a(gpio_common_all.o)
                0x08000de0                gpio_toggle
 .text.gpio_port_read
                0x08000df0        0x6 ../libopencm3/lib/libopencm3_stm32l0.a(gpio_common_all.o)
                0x08000df0                gpio_port_read
 .text.gpio_port_write
                0x08000df6        0x4 ../libopencm3/lib/libopencm3_stm32l0.a(gpio_common_all.o)
                0x08000df6                gpio_port_write
 .text.gpio_port_config_lock
                0x08000dfa       0x12 ../libopencm3/lib/libopencm3_stm32l0.a(gpio_common_all.o)
                0x08000dfa                gpio_port_config_lock
 .text          0x08000e0c        0x0 ../libopencm3/lib/libopencm3_stm32l0.a(gpio_common_f0234.o)
 .text.gpio_mode_setup
                0x08000e0c       0x38 ../libopencm3/lib/libopencm3_stm32l0.a(gpio_common_f0234.o)
                0x08000e0c                gpio_mode_setup
 .text.gpio_set_output_options
                0x08000e44       0x3c ../libopencm3/lib/libopencm3_stm32l0.a(gpio_common_f0234.o)
                0x08000e44                gpio_set_output_options
 .text.gpio_set_af
                0x08000e80       0x58 ../libopencm3/lib/libopencm3_stm32l0.a(gpio_common_f0234.o)
                0x08000e80                gpio_set_af
 .text          0x08000ed8        0x0 ../libopencm3/lib/libopencm3_stm32l0.a(rcc.o)
 .text.rcc_uart_i2c_clksel_freq_hz
                0x08000ed8       0x44 ../libopencm3/lib/libopencm3_stm32l0.a(rcc.o)
 .text.rcc_osc_on
                0x08000f1c       0x54 ../libopencm3/lib/libopencm3_stm32l0.a(rcc.o)
                0x08000f1c                rcc_osc_on
 .text.rcc_osc_off
                0x08000f70       0x5c ../libopencm3/lib/libopencm3_stm32l0.a(rcc.o)
                0x08000f70                rcc_osc_off
 .text.rcc_osc_ready_int_clear
                0x08000fcc       0x3c ../libopencm3/lib/libopencm3_stm32l0.a(rcc.o)
                0x08000fcc                rcc_osc_ready_int_clear
 .text.rcc_osc_ready_int_enable
                0x08001008       0x3c ../libopencm3/lib/libopencm3_stm32l0.a(rcc.o)
                0x08001008                rcc_osc_ready_int_enable
 .text.rcc_osc_ready_int_disable
                0x08001044       0x3c ../libopencm3/lib/libopencm3_stm32l0.a(rcc.o)
                0x08001044                rcc_osc_ready_int_disable
 .text.rcc_osc_ready_int_flag
                0x08001080       0x4c ../libopencm3/lib/libopencm3_stm32l0.a(rcc.o)
                0x08001080                rcc_osc_ready_int_flag
 .text.rcc_is_osc_ready
                0x080010cc       0x54 ../libopencm3/lib/libopencm3_stm32l0.a(rcc.o)
                0x080010cc                rcc_is_osc_ready
 .text.rcc_wait_for_osc_ready
                0x08001120       0x10 ../libopencm3/lib/libopencm3_stm32l0.a(rcc.o)
                0x08001120                rcc_wait_for_osc_ready
 .text.rcc_set_hsi48_source_rc48
                0x08001130       0x14 ../libopencm3/lib/libopencm3_stm32l0.a(rcc.o)
                0x08001130                rcc_set_hsi48_source_rc48
 .text.rcc_set_hsi48_source_pll
                0x08001144       0x14 ../libopencm3/lib/libopencm3_stm32l0.a(rcc.o)
                0x08001144                rcc_set_hsi48_source_pll
 .text.rcc_set_sysclk_source
                0x08001158       0x48 ../libopencm3/lib/libopencm3_stm32l0.a(rcc.o)
                0x08001158                rcc_set_sysclk_source
 .text.rcc_set_pll_multiplier
                0x080011a0       0x18 ../libopencm3/lib/libopencm3_stm32l0.a(rcc.o)
                0x080011a0                rcc_set_pll_multiplier
 .text.rcc_set_pll_divider
                0x080011b8       0x18 ../libopencm3/lib/libopencm3_stm32l0.a(rcc.o)
                0x080011b8                rcc_set_pll_divider
 .text.rcc_set_pll_source
                0x080011d0       0x18 ../libopencm3/lib/libopencm3_stm32l0.a(rcc.o)
                0x080011d0                rcc_set_pll_source
 .text.rcc_set_ppre1
                0x080011e8       0x18 ../libopencm3/lib/libopencm3_stm32l0.a(rcc.o)
                0x080011e8                rcc_set_ppre1
 .text.rcc_set_ppre2
                0x08001200       0x18 ../libopencm3/lib/libopencm3_stm32l0.a(rcc.o)
                0x08001200                rcc_set_ppre2
 .text.rcc_set_hpre
                0x08001218       0x14 ../libopencm3/lib/libopencm3_stm32l0.a(rcc.o)
                0x08001218                rcc_set_hpre
 .text.rcc_set_msi_range
                0x0800122c       0x18 ../libopencm3/lib/libopencm3_stm32l0.a(rcc.o)
                0x0800122c                rcc_set_msi_range
 .text.rcc_set_lptim1_sel
                0x08001244       0x1c ../libopencm3/lib/libopencm3_stm32l0.a(rcc.o)
                0x08001244                rcc_set_lptim1_sel
 .text.rcc_set_lpuart1_sel
                0x08001260       0x1c ../libopencm3/lib/libopencm3_stm32l0.a(rcc.o)
                0x08001260                rcc_set_lpuart1_sel
 .text.rcc_set_usart1_sel
                0x0800127c       0x18 ../libopencm3/lib/libopencm3_stm32l0.a(rcc.o)
                0x0800127c                rcc_set_usart1_sel
 .text.rcc_set_usart2_sel
                0x08001294       0x18 ../libopencm3/lib/libopencm3_stm32l0.a(rcc.o)
                0x08001294                rcc_set_usart2_sel
 .text.rcc_set_peripheral_clk_sel
                0x080012ac       0x6c ../libopencm3/lib/libopencm3_stm32l0.a(rcc.o)
                0x080012ac                rcc_set_peripheral_clk_sel
 .text.rcc_get_usart_clk_freq
                0x08001318       0x38 ../libopencm3/lib/libopencm3_stm32l0.a(rcc.o)
                0x08001318                rcc_get_usart_clk_freq
 .text.rcc_get_timer_clk_freq
                0x08001350       0x34 ../libopencm3/lib/libopencm3_stm32l0.a(rcc.o)
                0x08001350                rcc_get_timer_clk_freq
 .text.rcc_get_i2c_clk_freq
                0x08001384       0x2c ../libopencm3/lib/libopencm3_stm32l0.a(rcc.o)
                0x08001384                rcc_get_i2c_clk_freq
 .text.rcc_get_spi_clk_freq
                0x080013b0       0x1c ../libopencm3/lib/libopencm3_stm32l0.a(rcc.o)
                0x080013b0                rcc_get_spi_clk_freq
 .text.rcc_clock_setup_pll
                0x080013cc       0xac ../libopencm3/lib/libopencm3_stm32l0.a(rcc.o)
                0x080013cc                rcc_clock_setup_pll
 .text          0x08001478        0x0 ../libopencm3/lib/libopencm3_stm32l0.a(rcc_common_all.o)
 .text.rcc_peripheral_enable_clock
                0x08001478        0x8 ../libopencm3/lib/libopencm3_stm32l0.a(rcc_common_all.o)
                0x08001478                rcc_peripheral_enable_clock
 .text.rcc_peripheral_disable_clock
                0x08001480        0x8 ../libopencm3/lib/libopencm3_stm32l0.a(rcc_common_all.o)
                0x08001480                rcc_peripheral_disable_clock
 .text.rcc_peripheral_reset
                0x08001488        0x8 ../libopencm3/lib/libopencm3_stm32l0.a(rcc_common_all.o)
                0x08001488                rcc_peripheral_reset
 .text.rcc_peripheral_clear_reset
                0x08001490        0x8 ../libopencm3/lib/libopencm3_stm32l0.a(rcc_common_all.o)
                0x08001490                rcc_peripheral_clear_reset
 .text.rcc_periph_clock_enable
                0x08001498       0x1c ../libopencm3/lib/libopencm3_stm32l0.a(rcc_common_all.o)
                0x08001498                rcc_periph_clock_enable
 .text.rcc_periph_clock_disable
                0x080014b4       0x1c ../libopencm3/lib/libopencm3_stm32l0.a(rcc_common_all.o)
                0x080014b4                rcc_periph_clock_disable
 .text.rcc_periph_reset_pulse
                0x080014d0       0x20 ../libopencm3/lib/libopencm3_stm32l0.a(rcc_common_all.o)
                0x080014d0                rcc_periph_reset_pulse
 .text.rcc_periph_reset_hold
                0x080014f0        0x8 ../libopencm3/lib/libopencm3_stm32l0.a(rcc_common_all.o)
                0x080014f0                rcc_periph_reset_hold
 .text.rcc_periph_reset_release
                0x080014f8        0x8 ../libopencm3/lib/libopencm3_stm32l0.a(rcc_common_all.o)
                0x080014f8                rcc_periph_reset_release
 .text.rcc_set_mco
                0x08001500       0x18 ../libopencm3/lib/libopencm3_stm32l0.a(rcc_common_all.o)
                0x08001500                rcc_set_mco
 .text.rcc_osc_bypass_enable
                0x08001518       0x2c ../libopencm3/lib/libopencm3_stm32l0.a(rcc_common_all.o)
                0x08001518                rcc_osc_bypass_enable
 .text.rcc_osc_bypass_disable
                0x08001544       0x30 ../libopencm3/lib/libopencm3_stm32l0.a(rcc_common_all.o)
                0x08001544                rcc_osc_bypass_disable
 .text.rcc_get_div_from_hpre
                0x08001574       0x1a ../libopencm3/lib/libopencm3_stm32l0.a(rcc_common_all.o)
                0x08001574                rcc_get_div_from_hpre
 .text          0x0800158e        0x0 ../libopencm3/lib/libopencm3_stm32l0.a(timer_common_all.o)
 .text.timer_enable_irq
                0x0800158e        0x8 ../libopencm3/lib/libopencm3_stm32l0.a(timer_common_all.o)
                0x0800158e                timer_enable_irq
 .text.timer_disable_irq
                0x08001596        0x8 ../libopencm3/lib/libopencm3_stm32l0.a(timer_common_all.o)
                0x08001596                timer_disable_irq
 .text.timer_interrupt_source
                0x0800159e       0x18 ../libopencm3/lib/libopencm3_stm32l0.a(timer_common_all.o)
                0x0800159e                timer_interrupt_source
 .text.timer_get_flag
                0x080015b6        0xe ../libopencm3/lib/libopencm3_stm32l0.a(timer_common_all.o)
                0x080015b6                timer_get_flag
 .text.timer_clear_flag
                0x080015c4        0x6 ../libopencm3/lib/libopencm3_stm32l0.a(timer_common_all.o)
                0x080015c4                timer_clear_flag
 *fill*         0x080015ca        0x2 
 .text.timer_set_mode
                0x080015cc       0x18 ../libopencm3/lib/libopencm3_stm32l0.a(timer_common_all.o)
                0x080015cc                timer_set_mode
 .text.timer_set_clock_division
                0x080015e4       0x1c ../libopencm3/lib/libopencm3_stm32l0.a(timer_common_all.o)
                0x080015e4                timer_set_clock_division
 .text.timer_enable_preload
                0x08001600        0xa ../libopencm3/lib/libopencm3_stm32l0.a(timer_common_all.o)
                0x08001600                timer_enable_preload
 .text.timer_disable_preload
                0x0800160a        0xa ../libopencm3/lib/libopencm3_stm32l0.a(timer_common_all.o)
                0x0800160a                timer_disable_preload
 .text.timer_set_alignment
                0x08001614       0x12 ../libopencm3/lib/libopencm3_stm32l0.a(timer_common_all.o)
                0x08001614                timer_set_alignment
 .text.timer_direction_up
                0x08001626        0xa ../libopencm3/lib/libopencm3_stm32l0.a(timer_common_all.o)
                0x08001626                timer_direction_up
 .text.timer_direction_down
                0x08001630        0xa ../libopencm3/lib/libopencm3_stm32l0.a(timer_common_all.o)
                0x08001630                timer_direction_down
 .text.timer_one_shot_mode
                0x0800163a        0xa ../libopencm3/lib/libopencm3_stm32l0.a(timer_common_all.o)
                0x0800163a                timer_one_shot_mode
 .text.timer_continuous_mode
                0x08001644        0xa ../libopencm3/lib/libopencm3_stm32l0.a(timer_common_all.o)
                0x08001644                timer_continuous_mode
 .text.timer_update_on_any
                0x0800164e        0xa ../libopencm3/lib/libopencm3_stm32l0.a(timer_common_all.o)
                0x0800164e                timer_update_on_any
 .text.timer_update_on_overflow
                0x08001658        0xa ../libopencm3/lib/libopencm3_stm32l0.a(timer_common_all.o)
                0x08001658                timer_update_on_overflow
 .text.timer_enable_update_event
                0x08001662        0xa ../libopencm3/lib/libopencm3_stm32l0.a(timer_common_all.o)
                0x08001662                timer_enable_update_event
 .text.timer_disable_update_event
                0x0800166c        0xa ../libopencm3/lib/libopencm3_stm32l0.a(timer_common_all.o)
                0x0800166c                timer_disable_update_event
 .text.timer_enable_counter
                0x08001676        0xa ../libopencm3/lib/libopencm3_stm32l0.a(timer_common_all.o)
                0x08001676                timer_enable_counter
 .text.timer_disable_counter
                0x08001680        0xa ../libopencm3/lib/libopencm3_stm32l0.a(timer_common_all.o)
                0x08001680                timer_disable_counter
 .text.timer_set_output_idle_state
                0x0800168a        0xe ../libopencm3/lib/libopencm3_stm32l0.a(timer_common_all.o)
                0x0800168a                timer_set_output_idle_state
 .text.timer_reset_output_idle_state
                0x08001698        0xe ../libopencm3/lib/libopencm3_stm32l0.a(timer_common_all.o)
                0x08001698                timer_reset_output_idle_state
 .text.timer_set_ti1_ch123_xor
                0x080016a6        0xa ../libopencm3/lib/libopencm3_stm32l0.a(timer_common_all.o)
                0x080016a6                timer_set_ti1_ch123_xor
 .text.timer_set_ti1_ch1
                0x080016b0        0xa ../libopencm3/lib/libopencm3_stm32l0.a(timer_common_all.o)
                0x080016b0                timer_set_ti1_ch1
 .text.timer_set_master_mode
                0x080016ba       0x10 ../libopencm3/lib/libopencm3_stm32l0.a(timer_common_all.o)
                0x080016ba                timer_set_master_mode
 .text.timer_set_dma_on_compare_event
                0x080016ca        0xa ../libopencm3/lib/libopencm3_stm32l0.a(timer_common_all.o)
                0x080016ca                timer_set_dma_on_compare_event
 .text.timer_set_dma_on_update_event
                0x080016d4        0xa ../libopencm3/lib/libopencm3_stm32l0.a(timer_common_all.o)
                0x080016d4                timer_set_dma_on_update_event
 .text.timer_enable_compare_control_update_on_trigger
                0x080016de        0xa ../libopencm3/lib/libopencm3_stm32l0.a(timer_common_all.o)
                0x080016de                timer_enable_compare_control_update_on_trigger
 .text.timer_disable_compare_control_update_on_trigger
                0x080016e8        0xa ../libopencm3/lib/libopencm3_stm32l0.a(timer_common_all.o)
                0x080016e8                timer_disable_compare_control_update_on_trigger
 .text.timer_enable_preload_complementry_enable_bits
                0x080016f2        0xa ../libopencm3/lib/libopencm3_stm32l0.a(timer_common_all.o)
                0x080016f2                timer_enable_preload_complementry_enable_bits
 .text.timer_disable_preload_complementry_enable_bits
                0x080016fc        0xa ../libopencm3/lib/libopencm3_stm32l0.a(timer_common_all.o)
                0x080016fc                timer_disable_preload_complementry_enable_bits
 .text.timer_set_prescaler
                0x08001706        0x4 ../libopencm3/lib/libopencm3_stm32l0.a(timer_common_all.o)
                0x08001706                timer_set_prescaler
 .text.timer_set_repetition_counter
                0x0800170a        0x4 ../libopencm3/lib/libopencm3_stm32l0.a(timer_common_all.o)
                0x0800170a                timer_set_repetition_counter
 .text.timer_set_period
                0x0800170e        0x4 ../libopencm3/lib/libopencm3_stm32l0.a(timer_common_all.o)
                0x0800170e                timer_set_period
 .text.timer_enable_oc_clear
                0x08001712       0x3a ../libopencm3/lib/libopencm3_stm32l0.a(timer_common_all.o)
                0x08001712                timer_enable_oc_clear
 .text.timer_disable_oc_clear
                0x0800174c       0x40 ../libopencm3/lib/libopencm3_stm32l0.a(timer_common_all.o)
                0x0800174c                timer_disable_oc_clear
 .text.timer_set_oc_fast_mode
                0x0800178c       0x3a ../libopencm3/lib/libopencm3_stm32l0.a(timer_common_all.o)
                0x0800178c                timer_set_oc_fast_mode
 *fill*         0x080017c6        0x2 
 .text.timer_set_oc_slow_mode
                0x080017c8       0x40 ../libopencm3/lib/libopencm3_stm32l0.a(timer_common_all.o)
                0x080017c8                timer_set_oc_slow_mode
 .text.timer_set_oc1_mode
                0x08001808       0x5a ../libopencm3/lib/libopencm3_stm32l0.a(timer_common_all.o)
                0x08001808                timer_set_oc1_mode
 *fill*         0x08001862        0x2 
 .text.timer_set_oc2_mode
                0x08001864       0x6c ../libopencm3/lib/libopencm3_stm32l0.a(timer_common_all.o)
                0x08001864                timer_set_oc2_mode
 .text.timer_set_oc3_mode
                0x080018d0       0x5a ../libopencm3/lib/libopencm3_stm32l0.a(timer_common_all.o)
                0x080018d0                timer_set_oc3_mode
 *fill*         0x0800192a        0x2 
 .text.timer_set_oc4_mode
                0x0800192c       0x6c ../libopencm3/lib/libopencm3_stm32l0.a(timer_common_all.o)
                0x0800192c                timer_set_oc4_mode
 .text.timer_set_oc_mode
                0x08001998       0x38 ../libopencm3/lib/libopencm3_stm32l0.a(timer_common_all.o)
                0x08001998                timer_set_oc_mode
 .text.timer_enable_oc_preload
                0x080019d0       0x3a ../libopencm3/lib/libopencm3_stm32l0.a(timer_common_all.o)
                0x080019d0                timer_enable_oc_preload
 *fill*         0x08001a0a        0x2 
 .text.timer_disable_oc_preload
                0x08001a0c       0x40 ../libopencm3/lib/libopencm3_stm32l0.a(timer_common_all.o)
                0x08001a0c                timer_disable_oc_preload
 .text.timer_set_oc_polarity_high
                0x08001a4c       0x48 ../libopencm3/lib/libopencm3_stm32l0.a(timer_common_all.o)
                0x08001a4c                timer_set_oc_polarity_high
 .text.timer_set_oc_polarity_low
                0x08001a94       0x3e ../libopencm3/lib/libopencm3_stm32l0.a(timer_common_all.o)
                0x08001a94                timer_set_oc_polarity_low
 .text.timer_enable_oc_output
                0x08001ad2       0x3e ../libopencm3/lib/libopencm3_stm32l0.a(timer_common_all.o)
                0x08001ad2                timer_enable_oc_output
 .text.timer_disable_oc_output
                0x08001b10       0x48 ../libopencm3/lib/libopencm3_stm32l0.a(timer_common_all.o)
                0x08001b10                timer_disable_oc_output
 .text.timer_set_oc_idle_state_set
                0x08001b58       0x3a ../libopencm3/lib/libopencm3_stm32l0.a(timer_common_all.o)
                0x08001b58                timer_set_oc_idle_state_set
 *fill*         0x08001b92        0x2 
 .text.timer_set_oc_idle_state_unset
                0x08001b94       0x54 ../libopencm3/lib/libopencm3_stm32l0.a(timer_common_all.o)
                0x08001b94                timer_set_oc_idle_state_unset
 .text.timer_set_oc_value
                0x08001be8       0x26 ../libopencm3/lib/libopencm3_stm32l0.a(timer_common_all.o)
                0x08001be8                timer_set_oc_value
 .text.timer_enable_break_main_output
                0x08001c0e        0xc ../libopencm3/lib/libopencm3_stm32l0.a(timer_common_all.o)
                0x08001c0e                timer_enable_break_main_output
 *fill*         0x08001c1a        0x2 
 .text.timer_disable_break_main_output
                0x08001c1c       0x10 ../libopencm3/lib/libopencm3_stm32l0.a(timer_common_all.o)
                0x08001c1c                timer_disable_break_main_output
 .text.timer_enable_break_automatic_output
                0x08001c2c        0xc ../libopencm3/lib/libopencm3_stm32l0.a(timer_common_all.o)
                0x08001c2c                timer_enable_break_automatic_output
 .text.timer_disable_break_automatic_output
                0x08001c38       0x10 ../libopencm3/lib/libopencm3_stm32l0.a(timer_common_all.o)
                0x08001c38                timer_disable_break_automatic_output
 .text.timer_set_break_polarity_high
                0x08001c48        0xc ../libopencm3/lib/libopencm3_stm32l0.a(timer_common_all.o)
                0x08001c48                timer_set_break_polarity_high
 .text.timer_set_break_polarity_low
                0x08001c54       0x10 ../libopencm3/lib/libopencm3_stm32l0.a(timer_common_all.o)
                0x08001c54                timer_set_break_polarity_low
 .text.timer_enable_break
                0x08001c64        0xc ../libopencm3/lib/libopencm3_stm32l0.a(timer_common_all.o)
                0x08001c64                timer_enable_break
 .text.timer_disable_break
                0x08001c70       0x10 ../libopencm3/lib/libopencm3_stm32l0.a(timer_common_all.o)
                0x08001c70                timer_disable_break
 .text.timer_set_enabled_off_state_in_run_mode
                0x08001c80        0xc ../libopencm3/lib/libopencm3_stm32l0.a(timer_common_all.o)
                0x08001c80                timer_set_enabled_off_state_in_run_mode
 .text.timer_set_disabled_off_state_in_run_mode
                0x08001c8c       0x10 ../libopencm3/lib/libopencm3_stm32l0.a(timer_common_all.o)
                0x08001c8c                timer_set_disabled_off_state_in_run_mode
 .text.timer_set_enabled_off_state_in_idle_mode
                0x08001c9c        0xc ../libopencm3/lib/libopencm3_stm32l0.a(timer_common_all.o)
                0x08001c9c                timer_set_enabled_off_state_in_idle_mode
 .text.timer_set_disabled_off_state_in_idle_mode
                0x08001ca8       0x10 ../libopencm3/lib/libopencm3_stm32l0.a(timer_common_all.o)
                0x08001ca8                timer_set_disabled_off_state_in_idle_mode
 .text.timer_set_break_lock
                0x08001cb8        0x8 ../libopencm3/lib/libopencm3_stm32l0.a(timer_common_all.o)
                0x08001cb8                timer_set_break_lock
 .text.timer_set_deadtime
                0x08001cc0        0x8 ../libopencm3/lib/libopencm3_stm32l0.a(timer_common_all.o)
                0x08001cc0                timer_set_deadtime
 .text.timer_generate_event
                0x08001cc8        0x8 ../libopencm3/lib/libopencm3_stm32l0.a(timer_common_all.o)
                0x08001cc8                timer_generate_event
 .text.timer_get_counter
                0x08001cd0        0x4 ../libopencm3/lib/libopencm3_stm32l0.a(timer_common_all.o)
                0x08001cd0                timer_get_counter
 .text.timer_set_counter
                0x08001cd4        0x4 ../libopencm3/lib/libopencm3_stm32l0.a(timer_common_all.o)
                0x08001cd4                timer_set_counter
 .text.timer_ic_set_filter
                0x08001cd8       0x58 ../libopencm3/lib/libopencm3_stm32l0.a(timer_common_all.o)
                0x08001cd8                timer_ic_set_filter
 .text.timer_ic_set_prescaler
                0x08001d30       0x58 ../libopencm3/lib/libopencm3_stm32l0.a(timer_common_all.o)
                0x08001d30                timer_ic_set_prescaler
 .text.timer_ic_set_input
                0x08001d88       0x68 ../libopencm3/lib/libopencm3_stm32l0.a(timer_common_all.o)
                0x08001d88                timer_ic_set_input
 .text.timer_ic_enable
                0x08001df0        0xe ../libopencm3/lib/libopencm3_stm32l0.a(timer_common_all.o)
                0x08001df0                timer_ic_enable
 .text.timer_ic_disable
                0x08001dfe        0xe ../libopencm3/lib/libopencm3_stm32l0.a(timer_common_all.o)
                0x08001dfe                timer_ic_disable
 .text.timer_slave_set_filter
                0x08001e0c       0x18 ../libopencm3/lib/libopencm3_stm32l0.a(timer_common_all.o)
                0x08001e0c                timer_slave_set_filter
 .text.timer_slave_set_prescaler
                0x08001e24       0x18 ../libopencm3/lib/libopencm3_stm32l0.a(timer_common_all.o)
                0x08001e24                timer_slave_set_prescaler
 .text.timer_slave_set_polarity
                0x08001e3c       0x1c ../libopencm3/lib/libopencm3_stm32l0.a(timer_common_all.o)
                0x08001e3c                timer_slave_set_polarity
 .text.timer_slave_set_mode
                0x08001e58       0x10 ../libopencm3/lib/libopencm3_stm32l0.a(timer_common_all.o)
                0x08001e58                timer_slave_set_mode
 .text.timer_slave_set_trigger
                0x08001e68       0x10 ../libopencm3/lib/libopencm3_stm32l0.a(timer_common_all.o)
                0x08001e68                timer_slave_set_trigger
 .text.timer_slave_set_extclockmode2
                0x08001e78       0x1c ../libopencm3/lib/libopencm3_stm32l0.a(timer_common_all.o)
                0x08001e78                timer_slave_set_extclockmode2
 .text          0x08001e94        0x0 ../libopencm3/lib/libopencm3_stm32l0.a(vector.o)
 .text.blocking_handler
                0x08001e94        0x2 ../libopencm3/lib/libopencm3_stm32l0.a(vector.o)
                0x08001e94                rtc_isr
                0x08001e94                tim7_isr
                0x08001e94                blocking_handler
                0x08001e94                tsc_isr
                0x08001e94                spi1_isr
                0x08001e94                i2c1_isr
                0x08001e94                i2c2_isr
                0x08001e94                tim21_isr
                0x08001e94                usart1_isr
                0x08001e94                i2c3_isr
                0x08001e94                reserved4_isr
                0x08001e94                exti2_3_isr
                0x08001e94                lptim1_isr
                0x08001e94                pvd_isr
                0x08001e94                rcc_isr
                0x08001e94                flash_isr
                0x08001e94                hard_fault_handler
                0x08001e94                spi2_isr
                0x08001e94                lpuart1_aes_rng_isr
                0x08001e94                usb_isr
                0x08001e94                tim3_isr
                0x08001e94                usart2_isr
                0x08001e94                adc_comp_isr
                0x08001e94                dma1_channel1_isr
                0x08001e94                tim6_dac_isr
                0x08001e94                lcd_isr
                0x08001e94                dma1_channel2_3_isr
                0x08001e94                tim22_isr
                0x08001e94                exti4_15_isr
                0x08001e94                usart4_5_isr
                0x08001e94                wwdg_isr
                0x08001e94                tim2_isr
                0x08001e94                dma1_channel4_5_isr
                0x08001e94                exti0_1_isr
 .text.null_handler
                0x08001e96        0x2 ../libopencm3/lib/libopencm3_stm32l0.a(vector.o)
                0x08001e96                null_handler
                0x08001e96                sv_call_handler
                0x08001e96                pend_sv_handler
                0x08001e96                nmi_handler
 .text.reset_handler
                0x08001e98       0x88 ../libopencm3/lib/libopencm3_stm32l0.a(vector.o)
                0x08001e98                reset_handler
 .text          0x08001f20        0x0 ../libopencm3/lib/libopencm3_stm32l0.a(systick.o)
 .text.systick_set_reload
                0x08001f20       0x10 ../libopencm3/lib/libopencm3_stm32l0.a(systick.o)
                0x08001f20                systick_set_reload
 .text.systick_get_reload
                0x08001f30       0x10 ../libopencm3/lib/libopencm3_stm32l0.a(systick.o)
                0x08001f30                systick_get_reload
 .text.systick_get_value
                0x08001f40       0x10 ../libopencm3/lib/libopencm3_stm32l0.a(systick.o)
                0x08001f40                systick_get_value
 .text.systick_set_clocksource
                0x08001f50       0x14 ../libopencm3/lib/libopencm3_stm32l0.a(systick.o)
                0x08001f50                systick_set_clocksource
 .text.systick_set_frequency
                0x08001f64       0x24 ../libopencm3/lib/libopencm3_stm32l0.a(systick.o)
                0x08001f64                systick_set_frequency
 .text.systick_interrupt_enable
                0x08001f88       0x10 ../libopencm3/lib/libopencm3_stm32l0.a(systick.o)
                0x08001f88                systick_interrupt_enable
 .text.systick_interrupt_disable
                0x08001f98       0x10 ../libopencm3/lib/libopencm3_stm32l0.a(systick.o)
                0x08001f98                systick_interrupt_disable
 .text.systick_counter_enable
                0x08001fa8       0x10 ../libopencm3/lib/libopencm3_stm32l0.a(systick.o)
                0x08001fa8                systick_counter_enable
 .text.systick_counter_disable
                0x08001fb8       0x10 ../libopencm3/lib/libopencm3_stm32l0.a(systick.o)
                0x08001fb8                systick_counter_disable
 .text.systick_get_countflag
                0x08001fc8       0x10 ../libopencm3/lib/libopencm3_stm32l0.a(systick.o)
                0x08001fc8                systick_get_countflag
 .text.systick_clear
                0x08001fd8        0xc ../libopencm3/lib/libopencm3_stm32l0.a(systick.o)
                0x08001fd8                systick_clear
 .text.systick_get_calib
                0x08001fe4       0x10 ../libopencm3/lib/libopencm3_stm32l0.a(systick.o)
                0x08001fe4                systick_get_calib
 .text          0x08001ff4        0x0 ../libopencm3/lib/libopencm3_stm32l0.a(assert.o)
 .text.cm3_assert_failed
                0x08001ff4        0x2 ../libopencm3/lib/libopencm3_stm32l0.a(assert.o)
                0x08001ff4                cm3_assert_failed
 .text.cm3_assert_failed_verbose
                0x08001ff6        0x6 ../libopencm3/lib/libopencm3_stm32l0.a(assert.o)
                0x08001ff6                cm3_assert_failed_verbose
 .text          0x08001ffc        0x0 ../libopencm3/lib/libopencm3_stm32l0.a(flash_common_all.o)
 .text.flash_prefetch_enable
                0x08001ffc       0x10 ../libopencm3/lib/libopencm3_stm32l0.a(flash_common_all.o)
                0x08001ffc                flash_prefetch_enable
 .text.flash_prefetch_disable
                0x0800200c       0x10 ../libopencm3/lib/libopencm3_stm32l0.a(flash_common_all.o)
                0x0800200c                flash_prefetch_disable
 .text.flash_set_ws
                0x0800201c       0x14 ../libopencm3/lib/libopencm3_stm32l0.a(flash_common_all.o)
                0x0800201c                flash_set_ws
 .text.flash_unlock_option_bytes
                0x08002030       0x18 ../libopencm3/lib/libopencm3_stm32l0.a(flash_common_all.o)
                0x08002030                flash_unlock_option_bytes
 .text          0x08002048        0x0 ../libopencm3/lib/libopencm3_stm32l0.a(pwr_common_v2.o)
 .text.pwr_set_vos_scale
                0x08002048       0x34 ../libopencm3/lib/libopencm3_stm32l0.a(pwr_common_v2.o)
                0x08002048                pwr_set_vos_scale
 .text          0x0800207c       0x14 /usr/lib/gcc/arm-none-eabi/15.2.0/thumb/v6-m/nofp/libgcc.a(_thumb1_case_uqi.o)
                0x0800207c                __gnu_thumb1_case_uqi
 .text          0x08002090      0x114 /usr/lib/gcc/arm-none-eabi/15.2.0/thumb/v6-m/nofp/libgcc.a(_udivsi3.o)
                0x08002090                __udivsi3
                0x08002090                __aeabi_uidiv
                0x0800219c                __aeabi_uidivmod
 .text          0x080021a4        0x4 /usr/lib/gcc/arm-none-eabi/15.2.0/thumb/v6-m/nofp/libgcc.a(_dvmd_tls.o)
                0x080021a4                __aeabi_ldiv0
                0x080021a4                __aeabi_idiv0
                0x080021a8                        . = ALIGN (0x4)
 *(.rodata*)
 .rodata        0x080021a8       0x7c /usr/lib/gcc/arm-none-eabi/15.2.0/thumb/v6-m/nofp/libgcc.a(divsf3.o)
 .rodata.rcc_hsi_configs
                0x08002224       0x54 ../libopencm3/lib/libopencm3_stm32l0.a(rcc.o)
                0x08002224                rcc_hsi_configs
                0x08002278                        . = ALIGN (0x4)

.glue_7         0x08002278        0x0
 .glue_7        0x08002278        0x0 linker stubs

.glue_7t        0x08002278        0x0
 .glue_7t       0x08002278        0x0 linker stubs

.vfp11_veneer   0x08002278        0x0
 .vfp11_veneer  0x08002278        0x0 linker stubs

.v4_bx          0x08002278        0x0
 .v4_bx         0x08002278        0x0 linker stubs

.iplt           0x08002278        0x0
 .iplt          0x08002278        0x0 main.o

.rel.dyn        0x08002278        0x0
 .rel.iplt      0x08002278        0x0 main.o

.preinit_array  0x08002278        0x0
                0x08002278                        . = ALIGN (0x4)
                0x08002278                        __preinit_array_start = .
 *(.preinit_array)
                0x08002278                        __preinit_array_end = .

.init_array     0x08002278        0x0
                0x08002278                        . = ALIGN (0x4)
                0x08002278                        __init_array_start = .
 *(SORT_BY_NAME(.init_array.*))
 *(.init_array)
                0x08002278                        __init_array_end = .

.fini_array     0x08002278        0x0
                0x08002278                        . = ALIGN (0x4)
                0x08002278                        __fini_array_start = .
 *(.fini_array)
 *(SORT_BY_NAME(.fini_array.*))
                0x08002278                        __fini_array_end = .

.ARM.extab
 *(.ARM.extab*)

.ARM.exidx      0x08002278        0x0
                0x08002278                        __exidx_start = .
 *(.ARM.exidx*)
                0x08002278                        __exidx_end = .
                0x08002278                        . = ALIGN (0x4)
                0x08002278                        _etext = .

.noinit
 *(.noinit*)
                0x08002278                        . = ALIGN (0x4)

.data           0x20000000        0xc load address 0x08002278
                0x20000000                        _data = .
 *(.data*)
 .data          0x20000000        0x0 main.o
 .data          0x20000000        0x0 core/system.o
 .data          0x20000000        0x0 core/timer.o
 .data          0x20000000        0x0 /usr/lib/gcc/arm-none-eabi/15.2.0/thumb/v6-m/nofp/libgcc.a(_fixunssfsi.o)
 .data          0x20000000        0x0 /usr/lib/gcc/arm-none-eabi/15.2.0/thumb/v6-m/nofp/libgcc.a(divsf3.o)
 .data          0x20000000        0x0 /usr/lib/gcc/arm-none-eabi/15.2.0/thumb/v6-m/nofp/libgcc.a(mulsf3.o)
 .data          0x20000000        0x0 /usr/lib/gcc/arm-none-eabi/15.2.0/thumb/v6-m/nofp/libgcc.a(subsf3.o)
 .data          0x20000000        0x0 /usr/lib/gcc/arm-none-eabi/15.2.0/thumb/v6-m/nofp/libgcc.a(fixsfsi.o)
 .data          0x20000000        0x0 /usr/lib/gcc/arm-none-eabi/15.2.0/thumb/v6-m/nofp/libgcc.a(_arm_cmpsf2.o)
 .data          0x20000000        0x0 /usr/lib/gcc/arm-none-eabi/15.2.0/thumb/v6-m/nofp/libgcc.a(_clzsi2.o)
 .data          0x20000000        0x0 /usr/lib/gcc/arm-none-eabi/15.2.0/thumb/v6-m/nofp/libgcc.a(eqsf2.o)
 .data          0x20000000        0x0 /usr/lib/gcc/arm-none-eabi/15.2.0/thumb/v6-m/nofp/libgcc.a(gesf2.o)
 .data          0x20000000        0x0 /usr/lib/gcc/arm-none-eabi/15.2.0/thumb/v6-m/nofp/libgcc.a(lesf2.o)
 .data          0x20000000        0x0 ../libopencm3/lib/libopencm3_stm32l0.a(gpio_common_all.o)
 .data          0x20000000        0x0 ../libopencm3/lib/libopencm3_stm32l0.a(gpio_common_f0234.o)
 .data          0x20000000        0x0 ../libopencm3/lib/libopencm3_stm32l0.a(rcc.o)
 .data.rcc_apb2_frequency
                0x20000000        0x4 ../libopencm3/lib/libopencm3_stm32l0.a(rcc.o)
                0x20000000                rcc_apb2_frequency
 .data.rcc_apb1_frequency
                0x20000004        0x4 ../libopencm3/lib/libopencm3_stm32l0.a(rcc.o)
                0x20000004                rcc_apb1_frequency
 .data.rcc_ahb_frequency
                0x20000008        0x4 ../libopencm3/lib/libopencm3_stm32l0.a(rcc.o)
                0x20000008                rcc_ahb_frequency
 .data          0x2000000c        0x0 ../libopencm3/lib/libopencm3_stm32l0.a(rcc_common_all.o)
 .data          0x2000000c        0x0 ../libopencm3/lib/libopencm3_stm32l0.a(timer_common_all.o)
 .data          0x2000000c        0x0 ../libopencm3/lib/libopencm3_stm32l0.a(vector.o)
 .data          0x2000000c        0x0 ../libopencm3/lib/libopencm3_stm32l0.a(systick.o)
 .data          0x2000000c        0x0 ../libopencm3/lib/libopencm3_stm32l0.a(assert.o)
 .data          0x2000000c        0x0 ../libopencm3/lib/libopencm3_stm32l0.a(flash_common_all.o)
 .data          0x2000000c        0x0 ../libopencm3/lib/libopencm3_stm32l0.a(pwr_common_v2.o)
 .data          0x2000000c        0x0 /usr/lib/gcc/arm-none-eabi/15.2.0/thumb/v6-m/nofp/libgcc.a(_thumb1_case_uqi.o)
 .data          0x2000000c        0x0 /usr/lib/gcc/arm-none-eabi/15.2.0/thumb/v6-m/nofp/libgcc.a(_udivsi3.o)
 .data          0x2000000c        0x0 /usr/lib/gcc/arm-none-eabi/15.2.0/thumb/v6-m/nofp/libgcc.a(_dvmd_tls.o)
 *(.ramtext*)
                0x2000000c                        . = ALIGN (0x4)
                0x2000000c                        _edata = .
                0x08002278                        _data_loadaddr = LOADADDR (.data)

.igot.plt       0x2000000c        0x0 load address 0x08002284
 .igot.plt      0x2000000c        0x0 main.o

.bss            0x20000010        0x8 load address 0x08002284
 *(.bss*)
 .bss           0x20000010        0x0 main.o
 .bss           0x20000010        0x8 core/system.o
                0x20000010                ticks
 .bss           0x20000018        0x0 core/timer.o
 .bss           0x20000018        0x0 /usr/lib/gcc/arm-none-eabi/15.2.0/thumb/v6-m/nofp/libgcc.a(_fixunssfsi.o)
 .bss           0x20000018        0x0 /usr/lib/gcc/arm-none-eabi/15.2.0/thumb/v6-m/nofp/libgcc.a(divsf3.o)
 .bss           0x20000018        0x0 /usr/lib/gcc/arm-none-eabi/15.2.0/thumb/v6-m/nofp/libgcc.a(mulsf3.o)
 .bss           0x20000018        0x0 /usr/lib/gcc/arm-none-eabi/15.2.0/thumb/v6-m/nofp/libgcc.a(subsf3.o)
 .bss           0x20000018        0x0 /usr/lib/gcc/arm-none-eabi/15.2.0/thumb/v6-m/nofp/libgcc.a(fixsfsi.o)
 .bss           0x20000018        0x0 /usr/lib/gcc/arm-none-eabi/15.2.0/thumb/v6-m/nofp/libgcc.a(_arm_cmpsf2.o)
 .bss           0x20000018        0x0 /usr/lib/gcc/arm-none-eabi/15.2.0/thumb/v6-m/nofp/libgcc.a(_clzsi2.o)
 .bss           0x20000018        0x0 /usr/lib/gcc/arm-none-eabi/15.2.0/thumb/v6-m/nofp/libgcc.a(eqsf2.o)
 .bss           0x20000018        0x0 /usr/lib/gcc/arm-none-eabi/15.2.0/thumb/v6-m/nofp/libgcc.a(gesf2.o)
 .bss           0x20000018        0x0 /usr/lib/gcc/arm-none-eabi/15.2.0/thumb/v6-m/nofp/libgcc.a(lesf2.o)
 .bss           0x20000018        0x0 ../libopencm3/lib/libopencm3_stm32l0.a(gpio_common_all.o)
 .bss           0x20000018        0x0 ../libopencm3/lib/libopencm3_stm32l0.a(gpio_common_f0234.o)
 .bss           0x20000018        0x0 ../libopencm3/lib/libopencm3_stm32l0.a(rcc.o)
 .bss           0x20000018        0x0 ../libopencm3/lib/libopencm3_stm32l0.a(rcc_common_all.o)
 .bss           0x20000018        0x0 ../libopencm3/lib/libopencm3_stm32l0.a(timer_common_all.o)
 .bss           0x20000018        0x0 ../libopencm3/lib/libopencm3_stm32l0.a(vector.o)
 .bss           0x20000018        0x0 ../libopencm3/lib/libopencm3_stm32l0.a(systick.o)
 .bss           0x20000018        0x0 ../libopencm3/lib/libopencm3_stm32l0.a(assert.o)
 .bss           0x20000018        0x0 ../libopencm3/lib/libopencm3_stm32l0.a(flash_common_all.o)
 .bss           0x20000018        0x0 ../libopencm3/lib/libopencm3_stm32l0.a(pwr_common_v2.o)
 .bss           0x20000018        0x0 /usr/lib/gcc/arm-none-eabi/15.2.0/thumb/v6-m/nofp/libgcc.a(_thumb1_case_uqi.o)
 .bss           0x20000018        0x0 /usr/lib/gcc/arm-none-eabi/15.2.0/thumb/v6-m/nofp/libgcc.a(_udivsi3.o)
 .bss           0x20000018        0x0 /usr/lib/gcc/arm-none-eabi/15.2.0/thumb/v6-m/nofp/libgcc.a(_dvmd_tls.o)
 *(COMMON)
                0x20000018                        . = ALIGN (0x4)
                0x20000018                        _ebss = .

/DISCARD/
 *(.eh_frame)
                0x20000018                        . = ALIGN (0x4)
                0x20000018                        end = .
                0x20005000                        PROVIDE (_stack = (ORIGIN (ram) + LENGTH (ram)))
OUTPUT(miniblink.elf elf32-littlearm)
LOAD linker stubs

.debug_info     0x00000000     0x5462
 .debug_info    0x00000000      0x3ec main.o
 .debug_info    0x000003ec      0x304 core/system.o
 .debug_info    0x000006f0      0x55e core/timer.o
 .debug_info    0x00000c4e      0x335 /usr/lib/gcc/arm-none-eabi/15.2.0/thumb/v6-m/nofp/libgcc.a(_fixunssfsi.o)
 .debug_info    0x00000f83      0x340 /usr/lib/gcc/arm-none-eabi/15.2.0/thumb/v6-m/nofp/libgcc.a(divsf3.o)
 .debug_info    0x000012c3      0x3ae /usr/lib/gcc/arm-none-eabi/15.2.0/thumb/v6-m/nofp/libgcc.a(mulsf3.o)
 .debug_info    0x00001671      0x32f /usr/lib/gcc/arm-none-eabi/15.2.0/thumb/v6-m/nofp/libgcc.a(subsf3.o)
 .debug_info    0x000019a0      0x1ad /usr/lib/gcc/arm-none-eabi/15.2.0/thumb/v6-m/nofp/libgcc.a(fixsfsi.o)
 .debug_info    0x00001b4d       0x7e /usr/lib/gcc/arm-none-eabi/15.2.0/thumb/v6-m/nofp/libgcc.a(_arm_cmpsf2.o)
 .debug_info    0x00001bcb       0x31 /usr/lib/gcc/arm-none-eabi/15.2.0/thumb/v6-m/nofp/libgcc.a(_clzsi2.o)
 .debug_info    0x00001bfc      0x208 /usr/lib/gcc/arm-none-eabi/15.2.0/thumb/v6-m/nofp/libgcc.a(eqsf2.o)
 .debug_info    0x00001e04      0x224 /usr/lib/gcc/arm-none-eabi/15.2.0/thumb/v6-m/nofp/libgcc.a(gesf2.o)
 .debug_info    0x00002028      0x224 /usr/lib/gcc/arm-none-eabi/15.2.0/thumb/v6-m/nofp/libgcc.a(lesf2.o)
 .debug_info    0x0000224c      0x256 ../libopencm3/lib/libopencm3_stm32l0.a(gpio_common_all.o)
 .debug_info    0x000024a2      0x232 ../libopencm3/lib/libopencm3_stm32l0.a(gpio_common_f0234.o)
 .debug_info    0x000026d4      0xc63 ../libopencm3/lib/libopencm3_stm32l0.a(rcc.o)
 .debug_info    0x00003337      0x651 ../libopencm3/lib/libopencm3_stm32l0.a(rcc_common_all.o)
 .debug_info    0x00003988     0x1257 ../libopencm3/lib/libopencm3_stm32l0.a(timer_common_all.o)
 .debug_info    0x00004bdf      0x2c3 ../libopencm3/lib/libopencm3_stm32l0.a(vector.o)
 .debug_info    0x00004ea2      0x23b ../libopencm3/lib/libopencm3_stm32l0.a(systick.o)
 .debug_info    0x000050dd      0x101 ../libopencm3/lib/libopencm3_stm32l0.a(assert.o)
 .debug_info    0x000051de       0xf6 ../libopencm3/lib/libopencm3_stm32l0.a(flash_common_all.o)
 .debug_info    0x000052d4       0xe3 ../libopencm3/lib/libopencm3_stm32l0.a(pwr_common_v2.o)
 .debug_info    0x000053b7       0x31 /usr/lib/gcc/arm-none-eabi/15.2.0/thumb/v6-m/nofp/libgcc.a(_thumb1_case_uqi.o)
 .debug_info    0x000053e8       0x3e /usr/lib/gcc/arm-none-eabi/15.2.0/thumb/v6-m/nofp/libgcc.a(_udivsi3.o)
 .debug_info    0x00005426       0x3c /usr/lib/gcc/arm-none-eabi/15.2.0/thumb/v6-m/nofp/libgcc.a(_dvmd_tls.o)

.debug_abbrev   0x00000000     0x1c02
 .debug_abbrev  0x00000000      0x111 main.o
 .debug_abbrev  0x00000111      0x198 core/system.o
 .debug_abbrev  0x000002a9      0x11c core/timer.o
 .debug_abbrev  0x000003c5       0xf3 /usr/lib/gcc/arm-none-eabi/15.2.0/thumb/v6-m/nofp/libgcc.a(_fixunssfsi.o)
 .debug_abbrev  0x000004b8      0x159 /usr/lib/gcc/arm-none-eabi/15.2.0/thumb/v6-m/nofp/libgcc.a(divsf3.o)
 .debug_abbrev  0x00000611      0x16a /usr/lib/gcc/arm-none-eabi/15.2.0/thumb/v6-m/nofp/libgcc.a(mulsf3.o)
 .debug_abbrev  0x0000077b      0x172 /usr/lib/gcc/arm-none-eabi/15.2.0/thumb/v6-m/nofp/libgcc.a(subsf3.o)
 .debug_abbrev  0x000008ed      0x15a /usr/lib/gcc/arm-none-eabi/15.2.0/thumb/v6-m/nofp/libgcc.a(fixsfsi.o)
 .debug_abbrev  0x00000a47       0x28 /usr/lib/gcc/arm-none-eabi/15.2.0/thumb/v6-m/nofp/libgcc.a(_arm_cmpsf2.o)
 .debug_abbrev  0x00000a6f       0x28 /usr/lib/gcc/arm-none-eabi/15.2.0/thumb/v6-m/nofp/libgcc.a(_clzsi2.o)
 .debug_abbrev  0x00000a97      0x147 /usr/lib/gcc/arm-none-eabi/15.2.0/thumb/v6-m/nofp/libgcc.a(eqsf2.o)
 .debug_abbrev  0x00000bde      0x160 /usr/lib/gcc/arm-none-eabi/15.2.0/thumb/v6-m/nofp/libgcc.a(gesf2.o)
 .debug_abbrev  0x00000d3e      0x160 /usr/lib/gcc/arm-none-eabi/15.2.0/thumb/v6-m/nofp/libgcc.a(lesf2.o)
 .debug_abbrev  0x00000e9e      0x115 ../libopencm3/lib/libopencm3_stm32l0.a(gpio_common_all.o)
 .debug_abbrev  0x00000fb3       0xc3 ../libopencm3/lib/libopencm3_stm32l0.a(gpio_common_f0234.o)
 .debug_abbrev  0x00001076      0x362 ../libopencm3/lib/libopencm3_stm32l0.a(rcc.o)
 .debug_abbrev  0x000013d8      0x174 ../libopencm3/lib/libopencm3_stm32l0.a(rcc_common_all.o)
 .debug_abbrev  0x0000154c      0x1c7 ../libopencm3/lib/libopencm3_stm32l0.a(timer_common_all.o)
 .debug_abbrev  0x00001713      0x149 ../libopencm3/lib/libopencm3_stm32l0.a(vector.o)
 .debug_abbrev  0x0000185c      0x168 ../libopencm3/lib/libopencm3_stm32l0.a(systick.o)
 .debug_abbrev  0x000019c4       0x94 ../libopencm3/lib/libopencm3_stm32l0.a(assert.o)
 .debug_abbrev  0x00001a58       0x9d ../libopencm3/lib/libopencm3_stm32l0.a(flash_common_all.o)
 .debug_abbrev  0x00001af5       0x97 ../libopencm3/lib/libopencm3_stm32l0.a(pwr_common_v2.o)
 .debug_abbrev  0x00001b8c       0x28 /usr/lib/gcc/arm-none-eabi/15.2.0/thumb/v6-m/nofp/libgcc.a(_thumb1_case_uqi.o)
 .debug_abbrev  0x00001bb4       0x28 /usr/lib/gcc/arm-none-eabi/15.2.0/thumb/v6-m/nofp/libgcc.a(_udivsi3.o)
 .debug_abbrev  0x00001bdc       0x26 /usr/lib/gcc/arm-none-eabi/15.2.0/thumb/v6-m/nofp/libgcc.a(_dvmd_tls.o)

.debug_aranges  0x00000000      0x7c0
 .debug_aranges
                0x00000000       0x20 main.o
 .debug_aranges
                0x00000020       0x20 core/system.o
 .debug_aranges
                0x00000040       0x20 core/timer.o
 .debug_aranges
                0x00000060       0x20 /usr/lib/gcc/arm-none-eabi/15.2.0/thumb/v6-m/nofp/libgcc.a(_fixunssfsi.o)
 .debug_aranges
                0x00000080       0x20 /usr/lib/gcc/arm-none-eabi/15.2.0/thumb/v6-m/nofp/libgcc.a(divsf3.o)
 .debug_aranges
                0x000000a0       0x20 /usr/lib/gcc/arm-none-eabi/15.2.0/thumb/v6-m/nofp/libgcc.a(mulsf3.o)
 .debug_aranges
                0x000000c0       0x20 /usr/lib/gcc/arm-none-eabi/15.2.0/thumb/v6-m/nofp/libgcc.a(subsf3.o)
 .debug_aranges
                0x000000e0       0x20 /usr/lib/gcc/arm-none-eabi/15.2.0/thumb/v6-m/nofp/libgcc.a(fixsfsi.o)
 .debug_aranges
                0x00000100       0x20 /usr/lib/gcc/arm-none-eabi/15.2.0/thumb/v6-m/nofp/libgcc.a(_arm_cmpsf2.o)
 .debug_aranges
                0x00000120       0x20 /usr/lib/gcc/arm-none-eabi/15.2.0/thumb/v6-m/nofp/libgcc.a(_clzsi2.o)
 .debug_aranges
                0x00000140       0x20 /usr/lib/gcc/arm-none-eabi/15.2.0/thumb/v6-m/nofp/libgcc.a(eqsf2.o)
 .debug_aranges
                0x00000160       0x20 /usr/lib/gcc/arm-none-eabi/15.2.0/thumb/v6-m/nofp/libgcc.a(gesf2.o)
 .debug_aranges
                0x00000180       0x20 /usr/lib/gcc/arm-none-eabi/15.2.0/thumb/v6-m/nofp/libgcc.a(lesf2.o)
 .debug_aranges
                0x000001a0       0x50 ../libopencm3/lib/libopencm3_stm32l0.a(gpio_common_all.o)
 .debug_aranges
                0x000001f0       0x30 ../libopencm3/lib/libopencm3_stm32l0.a(gpio_common_f0234.o)
 .debug_aranges
                0x00000220      0x100 ../libopencm3/lib/libopencm3_stm32l0.a(rcc.o)
 .debug_aranges
                0x00000320       0x80 ../libopencm3/lib/libopencm3_stm32l0.a(rcc_common_all.o)
 .debug_aranges
                0x000003a0      0x298 ../libopencm3/lib/libopencm3_stm32l0.a(timer_common_all.o)
 .debug_aranges
                0x00000638       0x30 ../libopencm3/lib/libopencm3_stm32l0.a(vector.o)
 .debug_aranges
                0x00000668       0x78 ../libopencm3/lib/libopencm3_stm32l0.a(systick.o)
 .debug_aranges
                0x000006e0       0x28 ../libopencm3/lib/libopencm3_stm32l0.a(assert.o)
 .debug_aranges
                0x00000708       0x38 ../libopencm3/lib/libopencm3_stm32l0.a(flash_common_all.o)
 .debug_aranges
                0x00000740       0x20 ../libopencm3/lib/libopencm3_stm32l0.a(pwr_common_v2.o)
 .debug_aranges
                0x00000760       0x20 /usr/lib/gcc/arm-none-eabi/15.2.0/thumb/v6-m/nofp/libgcc.a(_thumb1_case_uqi.o)
 .debug_aranges
                0x00000780       0x20 /usr/lib/gcc/arm-none-eabi/15.2.0/thumb/v6-m/nofp/libgcc.a(_udivsi3.o)
 .debug_aranges
                0x000007a0       0x20 /usr/lib/gcc/arm-none-eabi/15.2.0/thumb/v6-m/nofp/libgcc.a(_dvmd_tls.o)

.debug_rnglists
                0x00000000      0x7ff
 .debug_rnglists
                0x00000000       0x13 main.o
 .debug_rnglists
                0x00000013       0x81 /usr/lib/gcc/arm-none-eabi/15.2.0/thumb/v6-m/nofp/libgcc.a(divsf3.o)
 .debug_rnglists
                0x00000094       0x83 /usr/lib/gcc/arm-none-eabi/15.2.0/thumb/v6-m/nofp/libgcc.a(mulsf3.o)
 .debug_rnglists
                0x00000117      0x206 /usr/lib/gcc/arm-none-eabi/15.2.0/thumb/v6-m/nofp/libgcc.a(subsf3.o)
 .debug_rnglists
                0x0000031d       0x1a /usr/lib/gcc/arm-none-eabi/15.2.0/thumb/v6-m/nofp/libgcc.a(fixsfsi.o)
 .debug_rnglists
                0x00000337       0x23 /usr/lib/gcc/arm-none-eabi/15.2.0/thumb/v6-m/nofp/libgcc.a(eqsf2.o)
 .debug_rnglists
                0x0000035a       0x2d /usr/lib/gcc/arm-none-eabi/15.2.0/thumb/v6-m/nofp/libgcc.a(gesf2.o)
 .debug_rnglists
                0x00000387       0x28 /usr/lib/gcc/arm-none-eabi/15.2.0/thumb/v6-m/nofp/libgcc.a(lesf2.o)
 .debug_rnglists
                0x000003af       0x37 ../libopencm3/lib/libopencm3_stm32l0.a(gpio_common_all.o)
 .debug_rnglists
                0x000003e6       0x1f ../libopencm3/lib/libopencm3_stm32l0.a(gpio_common_f0234.o)
 .debug_rnglists
                0x00000405       0xe0 ../libopencm3/lib/libopencm3_stm32l0.a(rcc.o)
 .debug_rnglists
                0x000004e5       0x5b ../libopencm3/lib/libopencm3_stm32l0.a(rcc_common_all.o)
 .debug_rnglists
                0x00000540      0x1ed ../libopencm3/lib/libopencm3_stm32l0.a(timer_common_all.o)
 .debug_rnglists
                0x0000072d       0x20 ../libopencm3/lib/libopencm3_stm32l0.a(vector.o)
 .debug_rnglists
                0x0000074d       0x61 ../libopencm3/lib/libopencm3_stm32l0.a(systick.o)
 .debug_rnglists
                0x000007ae       0x19 ../libopencm3/lib/libopencm3_stm32l0.a(assert.o)
 .debug_rnglists
                0x000007c7       0x25 ../libopencm3/lib/libopencm3_stm32l0.a(flash_common_all.o)
 .debug_rnglists
                0x000007ec       0x13 ../libopencm3/lib/libopencm3_stm32l0.a(pwr_common_v2.o)

.debug_macro    0x00000000     0x4e87
 .debug_macro   0x00000000      0x139 main.o
 .debug_macro   0x00000139      0xacc main.o
 .debug_macro   0x00000c05       0x1c main.o
 .debug_macro   0x00000c21       0x22 main.o
 .debug_macro   0x00000c43       0x8e main.o
 .debug_macro   0x00000cd1       0x51 main.o
 .debug_macro   0x00000d22      0x103 main.o
 .debug_macro   0x00000e25       0x6a main.o
 .debug_macro   0x00000e8f      0x1df main.o
 .debug_macro   0x0000106e       0x10 main.o
 .debug_macro   0x0000107e       0xe8 main.o
 .debug_macro   0x00001166       0x52 main.o
 .debug_macro   0x000011b8      0x166 main.o
 .debug_macro   0x0000131e       0x76 main.o
 .debug_macro   0x00001394      0x37e main.o
 .debug_macro   0x00001712       0xca main.o
 .debug_macro   0x000017dc       0x46 main.o
 .debug_macro   0x00001822       0x8e main.o
 .debug_macro   0x000018b0       0x58 main.o
 .debug_macro   0x00001908      0x903 main.o
 .debug_macro   0x0000220b       0x16 main.o
 .debug_macro   0x00002221      0x123 core/system.o
 .debug_macro   0x00002344       0x10 core/system.o
 .debug_macro   0x00002354       0x69 core/system.o
 .debug_macro   0x000023bd       0x49 core/system.o
 .debug_macro   0x00002406       0xca core/system.o
 .debug_macro   0x000024d0      0x16c core/system.o
 .debug_macro   0x0000263c      0x10c core/timer.o
 .debug_macro   0x00002748      0xf5b core/timer.o
 .debug_macro   0x000036a3      0x11e core/timer.o
 .debug_macro   0x000037c1       0xd6 ../libopencm3/lib/libopencm3_stm32l0.a(gpio_common_all.o)
 .debug_macro   0x00003897      0xab4 ../libopencm3/lib/libopencm3_stm32l0.a(gpio_common_all.o)
 .debug_macro   0x0000434b       0x56 ../libopencm3/lib/libopencm3_stm32l0.a(gpio_common_all.o)
 .debug_macro   0x000043a1       0x22 ../libopencm3/lib/libopencm3_stm32l0.a(gpio_common_all.o)
 .debug_macro   0x000043c3       0xd6 ../libopencm3/lib/libopencm3_stm32l0.a(gpio_common_f0234.o)
 .debug_macro   0x00004499      0x113 ../libopencm3/lib/libopencm3_stm32l0.a(rcc.o)
 .debug_macro   0x000045ac       0x16 ../libopencm3/lib/libopencm3_stm32l0.a(rcc.o)
 .debug_macro   0x000045c2      0x166 ../libopencm3/lib/libopencm3_stm32l0.a(rcc.o)
 .debug_macro   0x00004728       0x46 ../libopencm3/lib/libopencm3_stm32l0.a(rcc.o)
 .debug_macro   0x0000476e       0xfa ../libopencm3/lib/libopencm3_stm32l0.a(rcc_common_all.o)
 .debug_macro   0x00004868       0xf6 ../libopencm3/lib/libopencm3_stm32l0.a(timer_common_all.o)
 .debug_macro   0x0000495e       0xcf ../libopencm3/lib/libopencm3_stm32l0.a(vector.o)
 .debug_macro   0x00004a2d      0x19f ../libopencm3/lib/libopencm3_stm32l0.a(vector.o)
 .debug_macro   0x00004bcc       0x92 ../libopencm3/lib/libopencm3_stm32l0.a(systick.o)
 .debug_macro   0x00004c5e       0x89 ../libopencm3/lib/libopencm3_stm32l0.a(assert.o)
 .debug_macro   0x00004ce7       0xbc ../libopencm3/lib/libopencm3_stm32l0.a(flash_common_all.o)
 .debug_macro   0x00004da3       0xe4 ../libopencm3/lib/libopencm3_stm32l0.a(pwr_common_v2.o)

.debug_line     0x00000000     0x6607
 .debug_line    0x00000000      0x30a main.o
 .debug_line    0x0000030a      0x365 core/system.o
 .debug_line    0x0000066f      0x300 core/timer.o
 .debug_line    0x0000096f       0xbd /usr/lib/gcc/arm-none-eabi/15.2.0/thumb/v6-m/nofp/libgcc.a(_fixunssfsi.o)
 .debug_line    0x00000a2c      0x503 /usr/lib/gcc/arm-none-eabi/15.2.0/thumb/v6-m/nofp/libgcc.a(divsf3.o)
 .debug_line    0x00000f2f      0x50c /usr/lib/gcc/arm-none-eabi/15.2.0/thumb/v6-m/nofp/libgcc.a(mulsf3.o)
 .debug_line    0x0000143b      0xeb4 /usr/lib/gcc/arm-none-eabi/15.2.0/thumb/v6-m/nofp/libgcc.a(subsf3.o)
 .debug_line    0x000022ef      0x13f /usr/lib/gcc/arm-none-eabi/15.2.0/thumb/v6-m/nofp/libgcc.a(fixsfsi.o)
 .debug_line    0x0000242e       0x5f /usr/lib/gcc/arm-none-eabi/15.2.0/thumb/v6-m/nofp/libgcc.a(_arm_cmpsf2.o)
 .debug_line    0x0000248d       0x5e /usr/lib/gcc/arm-none-eabi/15.2.0/thumb/v6-m/nofp/libgcc.a(_clzsi2.o)
 .debug_line    0x000024eb      0x18a /usr/lib/gcc/arm-none-eabi/15.2.0/thumb/v6-m/nofp/libgcc.a(eqsf2.o)
 .debug_line    0x00002675      0x252 /usr/lib/gcc/arm-none-eabi/15.2.0/thumb/v6-m/nofp/libgcc.a(gesf2.o)
 .debug_line    0x000028c7      0x24d /usr/lib/gcc/arm-none-eabi/15.2.0/thumb/v6-m/nofp/libgcc.a(lesf2.o)
 .debug_line    0x00002b14      0x384 ../libopencm3/lib/libopencm3_stm32l0.a(gpio_common_all.o)
 .debug_line    0x00002e98      0x472 ../libopencm3/lib/libopencm3_stm32l0.a(gpio_common_f0234.o)
 .debug_line    0x0000330a      0xb25 ../libopencm3/lib/libopencm3_stm32l0.a(rcc.o)
 .debug_line    0x00003e2f      0x459 ../libopencm3/lib/libopencm3_stm32l0.a(rcc_common_all.o)
 .debug_line    0x00004288     0x14b3 ../libopencm3/lib/libopencm3_stm32l0.a(timer_common_all.o)
 .debug_line    0x0000573b      0x347 ../libopencm3/lib/libopencm3_stm32l0.a(vector.o)
 .debug_line    0x00005a82      0x367 ../libopencm3/lib/libopencm3_stm32l0.a(systick.o)
 .debug_line    0x00005de9      0x199 ../libopencm3/lib/libopencm3_stm32l0.a(assert.o)
 .debug_line    0x00005f82      0x2e2 ../libopencm3/lib/libopencm3_stm32l0.a(flash_common_all.o)
 .debug_line    0x00006264      0x2b1 ../libopencm3/lib/libopencm3_stm32l0.a(pwr_common_v2.o)
 .debug_line    0x00006515       0x52 /usr/lib/gcc/arm-none-eabi/15.2.0/thumb/v6-m/nofp/libgcc.a(_thumb1_case_uqi.o)
 .debug_line    0x00006567       0x56 /usr/lib/gcc/arm-none-eabi/15.2.0/thumb/v6-m/nofp/libgcc.a(_udivsi3.o)
 .debug_line    0x000065bd       0x4a /usr/lib/gcc/arm-none-eabi/15.2.0/thumb/v6-m/nofp/libgcc.a(_dvmd_tls.o)

.debug_str      0x00000000    0x11611
 .debug_str     0x00000000    0x11611 main.o
                               0x8e1e (size before relaxing)
 .debug_str     0x00011611        0x0 core/system.o
                               0x7e97 (size before relaxing)
 .debug_str     0x00011611        0x0 core/timer.o
                               0xc30c (size before relaxing)
 .debug_str     0x00011611        0x0 /usr/lib/gcc/arm-none-eabi/15.2.0/thumb/v6-m/nofp/libgcc.a(_fixunssfsi.o)
                                0x67f (size before relaxing)
 .debug_str     0x00011611        0x0 /usr/lib/gcc/arm-none-eabi/15.2.0/thumb/v6-m/nofp/libgcc.a(divsf3.o)
                                0x301 (size before relaxing)
 .debug_str     0x00011611        0x0 /usr/lib/gcc/arm-none-eabi/15.2.0/thumb/v6-m/nofp/libgcc.a(mulsf3.o)
                                0x301 (size before relaxing)
 .debug_str     0x00011611        0x0 /usr/lib/gcc/arm-none-eabi/15.2.0/thumb/v6-m/nofp/libgcc.a(subsf3.o)
                                0x2dc (size before relaxing)
 .debug_str     0x00011611        0x0 /usr/lib/gcc/arm-none-eabi/15.2.0/thumb/v6-m/nofp/libgcc.a(fixsfsi.o)
                                0x214 (size before relaxing)
 .debug_str     0x00011611        0x0 /usr/lib/gcc/arm-none-eabi/15.2.0/thumb/v6-m/nofp/libgcc.a(_arm_cmpsf2.o)
                                0x14e (size before relaxing)
 .debug_str     0x00011611        0x0 /usr/lib/gcc/arm-none-eabi/15.2.0/thumb/v6-m/nofp/libgcc.a(_clzsi2.o)
                                 0xdb (size before relaxing)
 .debug_str     0x00011611        0x0 /usr/lib/gcc/arm-none-eabi/15.2.0/thumb/v6-m/nofp/libgcc.a(eqsf2.o)
                                0x20a (size before relaxing)
 .debug_str     0x00011611        0x0 /usr/lib/gcc/arm-none-eabi/15.2.0/thumb/v6-m/nofp/libgcc.a(gesf2.o)
                                0x22e (size before relaxing)
 .debug_str     0x00011611        0x0 /usr/lib/gcc/arm-none-eabi/15.2.0/thumb/v6-m/nofp/libgcc.a(lesf2.o)
                                0x22e (size before relaxing)
 .debug_str     0x00011611        0x0 ../libopencm3/lib/libopencm3_stm32l0.a(gpio_common_all.o)
                               0x6071 (size before relaxing)
 .debug_str     0x00011611        0x0 ../libopencm3/lib/libopencm3_stm32l0.a(gpio_common_f0234.o)
                               0x6093 (size before relaxing)
 .debug_str     0x00011611        0x0 ../libopencm3/lib/libopencm3_stm32l0.a(rcc.o)
                               0x8719 (size before relaxing)
 .debug_str     0x00011611        0x0 ../libopencm3/lib/libopencm3_stm32l0.a(rcc_common_all.o)
                               0x7ba0 (size before relaxing)
 .debug_str     0x00011611        0x0 ../libopencm3/lib/libopencm3_stm32l0.a(timer_common_all.o)
                               0xc960 (size before relaxing)
 .debug_str     0x00011611        0x0 ../libopencm3/lib/libopencm3_stm32l0.a(vector.o)
                               0x545b (size before relaxing)
 .debug_str     0x00011611        0x0 ../libopencm3/lib/libopencm3_stm32l0.a(systick.o)
                               0x455e (size before relaxing)
 .debug_str     0x00011611        0x0 ../libopencm3/lib/libopencm3_stm32l0.a(assert.o)
                               0x417b (size before relaxing)
 .debug_str     0x00011611        0x0 ../libopencm3/lib/libopencm3_stm32l0.a(flash_common_all.o)
                               0x54a1 (size before relaxing)
 .debug_str     0x00011611        0x0 ../libopencm3/lib/libopencm3_stm32l0.a(pwr_common_v2.o)
                               0x7571 (size before relaxing)
 .debug_str     0x00011611        0x0 /usr/lib/gcc/arm-none-eabi/15.2.0/thumb/v6-m/nofp/libgcc.a(_thumb1_case_uqi.o)
                                 0xe8 (size before relaxing)
 .debug_str     0x00011611        0x0 /usr/lib/gcc/arm-none-eabi/15.2.0/thumb/v6-m/nofp/libgcc.a(_udivsi3.o)
                                 0xed (size before relaxing)
 .debug_str     0x00011611        0x0 /usr/lib/gcc/arm-none-eabi/15.2.0/thumb/v6-m/nofp/libgcc.a(_dvmd_tls.o)
                                 0xee (size before relaxing)

.comment        0x00000000       0x23
 .comment       0x00000000       0x23 main.o
                                 0x24 (size before relaxing)
 .comment       0x00000023        0x0 core/system.o
                                 0x24 (size before relaxing)
 .comment       0x00000023        0x0 core/timer.o
                                 0x24 (size before relaxing)
 .comment       0x00000023        0x0 /usr/lib/gcc/arm-none-eabi/15.2.0/thumb/v6-m/nofp/libgcc.a(_fixunssfsi.o)
                                 0x24 (size before relaxing)
 .comment       0x00000023        0x0 /usr/lib/gcc/arm-none-eabi/15.2.0/thumb/v6-m/nofp/libgcc.a(divsf3.o)
                                 0x24 (size before relaxing)
 .comment       0x00000023        0x0 /usr/lib/gcc/arm-none-eabi/15.2.0/thumb/v6-m/nofp/libgcc.a(mulsf3.o)
                                 0x24 (size before relaxing)
 .comment       0x00000023        0x0 /usr/lib/gcc/arm-none-eabi/15.2.0/thumb/v6-m/nofp/libgcc.a(subsf3.o)
                                 0x24 (size before relaxing)
 .comment       0x00000023        0x0 /usr/lib/gcc/arm-none-eabi/15.2.0/thumb/v6-m/nofp/libgcc.a(fixsfsi.o)
                                 0x24 (size before relaxing)
 .comment       0x00000023        0x0 /usr/lib/gcc/arm-none-eabi/15.2.0/thumb/v6-m/nofp/libgcc.a(eqsf2.o)
                                 0x24 (size before relaxing)
 .comment       0x00000023        0x0 /usr/lib/gcc/arm-none-eabi/15.2.0/thumb/v6-m/nofp/libgcc.a(gesf2.o)
                                 0x24 (size before relaxing)
 .comment       0x00000023        0x0 /usr/lib/gcc/arm-none-eabi/15.2.0/thumb/v6-m/nofp/libgcc.a(lesf2.o)
                                 0x24 (size before relaxing)
 .comment       0x00000023        0x0 ../libopencm3/lib/libopencm3_stm32l0.a(gpio_common_all.o)
                                 0x24 (size before relaxing)
 .comment       0x00000023        0x0 ../libopencm3/lib/libopencm3_stm32l0.a(gpio_common_f0234.o)
                                 0x24 (size before relaxing)
 .comment       0x00000023        0x0 ../libopencm3/lib/libopencm3_stm32l0.a(rcc.o)
                                 0x24 (size before relaxing)
 .comment       0x00000023        0x0 ../libopencm3/lib/libopencm3_stm32l0.a(rcc_common_all.o)
                                 0x24 (size before relaxing)
 .comment       0x00000023        0x0 ../libopencm3/lib/libopencm3_stm32l0.a(timer_common_all.o)
                                 0x24 (size before relaxing)
 .comment       0x00000023        0x0 ../libopencm3/lib/libopencm3_stm32l0.a(vector.o)
                                 0x24 (size before relaxing)
 .comment       0x00000023        0x0 ../libopencm3/lib/libopencm3_stm32l0.a(systick.o)
                                 0x24 (size before relaxing)
 .comment       0x00000023        0x0 ../libopencm3/lib/libopencm3_stm32l0.a(assert.o)
                                 0x24 (size before relaxing)
 .comment       0x00000023        0x0 ../libopencm3/lib/libopencm3_stm32l0.a(flash_common_all.o)
                                 0x24 (size before relaxing)
 .comment       0x00000023        0x0 ../libopencm3/lib/libopencm3_stm32l0.a(pwr_common_v2.o)
                                 0x24 (size before relaxing)

.ARM.attributes
                0x00000000       0x2c
 .ARM.attributes
                0x00000000       0x2c main.o
 .ARM.attributes
                0x0000002c       0x2c core/system.o
 .ARM.attributes
                0x00000058       0x2c core/timer.o
 .ARM.attributes
                0x00000084       0x2c /usr/lib/gcc/arm-none-eabi/15.2.0/thumb/v6-m/nofp/libgcc.a(_fixunssfsi.o)
 .ARM.attributes
                0x000000b0       0x2c /usr/lib/gcc/arm-none-eabi/15.2.0/thumb/v6-m/nofp/libgcc.a(divsf3.o)
 .ARM.attributes
                0x000000dc       0x2c /usr/lib/gcc/arm-none-eabi/15.2.0/thumb/v6-m/nofp/libgcc.a(mulsf3.o)
 .ARM.attributes
                0x00000108       0x2c /usr/lib/gcc/arm-none-eabi/15.2.0/thumb/v6-m/nofp/libgcc.a(subsf3.o)
 .ARM.attributes
                0x00000134       0x2c /usr/lib/gcc/arm-none-eabi/15.2.0/thumb/v6-m/nofp/libgcc.a(fixsfsi.o)
 .ARM.attributes
                0x00000160       0x1e /usr/lib/gcc/arm-none-eabi/15.2.0/thumb/v6-m/nofp/libgcc.a(_arm_cmpsf2.o)
 .ARM.attributes
                0x0000017e       0x1e /usr/lib/gcc/arm-none-eabi/15.2.0/thumb/v6-m/nofp/libgcc.a(_clzsi2.o)
 .ARM.attributes
                0x0000019c       0x2c /usr/lib/gcc/arm-none-eabi/15.2.0/thumb/v6-m/nofp/libgcc.a(eqsf2.o)
 .ARM.attributes
                0x000001c8       0x2c /usr/lib/gcc/arm-none-eabi/15.2.0/thumb/v6-m/nofp/libgcc.a(gesf2.o)
 .ARM.attributes
                0x000001f4       0x2c /usr/lib/gcc/arm-none-eabi/15.2.0/thumb/v6-m/nofp/libgcc.a(lesf2.o)
 .ARM.attributes
                0x00000220       0x2c ../libopencm3/lib/libopencm3_stm32l0.a(gpio_common_all.o)
 .ARM.attributes
                0x0000024c       0x2c ../libopencm3/lib/libopencm3_stm32l0.a(gpio_common_f0234.o)
 .ARM.attributes
                0x00000278       0x2c ../libopencm3/lib/libopencm3_stm32l0.a(rcc.o)
 .ARM.attributes
                0x000002a4       0x2c ../libopencm3/lib/libopencm3_stm32l0.a(rcc_common_all.o)
 .ARM.attributes
                0x000002d0       0x2c ../libopencm3/lib/libopencm3_stm32l0.a(timer_common_all.o)
 .ARM.attributes
                0x000002fc       0x2c ../libopencm3/lib/libopencm3_stm32l0.a(vector.o)
 .ARM.attributes
                0x00000328       0x2c ../libopencm3/lib/libopencm3_stm32l0.a(systick.o)
 .ARM.attributes
                0x00000354       0x2c ../libopencm3/lib/libopencm3_stm32l0.a(assert.o)
 .ARM.attributes
                0x00000380       0x2c ../libopencm3/lib/libopencm3_stm32l0.a(flash_common_all.o)
 .ARM.attributes
                0x000003ac       0x2c ../libopencm3/lib/libopencm3_stm32l0.a(pwr_common_v2.o)
 .ARM.attributes
                0x000003d8       0x1e /usr/lib/gcc/arm-none-eabi/15.2.0/thumb/v6-m/nofp/libgcc.a(_thumb1_case_uqi.o)
 .ARM.attributes
                0x000003f6       0x1e /usr/lib/gcc/arm-none-eabi/15.2.0/thumb/v6-m/nofp/libgcc.a(_udivsi3.o)
 .ARM.attributes
                0x00000414       0x1e /usr/lib/gcc/arm-none-eabi/15.2.0/thumb/v6-m/nofp/libgcc.a(_dvmd_tls.o)

.debug_frame    0x00000000      0xe4c
 .debug_frame   0x00000000       0x28 main.o
 .debug_frame   0x00000028       0x84 core/system.o
 .debug_frame   0x000000ac       0x40 core/timer.o
 .debug_frame   0x000000ec       0x28 /usr/lib/gcc/arm-none-eabi/15.2.0/thumb/v6-m/nofp/libgcc.a(_fixunssfsi.o)
 .debug_frame   0x00000114       0x38 /usr/lib/gcc/arm-none-eabi/15.2.0/thumb/v6-m/nofp/libgcc.a(divsf3.o)
 .debug_frame   0x0000014c       0x38 /usr/lib/gcc/arm-none-eabi/15.2.0/thumb/v6-m/nofp/libgcc.a(mulsf3.o)
 .debug_frame   0x00000184       0x34 /usr/lib/gcc/arm-none-eabi/15.2.0/thumb/v6-m/nofp/libgcc.a(subsf3.o)
 .debug_frame   0x000001b8       0x20 /usr/lib/gcc/arm-none-eabi/15.2.0/thumb/v6-m/nofp/libgcc.a(fixsfsi.o)
 .debug_frame   0x000001d8       0x2c /usr/lib/gcc/arm-none-eabi/15.2.0/thumb/v6-m/nofp/libgcc.a(eqsf2.o)
 .debug_frame   0x00000204       0x28 /usr/lib/gcc/arm-none-eabi/15.2.0/thumb/v6-m/nofp/libgcc.a(gesf2.o)
 .debug_frame   0x0000022c       0x28 /usr/lib/gcc/arm-none-eabi/15.2.0/thumb/v6-m/nofp/libgcc.a(lesf2.o)
 .debug_frame   0x00000254       0x80 ../libopencm3/lib/libopencm3_stm32l0.a(gpio_common_all.o)
 .debug_frame   0x000002d4       0x7c ../libopencm3/lib/libopencm3_stm32l0.a(gpio_common_f0234.o)
 .debug_frame   0x00000350      0x254 ../libopencm3/lib/libopencm3_stm32l0.a(rcc.o)
 .debug_frame   0x000005a4       0xf0 ../libopencm3/lib/libopencm3_stm32l0.a(rcc_common_all.o)
 .debug_frame   0x00000694      0x5d0 ../libopencm3/lib/libopencm3_stm32l0.a(timer_common_all.o)
 .debug_frame   0x00000c64       0x48 ../libopencm3/lib/libopencm3_stm32l0.a(vector.o)
 .debug_frame   0x00000cac       0xd8 ../libopencm3/lib/libopencm3_stm32l0.a(systick.o)
 .debug_frame   0x00000d84       0x38 ../libopencm3/lib/libopencm3_stm32l0.a(assert.o)
 .debug_frame   0x00000dbc       0x50 ../libopencm3/lib/libopencm3_stm32l0.a(flash_common_all.o)
 .debug_frame   0x00000e0c       0x20 ../libopencm3/lib/libopencm3_stm32l0.a(pwr_common_v2.o)
 .debug_frame   0x00000e2c       0x20 /usr/lib/gcc/arm-none-eabi/15.2.0/thumb/v6-m/nofp/libgcc.a(_udivsi3.o)

.debug_loclists
                0x00000000     0x351e
 .debug_loclists
                0x00000000       0x57 core/timer.o
 .debug_loclists
                0x00000057       0x2e /usr/lib/gcc/arm-none-eabi/15.2.0/thumb/v6-m/nofp/libgcc.a(_fixunssfsi.o)
 .debug_loclists
                0x00000085      0x601 /usr/lib/gcc/arm-none-eabi/15.2.0/thumb/v6-m/nofp/libgcc.a(divsf3.o)
 .debug_loclists
                0x00000686      0x672 /usr/lib/gcc/arm-none-eabi/15.2.0/thumb/v6-m/nofp/libgcc.a(mulsf3.o)
 .debug_loclists
                0x00000cf8      0xdb7 /usr/lib/gcc/arm-none-eabi/15.2.0/thumb/v6-m/nofp/libgcc.a(subsf3.o)
 .debug_loclists
                0x00001aaf       0x81 /usr/lib/gcc/arm-none-eabi/15.2.0/thumb/v6-m/nofp/libgcc.a(fixsfsi.o)
 .debug_loclists
                0x00001b30       0x9a /usr/lib/gcc/arm-none-eabi/15.2.0/thumb/v6-m/nofp/libgcc.a(eqsf2.o)
 .debug_loclists
                0x00001bca      0x147 /usr/lib/gcc/arm-none-eabi/15.2.0/thumb/v6-m/nofp/libgcc.a(gesf2.o)
 .debug_loclists
                0x00001d11      0x175 /usr/lib/gcc/arm-none-eabi/15.2.0/thumb/v6-m/nofp/libgcc.a(lesf2.o)
 .debug_loclists
                0x00001e86       0x96 ../libopencm3/lib/libopencm3_stm32l0.a(gpio_common_all.o)
 .debug_loclists
                0x00001f1c      0x162 ../libopencm3/lib/libopencm3_stm32l0.a(gpio_common_f0234.o)
 .debug_loclists
                0x0000207e      0x56e ../libopencm3/lib/libopencm3_stm32l0.a(rcc.o)
 .debug_loclists
                0x000025ec       0xb4 ../libopencm3/lib/libopencm3_stm32l0.a(rcc_common_all.o)
 .debug_loclists
                0x000026a0      0xc7f ../libopencm3/lib/libopencm3_stm32l0.a(timer_common_all.o)
 .debug_loclists
                0x0000331f       0xa1 ../libopencm3/lib/libopencm3_stm32l0.a(vector.o)
 .debug_loclists
                0x000033c0       0x8e ../libopencm3/lib/libopencm3_stm32l0.a(systick.o)
 .debug_loclists
                0x0000344e       0x80 ../libopencm3/lib/libopencm3_stm32l0.a(assert.o)
 .debug_loclists
                0x000034ce       0x1c ../libopencm3/lib/libopencm3_stm32l0.a(flash_common_all.o)
 .debug_loclists
                0x000034ea       0x34 ../libopencm3/lib/libopencm3_stm32l0.a(pwr_common_v2.o)

.debug_line_str
                0x00000000       0xd2
 .debug_line_str
                0x00000000       0xd2 /usr/lib/gcc/arm-none-eabi/15.2.0/thumb/v6-m/nofp/libgcc.a(_arm_cmpsf2.o)
                                 0xc6 (size before relaxing)
 .debug_line_str
                0x000000d2        0x0 /usr/lib/gcc/arm-none-eabi/15.2.0/thumb/v6-m/nofp/libgcc.a(_clzsi2.o)
                                 0xc6 (size before relaxing)
 .debug_line_str
                0x000000d2        0x0 /usr/lib/gcc/arm-none-eabi/15.2.0/thumb/v6-m/nofp/libgcc.a(_thumb1_case_uqi.o)
                                 0xc6 (size before relaxing)
 .debug_line_str
                0x000000d2        0x0 /usr/lib/gcc/arm-none-eabi/15.2.0/thumb/v6-m/nofp/libgcc.a(_udivsi3.o)
                                 0xc6 (size before relaxing)
 .debug_line_str
                0x000000d2        0x0 /usr/lib/gcc/arm-none-eabi/15.2.0/thumb/v6-m/nofp/libgcc.a(_dvmd_tls.o)
                                 0xc6 (size before relaxing)
