Archive member included to satisfy reference by file (symbol)

../libopencm3/lib/libopencm3_stm32l0.a(vector.o)
                              (reset_handler)

Discarded input sections

 .group         0x00000000        0xc bootloader.o
 .group         0x00000000        0xc bootloader.o
 .group         0x00000000        0xc bootloader.o
 .group         0x00000000        0xc bootloader.o
 .group         0x00000000        0xc bootloader.o
 .group         0x00000000        0xc bootloader.o
 .group         0x00000000        0xc bootloader.o
 .group         0x00000000        0xc bootloader.o
 .group         0x00000000        0xc bootloader.o
 .group         0x00000000        0xc bootloader.o
 .group         0x00000000        0xc ../libopencm3/lib/libopencm3_stm32l0.a(vector.o)
 .group         0x00000000        0xc ../libopencm3/lib/libopencm3_stm32l0.a(vector.o)
 .group         0x00000000        0xc ../libopencm3/lib/libopencm3_stm32l0.a(vector.o)
 .group         0x00000000        0xc ../libopencm3/lib/libopencm3_stm32l0.a(vector.o)
 .group         0x00000000        0xc ../libopencm3/lib/libopencm3_stm32l0.a(vector.o)
 .group         0x00000000        0xc ../libopencm3/lib/libopencm3_stm32l0.a(vector.o)
 .group         0x00000000        0xc ../libopencm3/lib/libopencm3_stm32l0.a(vector.o)
 .group         0x00000000        0xc ../libopencm3/lib/libopencm3_stm32l0.a(vector.o)
 .group         0x00000000        0xc ../libopencm3/lib/libopencm3_stm32l0.a(vector.o)
 .group         0x00000000        0xc ../libopencm3/lib/libopencm3_stm32l0.a(vector.o)
 .group         0x00000000        0xc ../libopencm3/lib/libopencm3_stm32l0.a(vector.o)
 .group         0x00000000        0xc ../libopencm3/lib/libopencm3_stm32l0.a(vector.o)
 .group         0x00000000        0xc ../libopencm3/lib/libopencm3_stm32l0.a(vector.o)
 .group         0x00000000        0xc ../libopencm3/lib/libopencm3_stm32l0.a(vector.o)
 .debug_macro   0x00000000       0x52 ../libopencm3/lib/libopencm3_stm32l0.a(vector.o)
 .debug_macro   0x00000000       0x22 ../libopencm3/lib/libopencm3_stm32l0.a(vector.o)
 .debug_macro   0x00000000       0x51 ../libopencm3/lib/libopencm3_stm32l0.a(vector.o)
 .debug_macro   0x00000000      0x103 ../libopencm3/lib/libopencm3_stm32l0.a(vector.o)
 .debug_macro   0x00000000       0x6a ../libopencm3/lib/libopencm3_stm32l0.a(vector.o)
 .debug_macro   0x00000000      0x1df ../libopencm3/lib/libopencm3_stm32l0.a(vector.o)

Memory Configuration

Name             Origin             Length             Attributes
ram              0x20000000         0x00001400         xrw
rom              0x08000000         0x00030000         xr
*default*        0x00000000         0xffffffff

Linker script and memory map

LOAD bootloader.o
START GROUP
LOAD /usr/lib/gcc/arm-none-eabi/15.2.0/../../../../arm-none-eabi/lib/thumb/v6-m/nofp/libc.a
LOAD /usr/lib/gcc/arm-none-eabi/15.2.0/thumb/v6-m/nofp/libgcc.a
LOAD /usr/lib/gcc/arm-none-eabi/15.2.0/../../../../arm-none-eabi/lib/thumb/v6-m/nofp/libnosys.a
END GROUP
LOAD ../libopencm3/lib/libopencm3_stm32l0.a
START GROUP
LOAD /usr/lib/gcc/arm-none-eabi/15.2.0/thumb/v6-m/nofp/libgcc.a
LOAD /usr/lib/gcc/arm-none-eabi/15.2.0/../../../../arm-none-eabi/lib/thumb/v6-m/nofp/libc.a
END GROUP

.text           0x08000000      0x168
 *(.vectors)
 .vectors       0x08000000       0xc0 ../libopencm3/lib/libopencm3_stm32l0.a(vector.o)
                0x08000000                vector_table
 *(.text*)
 .text          0x080000c0       0x10 bootloader.o
                0x080000c0                jump_to_main
 .text.startup  0x080000d0        0xa bootloader.o
                0x080000d0                main
 .text          0x080000da        0x0 ../libopencm3/lib/libopencm3_stm32l0.a(vector.o)
 .text.blocking_handler
                0x080000da        0x2 ../libopencm3/lib/libopencm3_stm32l0.a(vector.o)
                0x080000da                rtc_isr
                0x080000da                tim7_isr
                0x080000da                blocking_handler
                0x080000da                tsc_isr
                0x080000da                spi1_isr
                0x080000da                i2c1_isr
                0x080000da                i2c2_isr
                0x080000da                tim21_isr
                0x080000da                usart1_isr
                0x080000da                i2c3_isr
                0x080000da                reserved4_isr
                0x080000da                exti2_3_isr
                0x080000da                lptim1_isr
                0x080000da                pvd_isr
                0x080000da                rcc_isr
                0x080000da                flash_isr
                0x080000da                hard_fault_handler
                0x080000da                spi2_isr
                0x080000da                lpuart1_aes_rng_isr
                0x080000da                usb_isr
                0x080000da                tim3_isr
                0x080000da                usart2_isr
                0x080000da                adc_comp_isr
                0x080000da                dma1_channel1_isr
                0x080000da                tim6_dac_isr
                0x080000da                lcd_isr
                0x080000da                dma1_channel2_3_isr
                0x080000da                tim22_isr
                0x080000da                exti4_15_isr
                0x080000da                usart4_5_isr
                0x080000da                wwdg_isr
                0x080000da                tim2_isr
                0x080000da                dma1_channel4_5_isr
                0x080000da                exti0_1_isr
 .text.null_handler
                0x080000dc        0x2 ../libopencm3/lib/libopencm3_stm32l0.a(vector.o)
                0x080000dc                null_handler
                0x080000dc                sv_call_handler
                0x080000dc                pend_sv_handler
                0x080000dc                sys_tick_handler
                0x080000dc                nmi_handler
 *fill*         0x080000de        0x2 
 .text.reset_handler
                0x080000e0       0x88 ../libopencm3/lib/libopencm3_stm32l0.a(vector.o)
                0x080000e0                reset_handler
                0x08000168                        . = ALIGN (0x4)
 *(.rodata*)
                0x08000168                        . = ALIGN (0x4)

.glue_7         0x08000168        0x0
 .glue_7        0x08000168        0x0 linker stubs

.glue_7t        0x08000168        0x0
 .glue_7t       0x08000168        0x0 linker stubs

.vfp11_veneer   0x08000168        0x0
 .vfp11_veneer  0x08000168        0x0 linker stubs

.v4_bx          0x08000168        0x0
 .v4_bx         0x08000168        0x0 linker stubs

.iplt           0x08000168        0x0
 .iplt          0x08000168        0x0 bootloader.o

.rel.dyn        0x08000168        0x0
 .rel.iplt      0x08000168        0x0 bootloader.o

.preinit_array  0x08000168        0x0
                0x08000168                        . = ALIGN (0x4)
                0x08000168                        __preinit_array_start = .
 *(.preinit_array)
                0x08000168                        __preinit_array_end = .

.init_array     0x08000168        0x0
                0x08000168                        . = ALIGN (0x4)
                0x08000168                        __init_array_start = .
 *(SORT_BY_NAME(.init_array.*))
 *(.init_array)
                0x08000168                        __init_array_end = .

.fini_array     0x08000168        0x0
                0x08000168                        . = ALIGN (0x4)
                0x08000168                        __fini_array_start = .
 *(.fini_array)
 *(SORT_BY_NAME(.fini_array.*))
                0x08000168                        __fini_array_end = .

.ARM.extab
 *(.ARM.extab*)

.ARM.exidx      0x08000168        0x0
                0x08000168                        __exidx_start = .
 *(.ARM.exidx*)
                0x08000168                        __exidx_end = .
                0x08000168                        . = ALIGN (0x4)
                0x08000168                        _etext = .

.noinit
 *(.noinit*)
                0x08000168                        . = ALIGN (0x4)

.data           0x20000000        0x0 load address 0x08000168
                0x20000000                        _data = .
 *(.data*)
 .data          0x20000000        0x0 bootloader.o
 .data          0x20000000        0x0 ../libopencm3/lib/libopencm3_stm32l0.a(vector.o)
 *(.ramtext*)
                0x20000000                        . = ALIGN (0x4)
                0x20000000                        _edata = .
                0x08000168                        _data_loadaddr = LOADADDR (.data)

.igot.plt       0x20000000        0x0 load address 0x08000168
 .igot.plt      0x20000000        0x0 bootloader.o

.bss            0x20000000        0x0 load address 0x08000168
 *(.bss*)
 .bss           0x20000000        0x0 bootloader.o
 .bss           0x20000000        0x0 ../libopencm3/lib/libopencm3_stm32l0.a(vector.o)
 *(COMMON)
                0x20000000                        . = ALIGN (0x4)
                0x20000000                        _ebss = .

/DISCARD/
 *(.eh_frame)
                0x20000000                        . = ALIGN (0x4)
                0x20000000                        end = .
                0x20001400                        PROVIDE (_stack = (ORIGIN (ram) + LENGTH (ram)))
OUTPUT(firmware.elf elf32-littlearm)
LOAD linker stubs

.debug_info     0x00000000      0x3cf
 .debug_info    0x00000000      0x10c bootloader.o
 .debug_info    0x0000010c      0x2c3 ../libopencm3/lib/libopencm3_stm32l0.a(vector.o)

.debug_abbrev   0x00000000      0x209
 .debug_abbrev  0x00000000       0xc0 bootloader.o
 .debug_abbrev  0x000000c0      0x149 ../libopencm3/lib/libopencm3_stm32l0.a(vector.o)

.debug_loclists
                0x00000000       0xf5
 .debug_loclists
                0x00000000       0x54 bootloader.o
 .debug_loclists
                0x00000054       0xa1 ../libopencm3/lib/libopencm3_stm32l0.a(vector.o)

.debug_aranges  0x00000000       0x58
 .debug_aranges
                0x00000000       0x28 bootloader.o
 .debug_aranges
                0x00000028       0x30 ../libopencm3/lib/libopencm3_stm32l0.a(vector.o)

.debug_rnglists
                0x00000000       0x39
 .debug_rnglists
                0x00000000       0x19 bootloader.o
 .debug_rnglists
                0x00000019       0x20 ../libopencm3/lib/libopencm3_stm32l0.a(vector.o)

.debug_macro    0x00000000     0x2136
 .debug_macro   0x00000000       0xa4 bootloader.o
 .debug_macro   0x000000a4      0xacc bootloader.o
 .debug_macro   0x00000b70       0x22 bootloader.o
 .debug_macro   0x00000b92       0x8e bootloader.o
 .debug_macro   0x00000c20       0x51 bootloader.o
 .debug_macro   0x00000c71      0x103 bootloader.o
 .debug_macro   0x00000d74       0x6a bootloader.o
 .debug_macro   0x00000dde      0x1df bootloader.o
 .debug_macro   0x00000fbd       0x10 bootloader.o
 .debug_macro   0x00000fcd       0x52 bootloader.o
 .debug_macro   0x0000101f      0x166 bootloader.o
 .debug_macro   0x00001185       0xcf ../libopencm3/lib/libopencm3_stm32l0.a(vector.o)
 .debug_macro   0x00001254      0xab4 ../libopencm3/lib/libopencm3_stm32l0.a(vector.o)
 .debug_macro   0x00001d08       0x1c ../libopencm3/lib/libopencm3_stm32l0.a(vector.o)
 .debug_macro   0x00001d24       0x56 ../libopencm3/lib/libopencm3_stm32l0.a(vector.o)
 .debug_macro   0x00001d7a       0x22 ../libopencm3/lib/libopencm3_stm32l0.a(vector.o)
 .debug_macro   0x00001d9c       0xe8 ../libopencm3/lib/libopencm3_stm32l0.a(vector.o)
 .debug_macro   0x00001e84      0x19f ../libopencm3/lib/libopencm3_stm32l0.a(vector.o)
 .debug_macro   0x00002023       0x49 ../libopencm3/lib/libopencm3_stm32l0.a(vector.o)
 .debug_macro   0x0000206c       0xca ../libopencm3/lib/libopencm3_stm32l0.a(vector.o)

.debug_line     0x00000000      0x57b
 .debug_line    0x00000000      0x234 bootloader.o
 .debug_line    0x00000234      0x347 ../libopencm3/lib/libopencm3_stm32l0.a(vector.o)

.debug_str      0x00000000     0x5ef6
 .debug_str     0x00000000     0x5ef6 bootloader.o
                               0x4856 (size before relaxing)
 .debug_str     0x00005ef6        0x0 ../libopencm3/lib/libopencm3_stm32l0.a(vector.o)
                               0x545b (size before relaxing)

.comment        0x00000000       0x23
 .comment       0x00000000       0x23 bootloader.o
                                 0x24 (size before relaxing)
 .comment       0x00000023        0x0 ../libopencm3/lib/libopencm3_stm32l0.a(vector.o)
                                 0x24 (size before relaxing)

.ARM.attributes
                0x00000000       0x2c
 .ARM.attributes
                0x00000000       0x2c bootloader.o
 .ARM.attributes
                0x0000002c       0x2c ../libopencm3/lib/libopencm3_stm32l0.a(vector.o)

.debug_frame    0x00000000       0x88
 .debug_frame   0x00000000       0x40 bootloader.o
 .debug_frame   0x00000040       0x48 ../libopencm3/lib/libopencm3_stm32l0.a(vector.o)
