Archive member included to satisfy reference by file (symbol)

/usr/lib/gcc/arm-none-eabi/15.2.0/thumb/v6-m/nofp/libgcc.a(_fixunssfsi.o)
                              core/timer.o (__aeabi_f2uiz)
/usr/lib/gcc/arm-none-eabi/15.2.0/thumb/v6-m/nofp/libgcc.a(divsf3.o)
                              core/timer.o (__aeabi_fdiv)
/usr/lib/gcc/arm-none-eabi/15.2.0/thumb/v6-m/nofp/libgcc.a(mulsf3.o)
                              core/timer.o (__aeabi_fmul)
/usr/lib/gcc/arm-none-eabi/15.2.0/thumb/v6-m/nofp/libgcc.a(subsf3.o)
                              /usr/lib/gcc/arm-none-eabi/15.2.0/thumb/v6-m/nofp/libgcc.a(_fixunssfsi.o) (__aeabi_fsub)
/usr/lib/gcc/arm-none-eabi/15.2.0/thumb/v6-m/nofp/libgcc.a(fixsfsi.o)
                              /usr/lib/gcc/arm-none-eabi/15.2.0/thumb/v6-m/nofp/libgcc.a(_fixunssfsi.o) (__aeabi_f2iz)
/usr/lib/gcc/arm-none-eabi/15.2.0/thumb/v6-m/nofp/libgcc.a(_arm_cmpsf2.o)
                              /usr/lib/gcc/arm-none-eabi/15.2.0/thumb/v6-m/nofp/libgcc.a(_fixunssfsi.o) (__aeabi_fcmpge)
/usr/lib/gcc/arm-none-eabi/15.2.0/thumb/v6-m/nofp/libgcc.a(_clzsi2.o)
                              /usr/lib/gcc/arm-none-eabi/15.2.0/thumb/v6-m/nofp/libgcc.a(divsf3.o) (__clzsi2)
/usr/lib/gcc/arm-none-eabi/15.2.0/thumb/v6-m/nofp/libgcc.a(eqsf2.o)
                              /usr/lib/gcc/arm-none-eabi/15.2.0/thumb/v6-m/nofp/libgcc.a(_arm_cmpsf2.o) (__eqsf2)
/usr/lib/gcc/arm-none-eabi/15.2.0/thumb/v6-m/nofp/libgcc.a(gesf2.o)
                              /usr/lib/gcc/arm-none-eabi/15.2.0/thumb/v6-m/nofp/libgcc.a(_arm_cmpsf2.o) (__gesf2)
/usr/lib/gcc/arm-none-eabi/15.2.0/thumb/v6-m/nofp/libgcc.a(lesf2.o)
                              /usr/lib/gcc/arm-none-eabi/15.2.0/thumb/v6-m/nofp/libgcc.a(_arm_cmpsf2.o) (__lesf2)
../libopencm3/lib/libopencm3_stm32l0.a(rcc.o)
                              core/system.o (rcc_clock_setup_pll)
../libopencm3/lib/libopencm3_stm32l0.a(rcc_common_all.o)
                              core/timer.o (rcc_periph_clock_enable)
../libopencm3/lib/libopencm3_stm32l0.a(timer_common_all.o)
                              core/timer.o (timer_set_mode)
../libopencm3/lib/libopencm3_stm32l0.a(vector.o)
                              (reset_handler)
../libopencm3/lib/libopencm3_stm32l0.a(systick.o)
                              core/system.o (systick_set_frequency)
../libopencm3/lib/libopencm3_stm32l0.a(assert.o)
                              ../libopencm3/lib/libopencm3_stm32l0.a(rcc.o) (cm3_assert_failed)
../libopencm3/lib/libopencm3_stm32l0.a(flash_common_all.o)
                              ../libopencm3/lib/libopencm3_stm32l0.a(rcc.o) (flash_prefetch_enable)
../libopencm3/lib/libopencm3_stm32l0.a(pwr_common_v2.o)
                              ../libopencm3/lib/libopencm3_stm32l0.a(rcc.o) (pwr_set_vos_scale)
/usr/lib/gcc/arm-none-eabi/15.2.0/thumb/v6-m/nofp/libgcc.a(_thumb1_case_uqi.o)
                              ../libopencm3/lib/libopencm3_stm32l0.a(rcc.o) (__gnu_thumb1_case_uqi)
/usr/lib/gcc/arm-none-eabi/15.2.0/thumb/v6-m/nofp/libgcc.a(_udivsi3.o)
                              ../libopencm3/lib/libopencm3_stm32l0.a(systick.o) (__aeabi_uidiv)
/usr/lib/gcc/arm-none-eabi/15.2.0/thumb/v6-m/nofp/libgcc.a(_dvmd_tls.o)
                              /usr/lib/gcc/arm-none-eabi/15.2.0/thumb/v6-m/nofp/libgcc.a(_udivsi3.o) (__aeabi_idiv0)

Discarded input sections

 .group         0x00000000        0xc firmware.o
 .group         0x00000000        0xc firmware.o
 .group         0x00000000        0xc firmware.o
 .group         0x00000000        0xc firmware.o
 .group         0x00000000        0xc firmware.o
 .group         0x00000000        0xc firmware.o
 .group         0x00000000        0xc firmware.o
 .group         0x00000000        0xc firmware.o
 .group         0x00000000        0xc firmware.o
 .group         0x00000000        0xc firmware.o
 .group         0x00000000        0xc core/system.o
 .group         0x00000000        0xc core/system.o
 .group         0x00000000        0xc core/system.o
 .group         0x00000000        0xc core/system.o
 .group         0x00000000        0xc core/system.o
 .group         0x00000000        0xc core/system.o
 .group         0x00000000        0xc core/system.o
 .group         0x00000000        0xc core/system.o
 .group         0x00000000        0xc core/system.o
 .group         0x00000000        0xc core/system.o
 .group         0x00000000        0xc core/system.o
 .group         0x00000000        0xc core/system.o
 .group         0x00000000        0xc core/system.o
 .group         0x00000000        0xc core/system.o
 .group         0x00000000        0xc core/system.o
 .group         0x00000000        0xc core/system.o
 .group         0x00000000        0xc core/system.o
 .group         0x00000000        0xc core/system.o
 .group         0x00000000        0xc core/system.o
 .debug_macro   0x00000000      0xacc core/system.o
 .debug_macro   0x00000000       0x22 core/system.o
 .debug_macro   0x00000000       0x8e core/system.o
 .debug_macro   0x00000000       0x51 core/system.o
 .debug_macro   0x00000000      0x103 core/system.o
 .debug_macro   0x00000000       0x6a core/system.o
 .debug_macro   0x00000000      0x1df core/system.o
 .debug_macro   0x00000000       0x52 core/system.o
 .debug_macro   0x00000000       0x10 core/system.o
 .group         0x00000000        0xc core/timer.o
 .group         0x00000000        0xc core/timer.o
 .group         0x00000000        0xc core/timer.o
 .group         0x00000000        0xc core/timer.o
 .group         0x00000000        0xc core/timer.o
 .group         0x00000000        0xc core/timer.o
 .group         0x00000000        0xc core/timer.o
 .group         0x00000000        0xc core/timer.o
 .group         0x00000000        0xc core/timer.o
 .group         0x00000000        0xc core/timer.o
 .group         0x00000000        0xc core/timer.o
 .group         0x00000000        0xc core/timer.o
 .group         0x00000000        0xc core/timer.o
 .group         0x00000000        0xc core/timer.o
 .group         0x00000000        0xc core/timer.o
 .group         0x00000000        0xc core/timer.o
 .group         0x00000000        0xc core/timer.o
 .debug_macro   0x00000000      0xacc core/timer.o
 .debug_macro   0x00000000       0x1c core/timer.o
 .debug_macro   0x00000000       0x22 core/timer.o
 .debug_macro   0x00000000       0x8e core/timer.o
 .debug_macro   0x00000000       0x51 core/timer.o
 .debug_macro   0x00000000      0x103 core/timer.o
 .debug_macro   0x00000000       0x6a core/timer.o
 .debug_macro   0x00000000      0x1df core/timer.o
 .debug_macro   0x00000000       0x10 core/timer.o
 .debug_macro   0x00000000       0xe8 core/timer.o
 .debug_macro   0x00000000       0x52 core/timer.o
 .debug_macro   0x00000000      0x166 core/timer.o
 .debug_macro   0x00000000       0x8e core/timer.o
 .debug_macro   0x00000000       0x58 core/timer.o
 .debug_macro   0x00000000      0x903 core/timer.o
 .group         0x00000000        0xc ../libopencm3/lib/libopencm3_stm32l0.a(rcc.o)
 .group         0x00000000        0xc ../libopencm3/lib/libopencm3_stm32l0.a(rcc.o)
 .group         0x00000000        0xc ../libopencm3/lib/libopencm3_stm32l0.a(rcc.o)
 .group         0x00000000        0xc ../libopencm3/lib/libopencm3_stm32l0.a(rcc.o)
 .group         0x00000000        0xc ../libopencm3/lib/libopencm3_stm32l0.a(rcc.o)
 .group         0x00000000        0xc ../libopencm3/lib/libopencm3_stm32l0.a(rcc.o)
 .group         0x00000000        0xc ../libopencm3/lib/libopencm3_stm32l0.a(rcc.o)
 .group         0x00000000        0xc ../libopencm3/lib/libopencm3_stm32l0.a(rcc.o)
 .group         0x00000000        0xc ../libopencm3/lib/libopencm3_stm32l0.a(rcc.o)
 .group         0x00000000        0xc ../libopencm3/lib/libopencm3_stm32l0.a(rcc.o)
 .group         0x00000000        0xc ../libopencm3/lib/libopencm3_stm32l0.a(rcc.o)
 .group         0x00000000        0xc ../libopencm3/lib/libopencm3_stm32l0.a(rcc.o)
 .group         0x00000000        0xc ../libopencm3/lib/libopencm3_stm32l0.a(rcc.o)
 .group         0x00000000        0xc ../libopencm3/lib/libopencm3_stm32l0.a(rcc.o)
 .group         0x00000000        0xc ../libopencm3/lib/libopencm3_stm32l0.a(rcc.o)
 .group         0x00000000        0xc ../libopencm3/lib/libopencm3_stm32l0.a(rcc.o)
 .group         0x00000000        0xc ../libopencm3/lib/libopencm3_stm32l0.a(rcc.o)
 .group         0x00000000        0xc ../libopencm3/lib/libopencm3_stm32l0.a(rcc.o)
 .debug_macro   0x00000000       0x1c ../libopencm3/lib/libopencm3_stm32l0.a(rcc.o)
 .debug_macro   0x00000000       0x22 ../libopencm3/lib/libopencm3_stm32l0.a(rcc.o)
 .debug_macro   0x00000000       0x51 ../libopencm3/lib/libopencm3_stm32l0.a(rcc.o)
 .debug_macro   0x00000000      0x103 ../libopencm3/lib/libopencm3_stm32l0.a(rcc.o)
 .debug_macro   0x00000000       0x6a ../libopencm3/lib/libopencm3_stm32l0.a(rcc.o)
 .debug_macro   0x00000000      0x1df ../libopencm3/lib/libopencm3_stm32l0.a(rcc.o)
 .debug_macro   0x00000000       0xe8 ../libopencm3/lib/libopencm3_stm32l0.a(rcc.o)
 .debug_macro   0x00000000       0x52 ../libopencm3/lib/libopencm3_stm32l0.a(rcc.o)
 .debug_macro   0x00000000      0x166 ../libopencm3/lib/libopencm3_stm32l0.a(rcc.o)
 .debug_macro   0x00000000       0x8e ../libopencm3/lib/libopencm3_stm32l0.a(rcc.o)
 .debug_macro   0x00000000       0x58 ../libopencm3/lib/libopencm3_stm32l0.a(rcc.o)
 .debug_macro   0x00000000      0x903 ../libopencm3/lib/libopencm3_stm32l0.a(rcc.o)
 .group         0x00000000        0xc ../libopencm3/lib/libopencm3_stm32l0.a(rcc_common_all.o)
 .group         0x00000000        0xc ../libopencm3/lib/libopencm3_stm32l0.a(rcc_common_all.o)
 .group         0x00000000        0xc ../libopencm3/lib/libopencm3_stm32l0.a(rcc_common_all.o)
 .group         0x00000000        0xc ../libopencm3/lib/libopencm3_stm32l0.a(rcc_common_all.o)
 .group         0x00000000        0xc ../libopencm3/lib/libopencm3_stm32l0.a(rcc_common_all.o)
 .group         0x00000000        0xc ../libopencm3/lib/libopencm3_stm32l0.a(rcc_common_all.o)
 .group         0x00000000        0xc ../libopencm3/lib/libopencm3_stm32l0.a(rcc_common_all.o)
 .group         0x00000000        0xc ../libopencm3/lib/libopencm3_stm32l0.a(rcc_common_all.o)
 .group         0x00000000        0xc ../libopencm3/lib/libopencm3_stm32l0.a(rcc_common_all.o)
 .group         0x00000000        0xc ../libopencm3/lib/libopencm3_stm32l0.a(rcc_common_all.o)
 .group         0x00000000        0xc ../libopencm3/lib/libopencm3_stm32l0.a(rcc_common_all.o)
 .group         0x00000000        0xc ../libopencm3/lib/libopencm3_stm32l0.a(rcc_common_all.o)
 .group         0x00000000        0xc ../libopencm3/lib/libopencm3_stm32l0.a(rcc_common_all.o)
 .group         0x00000000        0xc ../libopencm3/lib/libopencm3_stm32l0.a(rcc_common_all.o)
 .group         0x00000000        0xc ../libopencm3/lib/libopencm3_stm32l0.a(rcc_common_all.o)
 .debug_macro   0x00000000      0xab4 ../libopencm3/lib/libopencm3_stm32l0.a(rcc_common_all.o)
 .debug_macro   0x00000000       0x1c ../libopencm3/lib/libopencm3_stm32l0.a(rcc_common_all.o)
 .debug_macro   0x00000000       0x22 ../libopencm3/lib/libopencm3_stm32l0.a(rcc_common_all.o)
 .debug_macro   0x00000000       0x56 ../libopencm3/lib/libopencm3_stm32l0.a(rcc_common_all.o)
 .debug_macro   0x00000000       0x51 ../libopencm3/lib/libopencm3_stm32l0.a(rcc_common_all.o)
 .debug_macro   0x00000000      0x103 ../libopencm3/lib/libopencm3_stm32l0.a(rcc_common_all.o)
 .debug_macro   0x00000000       0x6a ../libopencm3/lib/libopencm3_stm32l0.a(rcc_common_all.o)
 .debug_macro   0x00000000      0x1df ../libopencm3/lib/libopencm3_stm32l0.a(rcc_common_all.o)
 .debug_macro   0x00000000       0x22 ../libopencm3/lib/libopencm3_stm32l0.a(rcc_common_all.o)
 .debug_macro   0x00000000       0xe8 ../libopencm3/lib/libopencm3_stm32l0.a(rcc_common_all.o)
 .debug_macro   0x00000000       0x52 ../libopencm3/lib/libopencm3_stm32l0.a(rcc_common_all.o)
 .debug_macro   0x00000000      0x166 ../libopencm3/lib/libopencm3_stm32l0.a(rcc_common_all.o)
 .debug_macro   0x00000000       0x8e ../libopencm3/lib/libopencm3_stm32l0.a(rcc_common_all.o)
 .debug_macro   0x00000000       0x58 ../libopencm3/lib/libopencm3_stm32l0.a(rcc_common_all.o)
 .debug_macro   0x00000000      0x903 ../libopencm3/lib/libopencm3_stm32l0.a(rcc_common_all.o)
 .group         0x00000000        0xc ../libopencm3/lib/libopencm3_stm32l0.a(timer_common_all.o)
 .group         0x00000000        0xc ../libopencm3/lib/libopencm3_stm32l0.a(timer_common_all.o)
 .group         0x00000000        0xc ../libopencm3/lib/libopencm3_stm32l0.a(timer_common_all.o)
 .group         0x00000000        0xc ../libopencm3/lib/libopencm3_stm32l0.a(timer_common_all.o)
 .group         0x00000000        0xc ../libopencm3/lib/libopencm3_stm32l0.a(timer_common_all.o)
 .group         0x00000000        0xc ../libopencm3/lib/libopencm3_stm32l0.a(timer_common_all.o)
 .group         0x00000000        0xc ../libopencm3/lib/libopencm3_stm32l0.a(timer_common_all.o)
 .group         0x00000000        0xc ../libopencm3/lib/libopencm3_stm32l0.a(timer_common_all.o)
 .group         0x00000000        0xc ../libopencm3/lib/libopencm3_stm32l0.a(timer_common_all.o)
 .group         0x00000000        0xc ../libopencm3/lib/libopencm3_stm32l0.a(timer_common_all.o)
 .group         0x00000000        0xc ../libopencm3/lib/libopencm3_stm32l0.a(timer_common_all.o)
 .group         0x00000000        0xc ../libopencm3/lib/libopencm3_stm32l0.a(timer_common_all.o)
 .group         0x00000000        0xc ../libopencm3/lib/libopencm3_stm32l0.a(timer_common_all.o)
 .group         0x00000000        0xc ../libopencm3/lib/libopencm3_stm32l0.a(timer_common_all.o)
 .group         0x00000000        0xc ../libopencm3/lib/libopencm3_stm32l0.a(timer_common_all.o)
 .group         0x00000000        0xc ../libopencm3/lib/libopencm3_stm32l0.a(timer_common_all.o)
 .group         0x00000000        0xc ../libopencm3/lib/libopencm3_stm32l0.a(timer_common_all.o)
 .debug_macro   0x00000000      0xab4 ../libopencm3/lib/libopencm3_stm32l0.a(timer_common_all.o)
 .debug_macro   0x00000000       0x1c ../libopencm3/lib/libopencm3_stm32l0.a(timer_common_all.o)
 .debug_macro   0x00000000       0x22 ../libopencm3/lib/libopencm3_stm32l0.a(timer_common_all.o)
 .debug_macro   0x00000000       0x56 ../libopencm3/lib/libopencm3_stm32l0.a(timer_common_all.o)
 .debug_macro   0x00000000       0x51 ../libopencm3/lib/libopencm3_stm32l0.a(timer_common_all.o)
 .debug_macro   0x00000000      0x103 ../libopencm3/lib/libopencm3_stm32l0.a(timer_common_all.o)
 .debug_macro   0x00000000       0x6a ../libopencm3/lib/libopencm3_stm32l0.a(timer_common_all.o)
 .debug_macro   0x00000000      0x1df ../libopencm3/lib/libopencm3_stm32l0.a(timer_common_all.o)
 .debug_macro   0x00000000       0x22 ../libopencm3/lib/libopencm3_stm32l0.a(timer_common_all.o)
 .debug_macro   0x00000000       0xe8 ../libopencm3/lib/libopencm3_stm32l0.a(timer_common_all.o)
 .debug_macro   0x00000000       0x52 ../libopencm3/lib/libopencm3_stm32l0.a(timer_common_all.o)
 .debug_macro   0x00000000      0x166 ../libopencm3/lib/libopencm3_stm32l0.a(timer_common_all.o)
 .debug_macro   0x00000000      0xf5b ../libopencm3/lib/libopencm3_stm32l0.a(timer_common_all.o)
 .debug_macro   0x00000000      0x11e ../libopencm3/lib/libopencm3_stm32l0.a(timer_common_all.o)
 .debug_macro   0x00000000       0x8e ../libopencm3/lib/libopencm3_stm32l0.a(timer_common_all.o)
 .debug_macro   0x00000000       0x58 ../libopencm3/lib/libopencm3_stm32l0.a(timer_common_all.o)
 .debug_macro   0x00000000      0x903 ../libopencm3/lib/libopencm3_stm32l0.a(timer_common_all.o)
 .group         0x00000000        0xc ../libopencm3/lib/libopencm3_stm32l0.a(vector.o)
 .group         0x00000000        0xc ../libopencm3/lib/libopencm3_stm32l0.a(vector.o)
 .group         0x00000000        0xc ../libopencm3/lib/libopencm3_stm32l0.a(vector.o)
 .group         0x00000000        0xc ../libopencm3/lib/libopencm3_stm32l0.a(vector.o)
 .group         0x00000000        0xc ../libopencm3/lib/libopencm3_stm32l0.a(vector.o)
 .group         0x00000000        0xc ../libopencm3/lib/libopencm3_stm32l0.a(vector.o)
 .group         0x00000000        0xc ../libopencm3/lib/libopencm3_stm32l0.a(vector.o)
 .group         0x00000000        0xc ../libopencm3/lib/libopencm3_stm32l0.a(vector.o)
 .group         0x00000000        0xc ../libopencm3/lib/libopencm3_stm32l0.a(vector.o)
 .group         0x00000000        0xc ../libopencm3/lib/libopencm3_stm32l0.a(vector.o)
 .group         0x00000000        0xc ../libopencm3/lib/libopencm3_stm32l0.a(vector.o)
 .group         0x00000000        0xc ../libopencm3/lib/libopencm3_stm32l0.a(vector.o)
 .group         0x00000000        0xc ../libopencm3/lib/libopencm3_stm32l0.a(vector.o)
 .group         0x00000000        0xc ../libopencm3/lib/libopencm3_stm32l0.a(vector.o)
 .debug_macro   0x00000000      0xab4 ../libopencm3/lib/libopencm3_stm32l0.a(vector.o)
 .debug_macro   0x00000000       0x52 ../libopencm3/lib/libopencm3_stm32l0.a(vector.o)
 .debug_macro   0x00000000       0x1c ../libopencm3/lib/libopencm3_stm32l0.a(vector.o)
 .debug_macro   0x00000000       0x22 ../libopencm3/lib/libopencm3_stm32l0.a(vector.o)
 .debug_macro   0x00000000       0x56 ../libopencm3/lib/libopencm3_stm32l0.a(vector.o)
 .debug_macro   0x00000000       0x51 ../libopencm3/lib/libopencm3_stm32l0.a(vector.o)
 .debug_macro   0x00000000      0x103 ../libopencm3/lib/libopencm3_stm32l0.a(vector.o)
 .debug_macro   0x00000000       0x6a ../libopencm3/lib/libopencm3_stm32l0.a(vector.o)
 .debug_macro   0x00000000      0x1df ../libopencm3/lib/libopencm3_stm32l0.a(vector.o)
 .debug_macro   0x00000000       0x22 ../libopencm3/lib/libopencm3_stm32l0.a(vector.o)
 .debug_macro   0x00000000       0xe8 ../libopencm3/lib/libopencm3_stm32l0.a(vector.o)
 .debug_macro   0x00000000       0x49 ../libopencm3/lib/libopencm3_stm32l0.a(vector.o)
 .debug_macro   0x00000000       0xca ../libopencm3/lib/libopencm3_stm32l0.a(vector.o)
 .group         0x00000000        0xc ../libopencm3/lib/libopencm3_stm32l0.a(systick.o)
 .group         0x00000000        0xc ../libopencm3/lib/libopencm3_stm32l0.a(systick.o)
 .group         0x00000000        0xc ../libopencm3/lib/libopencm3_stm32l0.a(systick.o)
 .group         0x00000000        0xc ../libopencm3/lib/libopencm3_stm32l0.a(systick.o)
 .group         0x00000000        0xc ../libopencm3/lib/libopencm3_stm32l0.a(systick.o)
 .group         0x00000000        0xc ../libopencm3/lib/libopencm3_stm32l0.a(systick.o)
 .group         0x00000000        0xc ../libopencm3/lib/libopencm3_stm32l0.a(systick.o)
 .group         0x00000000        0xc ../libopencm3/lib/libopencm3_stm32l0.a(systick.o)
 .group         0x00000000        0xc ../libopencm3/lib/libopencm3_stm32l0.a(systick.o)
 .group         0x00000000        0xc ../libopencm3/lib/libopencm3_stm32l0.a(systick.o)
 .group         0x00000000        0xc ../libopencm3/lib/libopencm3_stm32l0.a(systick.o)
 .group         0x00000000        0xc ../libopencm3/lib/libopencm3_stm32l0.a(systick.o)
 .debug_macro   0x00000000      0xab4 ../libopencm3/lib/libopencm3_stm32l0.a(systick.o)
 .debug_macro   0x00000000       0x52 ../libopencm3/lib/libopencm3_stm32l0.a(systick.o)
 .debug_macro   0x00000000       0x1c ../libopencm3/lib/libopencm3_stm32l0.a(systick.o)
 .debug_macro   0x00000000       0x22 ../libopencm3/lib/libopencm3_stm32l0.a(systick.o)
 .debug_macro   0x00000000       0x56 ../libopencm3/lib/libopencm3_stm32l0.a(systick.o)
 .debug_macro   0x00000000       0x51 ../libopencm3/lib/libopencm3_stm32l0.a(systick.o)
 .debug_macro   0x00000000      0x103 ../libopencm3/lib/libopencm3_stm32l0.a(systick.o)
 .debug_macro   0x00000000       0x6a ../libopencm3/lib/libopencm3_stm32l0.a(systick.o)
 .debug_macro   0x00000000      0x1df ../libopencm3/lib/libopencm3_stm32l0.a(systick.o)
 .debug_macro   0x00000000       0x22 ../libopencm3/lib/libopencm3_stm32l0.a(systick.o)
 .debug_macro   0x00000000       0xe8 ../libopencm3/lib/libopencm3_stm32l0.a(systick.o)
 .debug_macro   0x00000000       0x69 ../libopencm3/lib/libopencm3_stm32l0.a(systick.o)
 .group         0x00000000        0xc ../libopencm3/lib/libopencm3_stm32l0.a(assert.o)
 .group         0x00000000        0xc ../libopencm3/lib/libopencm3_stm32l0.a(assert.o)
 .group         0x00000000        0xc ../libopencm3/lib/libopencm3_stm32l0.a(assert.o)
 .group         0x00000000        0xc ../libopencm3/lib/libopencm3_stm32l0.a(assert.o)
 .group         0x00000000        0xc ../libopencm3/lib/libopencm3_stm32l0.a(assert.o)
 .group         0x00000000        0xc ../libopencm3/lib/libopencm3_stm32l0.a(assert.o)
 .group         0x00000000        0xc ../libopencm3/lib/libopencm3_stm32l0.a(assert.o)
 .group         0x00000000        0xc ../libopencm3/lib/libopencm3_stm32l0.a(assert.o)
 .group         0x00000000        0xc ../libopencm3/lib/libopencm3_stm32l0.a(assert.o)
 .group         0x00000000        0xc ../libopencm3/lib/libopencm3_stm32l0.a(assert.o)
 .group         0x00000000        0xc ../libopencm3/lib/libopencm3_stm32l0.a(assert.o)
 .debug_macro   0x00000000      0xab4 ../libopencm3/lib/libopencm3_stm32l0.a(assert.o)
 .debug_macro   0x00000000       0x1c ../libopencm3/lib/libopencm3_stm32l0.a(assert.o)
 .debug_macro   0x00000000       0x22 ../libopencm3/lib/libopencm3_stm32l0.a(assert.o)
 .debug_macro   0x00000000       0x56 ../libopencm3/lib/libopencm3_stm32l0.a(assert.o)
 .debug_macro   0x00000000       0x51 ../libopencm3/lib/libopencm3_stm32l0.a(assert.o)
 .debug_macro   0x00000000      0x103 ../libopencm3/lib/libopencm3_stm32l0.a(assert.o)
 .debug_macro   0x00000000       0x6a ../libopencm3/lib/libopencm3_stm32l0.a(assert.o)
 .debug_macro   0x00000000      0x1df ../libopencm3/lib/libopencm3_stm32l0.a(assert.o)
 .debug_macro   0x00000000       0x22 ../libopencm3/lib/libopencm3_stm32l0.a(assert.o)
 .debug_macro   0x00000000       0xe8 ../libopencm3/lib/libopencm3_stm32l0.a(assert.o)
 .debug_macro   0x00000000       0x16 ../libopencm3/lib/libopencm3_stm32l0.a(assert.o)
 .group         0x00000000        0xc ../libopencm3/lib/libopencm3_stm32l0.a(flash_common_all.o)
 .group         0x00000000        0xc ../libopencm3/lib/libopencm3_stm32l0.a(flash_common_all.o)
 .group         0x00000000        0xc ../libopencm3/lib/libopencm3_stm32l0.a(flash_common_all.o)
 .group         0x00000000        0xc ../libopencm3/lib/libopencm3_stm32l0.a(flash_common_all.o)
 .group         0x00000000        0xc ../libopencm3/lib/libopencm3_stm32l0.a(flash_common_all.o)
 .group         0x00000000        0xc ../libopencm3/lib/libopencm3_stm32l0.a(flash_common_all.o)
 .group         0x00000000        0xc ../libopencm3/lib/libopencm3_stm32l0.a(flash_common_all.o)
 .group         0x00000000        0xc ../libopencm3/lib/libopencm3_stm32l0.a(flash_common_all.o)
 .group         0x00000000        0xc ../libopencm3/lib/libopencm3_stm32l0.a(flash_common_all.o)
 .group         0x00000000        0xc ../libopencm3/lib/libopencm3_stm32l0.a(flash_common_all.o)
 .group         0x00000000        0xc ../libopencm3/lib/libopencm3_stm32l0.a(flash_common_all.o)
 .group         0x00000000        0xc ../libopencm3/lib/libopencm3_stm32l0.a(flash_common_all.o)
 .group         0x00000000        0xc ../libopencm3/lib/libopencm3_stm32l0.a(flash_common_all.o)
 .group         0x00000000        0xc ../libopencm3/lib/libopencm3_stm32l0.a(flash_common_all.o)
 .debug_macro   0x00000000      0xab4 ../libopencm3/lib/libopencm3_stm32l0.a(flash_common_all.o)
 .debug_macro   0x00000000       0x1c ../libopencm3/lib/libopencm3_stm32l0.a(flash_common_all.o)
 .debug_macro   0x00000000       0x22 ../libopencm3/lib/libopencm3_stm32l0.a(flash_common_all.o)
 .debug_macro   0x00000000       0x56 ../libopencm3/lib/libopencm3_stm32l0.a(flash_common_all.o)
 .debug_macro   0x00000000       0x51 ../libopencm3/lib/libopencm3_stm32l0.a(flash_common_all.o)
 .debug_macro   0x00000000      0x103 ../libopencm3/lib/libopencm3_stm32l0.a(flash_common_all.o)
 .debug_macro   0x00000000       0x6a ../libopencm3/lib/libopencm3_stm32l0.a(flash_common_all.o)
 .debug_macro   0x00000000      0x1df ../libopencm3/lib/libopencm3_stm32l0.a(flash_common_all.o)
 .debug_macro   0x00000000       0x22 ../libopencm3/lib/libopencm3_stm32l0.a(flash_common_all.o)
 .debug_macro   0x00000000       0xe8 ../libopencm3/lib/libopencm3_stm32l0.a(flash_common_all.o)
 .debug_macro   0x00000000       0x52 ../libopencm3/lib/libopencm3_stm32l0.a(flash_common_all.o)
 .debug_macro   0x00000000      0x166 ../libopencm3/lib/libopencm3_stm32l0.a(flash_common_all.o)
 .debug_macro   0x00000000      0x166 ../libopencm3/lib/libopencm3_stm32l0.a(flash_common_all.o)
 .debug_macro   0x00000000       0x46 ../libopencm3/lib/libopencm3_stm32l0.a(flash_common_all.o)
 .group         0x00000000        0xc ../libopencm3/lib/libopencm3_stm32l0.a(pwr_common_v2.o)
 .group         0x00000000        0xc ../libopencm3/lib/libopencm3_stm32l0.a(pwr_common_v2.o)
 .group         0x00000000        0xc ../libopencm3/lib/libopencm3_stm32l0.a(pwr_common_v2.o)
 .group         0x00000000        0xc ../libopencm3/lib/libopencm3_stm32l0.a(pwr_common_v2.o)
 .group         0x00000000        0xc ../libopencm3/lib/libopencm3_stm32l0.a(pwr_common_v2.o)
 .group         0x00000000        0xc ../libopencm3/lib/libopencm3_stm32l0.a(pwr_common_v2.o)
 .group         0x00000000        0xc ../libopencm3/lib/libopencm3_stm32l0.a(pwr_common_v2.o)
 .group         0x00000000        0xc ../libopencm3/lib/libopencm3_stm32l0.a(pwr_common_v2.o)
 .group         0x00000000        0xc ../libopencm3/lib/libopencm3_stm32l0.a(pwr_common_v2.o)
 .group         0x00000000        0xc ../libopencm3/lib/libopencm3_stm32l0.a(pwr_common_v2.o)
 .group         0x00000000        0xc ../libopencm3/lib/libopencm3_stm32l0.a(pwr_common_v2.o)
 .group         0x00000000        0xc ../libopencm3/lib/libopencm3_stm32l0.a(pwr_common_v2.o)
 .group         0x00000000        0xc ../libopencm3/lib/libopencm3_stm32l0.a(pwr_common_v2.o)
 .group         0x00000000        0xc ../libopencm3/lib/libopencm3_stm32l0.a(pwr_common_v2.o)
 .group         0x00000000        0xc ../libopencm3/lib/libopencm3_stm32l0.a(pwr_common_v2.o)
 .debug_macro   0x00000000      0xab4 ../libopencm3/lib/libopencm3_stm32l0.a(pwr_common_v2.o)
 .debug_macro   0x00000000       0x1c ../libopencm3/lib/libopencm3_stm32l0.a(pwr_common_v2.o)
 .debug_macro   0x00000000       0x22 ../libopencm3/lib/libopencm3_stm32l0.a(pwr_common_v2.o)
 .debug_macro   0x00000000       0x56 ../libopencm3/lib/libopencm3_stm32l0.a(pwr_common_v2.o)
 .debug_macro   0x00000000       0x51 ../libopencm3/lib/libopencm3_stm32l0.a(pwr_common_v2.o)
 .debug_macro   0x00000000      0x103 ../libopencm3/lib/libopencm3_stm32l0.a(pwr_common_v2.o)
 .debug_macro   0x00000000       0x6a ../libopencm3/lib/libopencm3_stm32l0.a(pwr_common_v2.o)
 .debug_macro   0x00000000      0x1df ../libopencm3/lib/libopencm3_stm32l0.a(pwr_common_v2.o)
 .debug_macro   0x00000000       0x22 ../libopencm3/lib/libopencm3_stm32l0.a(pwr_common_v2.o)
 .debug_macro   0x00000000       0xe8 ../libopencm3/lib/libopencm3_stm32l0.a(pwr_common_v2.o)
 .debug_macro   0x00000000       0x52 ../libopencm3/lib/libopencm3_stm32l0.a(pwr_common_v2.o)
 .debug_macro   0x00000000      0x166 ../libopencm3/lib/libopencm3_stm32l0.a(pwr_common_v2.o)
 .debug_macro   0x00000000       0x8e ../libopencm3/lib/libopencm3_stm32l0.a(pwr_common_v2.o)
 .debug_macro   0x00000000       0x58 ../libopencm3/lib/libopencm3_stm32l0.a(pwr_common_v2.o)
 .debug_macro   0x00000000      0x903 ../libopencm3/lib/libopencm3_stm32l0.a(pwr_common_v2.o)

Memory Configuration

Name             Origin             Length             Attributes
ram              0x20000000         0x00005000         xrw
rom              0x08000000         0x00030000         xr
*default*        0x00000000         0xffffffff

Linker script and memory map

LOAD firmware.o
LOAD core/system.o
LOAD core/timer.o
START GROUP
LOAD /usr/lib/gcc/arm-none-eabi/15.2.0/../../../../arm-none-eabi/lib/thumb/v6-m/nofp/libc.a
LOAD /usr/lib/gcc/arm-none-eabi/15.2.0/thumb/v6-m/nofp/libgcc.a
LOAD /usr/lib/gcc/arm-none-eabi/15.2.0/../../../../arm-none-eabi/lib/thumb/v6-m/nofp/libnosys.a
END GROUP
LOAD ../libopencm3/lib/libopencm3_stm32l0.a
START GROUP
LOAD /usr/lib/gcc/arm-none-eabi/15.2.0/thumb/v6-m/nofp/libgcc.a
LOAD /usr/lib/gcc/arm-none-eabi/15.2.0/../../../../arm-none-eabi/lib/thumb/v6-m/nofp/libc.a
END GROUP

.text           0x08000000     0x215c
 *(.vectors)
 .vectors       0x08000000       0xc0 ../libopencm3/lib/libopencm3_stm32l0.a(vector.o)
                0x08000000                vector_table
 *(.text*)
 .text          0x080000c0       0x10 firmware.o
                0x080000c0                jump_to_main
 .text.startup  0x080000d0        0xa firmware.o
                0x080000d0                main
 *fill*         0x080000da        0x2 
 .text          0x080000dc       0x5c core/system.o
                0x080000dc                sys_tick_handler
                0x080000f4                system_get_ticks
                0x08000100                rcc_setup
                0x08000110                systick_setup
                0x0800012c                system_setup
 .text          0x08000138       0x78 core/timer.o
                0x08000138                timer_setup
                0x08000188                timer_pwm_set_duty_cycle
 .text          0x080001b0       0x30 /usr/lib/gcc/arm-none-eabi/15.2.0/thumb/v6-m/nofp/libgcc.a(_fixunssfsi.o)
                0x080001b0                __aeabi_f2uiz
                0x080001b0                __fixunssfsi
 .text          0x080001e0      0x22c /usr/lib/gcc/arm-none-eabi/15.2.0/thumb/v6-m/nofp/libgcc.a(divsf3.o)
                0x080001e0                __aeabi_fdiv
 .text          0x0800040c      0x294 /usr/lib/gcc/arm-none-eabi/15.2.0/thumb/v6-m/nofp/libgcc.a(mulsf3.o)
                0x0800040c                __aeabi_fmul
 .text          0x080006a0      0x494 /usr/lib/gcc/arm-none-eabi/15.2.0/thumb/v6-m/nofp/libgcc.a(subsf3.o)
                0x080006a0                __aeabi_fsub
 .text          0x08000b34       0x40 /usr/lib/gcc/arm-none-eabi/15.2.0/thumb/v6-m/nofp/libgcc.a(fixsfsi.o)
                0x08000b34                __aeabi_f2iz
 .text          0x08000b74       0x74 /usr/lib/gcc/arm-none-eabi/15.2.0/thumb/v6-m/nofp/libgcc.a(_arm_cmpsf2.o)
                0x08000b74                __aeabi_cfrcmple
                0x08000b7c                __aeabi_cfcmple
                0x08000b7c                __aeabi_cfcmpeq
                0x08000b8c                __aeabi_fcmpeq
                0x08000b98                __aeabi_fcmplt
                0x08000bac                __aeabi_fcmple
                0x08000bc0                __aeabi_fcmpgt
                0x08000bd4                __aeabi_fcmpge
 .text          0x08000be8       0x3c /usr/lib/gcc/arm-none-eabi/15.2.0/thumb/v6-m/nofp/libgcc.a(_clzsi2.o)
                0x08000be8                __clzsi2
 .text          0x08000c24       0x58 /usr/lib/gcc/arm-none-eabi/15.2.0/thumb/v6-m/nofp/libgcc.a(eqsf2.o)
                0x08000c24                __nesf2
                0x08000c24                __eqsf2
 .text          0x08000c7c       0xa0 /usr/lib/gcc/arm-none-eabi/15.2.0/thumb/v6-m/nofp/libgcc.a(gesf2.o)
                0x08000c7c                __gtsf2
                0x08000c7c                __gesf2
 .text          0x08000d1c       0xa0 /usr/lib/gcc/arm-none-eabi/15.2.0/thumb/v6-m/nofp/libgcc.a(lesf2.o)
                0x08000d1c                __lesf2
                0x08000d1c                __ltsf2
 .text          0x08000dbc        0x0 ../libopencm3/lib/libopencm3_stm32l0.a(rcc.o)
 .text.rcc_uart_i2c_clksel_freq_hz
                0x08000dbc       0x44 ../libopencm3/lib/libopencm3_stm32l0.a(rcc.o)
 .text.rcc_osc_on
                0x08000e00       0x54 ../libopencm3/lib/libopencm3_stm32l0.a(rcc.o)
                0x08000e00                rcc_osc_on
 .text.rcc_osc_off
                0x08000e54       0x5c ../libopencm3/lib/libopencm3_stm32l0.a(rcc.o)
                0x08000e54                rcc_osc_off
 .text.rcc_osc_ready_int_clear
                0x08000eb0       0x3c ../libopencm3/lib/libopencm3_stm32l0.a(rcc.o)
                0x08000eb0                rcc_osc_ready_int_clear
 .text.rcc_osc_ready_int_enable
                0x08000eec       0x3c ../libopencm3/lib/libopencm3_stm32l0.a(rcc.o)
                0x08000eec                rcc_osc_ready_int_enable
 .text.rcc_osc_ready_int_disable
                0x08000f28       0x3c ../libopencm3/lib/libopencm3_stm32l0.a(rcc.o)
                0x08000f28                rcc_osc_ready_int_disable
 .text.rcc_osc_ready_int_flag
                0x08000f64       0x4c ../libopencm3/lib/libopencm3_stm32l0.a(rcc.o)
                0x08000f64                rcc_osc_ready_int_flag
 .text.rcc_is_osc_ready
                0x08000fb0       0x54 ../libopencm3/lib/libopencm3_stm32l0.a(rcc.o)
                0x08000fb0                rcc_is_osc_ready
 .text.rcc_wait_for_osc_ready
                0x08001004       0x10 ../libopencm3/lib/libopencm3_stm32l0.a(rcc.o)
                0x08001004                rcc_wait_for_osc_ready
 .text.rcc_set_hsi48_source_rc48
                0x08001014       0x14 ../libopencm3/lib/libopencm3_stm32l0.a(rcc.o)
                0x08001014                rcc_set_hsi48_source_rc48
 .text.rcc_set_hsi48_source_pll
                0x08001028       0x14 ../libopencm3/lib/libopencm3_stm32l0.a(rcc.o)
                0x08001028                rcc_set_hsi48_source_pll
 .text.rcc_set_sysclk_source
                0x0800103c       0x48 ../libopencm3/lib/libopencm3_stm32l0.a(rcc.o)
                0x0800103c                rcc_set_sysclk_source
 .text.rcc_set_pll_multiplier
                0x08001084       0x18 ../libopencm3/lib/libopencm3_stm32l0.a(rcc.o)
                0x08001084                rcc_set_pll_multiplier
 .text.rcc_set_pll_divider
                0x0800109c       0x18 ../libopencm3/lib/libopencm3_stm32l0.a(rcc.o)
                0x0800109c                rcc_set_pll_divider
 .text.rcc_set_pll_source
                0x080010b4       0x18 ../libopencm3/lib/libopencm3_stm32l0.a(rcc.o)
                0x080010b4                rcc_set_pll_source
 .text.rcc_set_ppre1
                0x080010cc       0x18 ../libopencm3/lib/libopencm3_stm32l0.a(rcc.o)
                0x080010cc                rcc_set_ppre1
 .text.rcc_set_ppre2
                0x080010e4       0x18 ../libopencm3/lib/libopencm3_stm32l0.a(rcc.o)
                0x080010e4                rcc_set_ppre2
 .text.rcc_set_hpre
                0x080010fc       0x14 ../libopencm3/lib/libopencm3_stm32l0.a(rcc.o)
                0x080010fc                rcc_set_hpre
 .text.rcc_set_msi_range
                0x08001110       0x18 ../libopencm3/lib/libopencm3_stm32l0.a(rcc.o)
                0x08001110                rcc_set_msi_range
 .text.rcc_set_lptim1_sel
                0x08001128       0x1c ../libopencm3/lib/libopencm3_stm32l0.a(rcc.o)
                0x08001128                rcc_set_lptim1_sel
 .text.rcc_set_lpuart1_sel
                0x08001144       0x1c ../libopencm3/lib/libopencm3_stm32l0.a(rcc.o)
                0x08001144                rcc_set_lpuart1_sel
 .text.rcc_set_usart1_sel
                0x08001160       0x18 ../libopencm3/lib/libopencm3_stm32l0.a(rcc.o)
                0x08001160                rcc_set_usart1_sel
 .text.rcc_set_usart2_sel
                0x08001178       0x18 ../libopencm3/lib/libopencm3_stm32l0.a(rcc.o)
                0x08001178                rcc_set_usart2_sel
 .text.rcc_set_peripheral_clk_sel
                0x08001190       0x6c ../libopencm3/lib/libopencm3_stm32l0.a(rcc.o)
                0x08001190                rcc_set_peripheral_clk_sel
 .text.rcc_get_usart_clk_freq
                0x080011fc       0x38 ../libopencm3/lib/libopencm3_stm32l0.a(rcc.o)
                0x080011fc                rcc_get_usart_clk_freq
 .text.rcc_get_timer_clk_freq
                0x08001234       0x34 ../libopencm3/lib/libopencm3_stm32l0.a(rcc.o)
                0x08001234                rcc_get_timer_clk_freq
 .text.rcc_get_i2c_clk_freq
                0x08001268       0x2c ../libopencm3/lib/libopencm3_stm32l0.a(rcc.o)
                0x08001268                rcc_get_i2c_clk_freq
 .text.rcc_get_spi_clk_freq
                0x08001294       0x1c ../libopencm3/lib/libopencm3_stm32l0.a(rcc.o)
                0x08001294                rcc_get_spi_clk_freq
 .text.rcc_clock_setup_pll
                0x080012b0       0xac ../libopencm3/lib/libopencm3_stm32l0.a(rcc.o)
                0x080012b0                rcc_clock_setup_pll
 .text          0x0800135c        0x0 ../libopencm3/lib/libopencm3_stm32l0.a(rcc_common_all.o)
 .text.rcc_peripheral_enable_clock
                0x0800135c        0x8 ../libopencm3/lib/libopencm3_stm32l0.a(rcc_common_all.o)
                0x0800135c                rcc_peripheral_enable_clock
 .text.rcc_peripheral_disable_clock
                0x08001364        0x8 ../libopencm3/lib/libopencm3_stm32l0.a(rcc_common_all.o)
                0x08001364                rcc_peripheral_disable_clock
 .text.rcc_peripheral_reset
                0x0800136c        0x8 ../libopencm3/lib/libopencm3_stm32l0.a(rcc_common_all.o)
                0x0800136c                rcc_peripheral_reset
 .text.rcc_peripheral_clear_reset
                0x08001374        0x8 ../libopencm3/lib/libopencm3_stm32l0.a(rcc_common_all.o)
                0x08001374                rcc_peripheral_clear_reset
 .text.rcc_periph_clock_enable
                0x0800137c       0x1c ../libopencm3/lib/libopencm3_stm32l0.a(rcc_common_all.o)
                0x0800137c                rcc_periph_clock_enable
 .text.rcc_periph_clock_disable
                0x08001398       0x1c ../libopencm3/lib/libopencm3_stm32l0.a(rcc_common_all.o)
                0x08001398                rcc_periph_clock_disable
 .text.rcc_periph_reset_pulse
                0x080013b4       0x20 ../libopencm3/lib/libopencm3_stm32l0.a(rcc_common_all.o)
                0x080013b4                rcc_periph_reset_pulse
 .text.rcc_periph_reset_hold
                0x080013d4        0x8 ../libopencm3/lib/libopencm3_stm32l0.a(rcc_common_all.o)
                0x080013d4                rcc_periph_reset_hold
 .text.rcc_periph_reset_release
                0x080013dc        0x8 ../libopencm3/lib/libopencm3_stm32l0.a(rcc_common_all.o)
                0x080013dc                rcc_periph_reset_release
 .text.rcc_set_mco
                0x080013e4       0x18 ../libopencm3/lib/libopencm3_stm32l0.a(rcc_common_all.o)
                0x080013e4                rcc_set_mco
 .text.rcc_osc_bypass_enable
                0x080013fc       0x2c ../libopencm3/lib/libopencm3_stm32l0.a(rcc_common_all.o)
                0x080013fc                rcc_osc_bypass_enable
 .text.rcc_osc_bypass_disable
                0x08001428       0x30 ../libopencm3/lib/libopencm3_stm32l0.a(rcc_common_all.o)
                0x08001428                rcc_osc_bypass_disable
 .text.rcc_get_div_from_hpre
                0x08001458       0x1a ../libopencm3/lib/libopencm3_stm32l0.a(rcc_common_all.o)
                0x08001458                rcc_get_div_from_hpre
 .text          0x08001472        0x0 ../libopencm3/lib/libopencm3_stm32l0.a(timer_common_all.o)
 .text.timer_enable_irq
                0x08001472        0x8 ../libopencm3/lib/libopencm3_stm32l0.a(timer_common_all.o)
                0x08001472                timer_enable_irq
 .text.timer_disable_irq
                0x0800147a        0x8 ../libopencm3/lib/libopencm3_stm32l0.a(timer_common_all.o)
                0x0800147a                timer_disable_irq
 .text.timer_interrupt_source
                0x08001482       0x18 ../libopencm3/lib/libopencm3_stm32l0.a(timer_common_all.o)
                0x08001482                timer_interrupt_source
 .text.timer_get_flag
                0x0800149a        0xe ../libopencm3/lib/libopencm3_stm32l0.a(timer_common_all.o)
                0x0800149a                timer_get_flag
 .text.timer_clear_flag
                0x080014a8        0x6 ../libopencm3/lib/libopencm3_stm32l0.a(timer_common_all.o)
                0x080014a8                timer_clear_flag
 *fill*         0x080014ae        0x2 
 .text.timer_set_mode
                0x080014b0       0x18 ../libopencm3/lib/libopencm3_stm32l0.a(timer_common_all.o)
                0x080014b0                timer_set_mode
 .text.timer_set_clock_division
                0x080014c8       0x1c ../libopencm3/lib/libopencm3_stm32l0.a(timer_common_all.o)
                0x080014c8                timer_set_clock_division
 .text.timer_enable_preload
                0x080014e4        0xa ../libopencm3/lib/libopencm3_stm32l0.a(timer_common_all.o)
                0x080014e4                timer_enable_preload
 .text.timer_disable_preload
                0x080014ee        0xa ../libopencm3/lib/libopencm3_stm32l0.a(timer_common_all.o)
                0x080014ee                timer_disable_preload
 .text.timer_set_alignment
                0x080014f8       0x12 ../libopencm3/lib/libopencm3_stm32l0.a(timer_common_all.o)
                0x080014f8                timer_set_alignment
 .text.timer_direction_up
                0x0800150a        0xa ../libopencm3/lib/libopencm3_stm32l0.a(timer_common_all.o)
                0x0800150a                timer_direction_up
 .text.timer_direction_down
                0x08001514        0xa ../libopencm3/lib/libopencm3_stm32l0.a(timer_common_all.o)
                0x08001514                timer_direction_down
 .text.timer_one_shot_mode
                0x0800151e        0xa ../libopencm3/lib/libopencm3_stm32l0.a(timer_common_all.o)
                0x0800151e                timer_one_shot_mode
 .text.timer_continuous_mode
                0x08001528        0xa ../libopencm3/lib/libopencm3_stm32l0.a(timer_common_all.o)
                0x08001528                timer_continuous_mode
 .text.timer_update_on_any
                0x08001532        0xa ../libopencm3/lib/libopencm3_stm32l0.a(timer_common_all.o)
                0x08001532                timer_update_on_any
 .text.timer_update_on_overflow
                0x0800153c        0xa ../libopencm3/lib/libopencm3_stm32l0.a(timer_common_all.o)
                0x0800153c                timer_update_on_overflow
 .text.timer_enable_update_event
                0x08001546        0xa ../libopencm3/lib/libopencm3_stm32l0.a(timer_common_all.o)
                0x08001546                timer_enable_update_event
 .text.timer_disable_update_event
                0x08001550        0xa ../libopencm3/lib/libopencm3_stm32l0.a(timer_common_all.o)
                0x08001550                timer_disable_update_event
 .text.timer_enable_counter
                0x0800155a        0xa ../libopencm3/lib/libopencm3_stm32l0.a(timer_common_all.o)
                0x0800155a                timer_enable_counter
 .text.timer_disable_counter
                0x08001564        0xa ../libopencm3/lib/libopencm3_stm32l0.a(timer_common_all.o)
                0x08001564                timer_disable_counter
 .text.timer_set_output_idle_state
                0x0800156e        0xe ../libopencm3/lib/libopencm3_stm32l0.a(timer_common_all.o)
                0x0800156e                timer_set_output_idle_state
 .text.timer_reset_output_idle_state
                0x0800157c        0xe ../libopencm3/lib/libopencm3_stm32l0.a(timer_common_all.o)
                0x0800157c                timer_reset_output_idle_state
 .text.timer_set_ti1_ch123_xor
                0x0800158a        0xa ../libopencm3/lib/libopencm3_stm32l0.a(timer_common_all.o)
                0x0800158a                timer_set_ti1_ch123_xor
 .text.timer_set_ti1_ch1
                0x08001594        0xa ../libopencm3/lib/libopencm3_stm32l0.a(timer_common_all.o)
                0x08001594                timer_set_ti1_ch1
 .text.timer_set_master_mode
                0x0800159e       0x10 ../libopencm3/lib/libopencm3_stm32l0.a(timer_common_all.o)
                0x0800159e                timer_set_master_mode
 .text.timer_set_dma_on_compare_event
                0x080015ae        0xa ../libopencm3/lib/libopencm3_stm32l0.a(timer_common_all.o)
                0x080015ae                timer_set_dma_on_compare_event
 .text.timer_set_dma_on_update_event
                0x080015b8        0xa ../libopencm3/lib/libopencm3_stm32l0.a(timer_common_all.o)
                0x080015b8                timer_set_dma_on_update_event
 .text.timer_enable_compare_control_update_on_trigger
                0x080015c2        0xa ../libopencm3/lib/libopencm3_stm32l0.a(timer_common_all.o)
                0x080015c2                timer_enable_compare_control_update_on_trigger
 .text.timer_disable_compare_control_update_on_trigger
                0x080015cc        0xa ../libopencm3/lib/libopencm3_stm32l0.a(timer_common_all.o)
                0x080015cc                timer_disable_compare_control_update_on_trigger
 .text.timer_enable_preload_complementry_enable_bits
                0x080015d6        0xa ../libopencm3/lib/libopencm3_stm32l0.a(timer_common_all.o)
                0x080015d6                timer_enable_preload_complementry_enable_bits
 .text.timer_disable_preload_complementry_enable_bits
                0x080015e0        0xa ../libopencm3/lib/libopencm3_stm32l0.a(timer_common_all.o)
                0x080015e0                timer_disable_preload_complementry_enable_bits
 .text.timer_set_prescaler
                0x080015ea        0x4 ../libopencm3/lib/libopencm3_stm32l0.a(timer_common_all.o)
                0x080015ea                timer_set_prescaler
 .text.timer_set_repetition_counter
                0x080015ee        0x4 ../libopencm3/lib/libopencm3_stm32l0.a(timer_common_all.o)
                0x080015ee                timer_set_repetition_counter
 .text.timer_set_period
                0x080015f2        0x4 ../libopencm3/lib/libopencm3_stm32l0.a(timer_common_all.o)
                0x080015f2                timer_set_period
 .text.timer_enable_oc_clear
                0x080015f6       0x3a ../libopencm3/lib/libopencm3_stm32l0.a(timer_common_all.o)
                0x080015f6                timer_enable_oc_clear
 .text.timer_disable_oc_clear
                0x08001630       0x40 ../libopencm3/lib/libopencm3_stm32l0.a(timer_common_all.o)
                0x08001630                timer_disable_oc_clear
 .text.timer_set_oc_fast_mode
                0x08001670       0x3a ../libopencm3/lib/libopencm3_stm32l0.a(timer_common_all.o)
                0x08001670                timer_set_oc_fast_mode
 *fill*         0x080016aa        0x2 
 .text.timer_set_oc_slow_mode
                0x080016ac       0x40 ../libopencm3/lib/libopencm3_stm32l0.a(timer_common_all.o)
                0x080016ac                timer_set_oc_slow_mode
 .text.timer_set_oc1_mode
                0x080016ec       0x5a ../libopencm3/lib/libopencm3_stm32l0.a(timer_common_all.o)
                0x080016ec                timer_set_oc1_mode
 *fill*         0x08001746        0x2 
 .text.timer_set_oc2_mode
                0x08001748       0x6c ../libopencm3/lib/libopencm3_stm32l0.a(timer_common_all.o)
                0x08001748                timer_set_oc2_mode
 .text.timer_set_oc3_mode
                0x080017b4       0x5a ../libopencm3/lib/libopencm3_stm32l0.a(timer_common_all.o)
                0x080017b4                timer_set_oc3_mode
 *fill*         0x0800180e        0x2 
 .text.timer_set_oc4_mode
                0x08001810       0x6c ../libopencm3/lib/libopencm3_stm32l0.a(timer_common_all.o)
                0x08001810                timer_set_oc4_mode
 .text.timer_set_oc_mode
                0x0800187c       0x38 ../libopencm3/lib/libopencm3_stm32l0.a(timer_common_all.o)
                0x0800187c                timer_set_oc_mode
 .text.timer_enable_oc_preload
                0x080018b4       0x3a ../libopencm3/lib/libopencm3_stm32l0.a(timer_common_all.o)
                0x080018b4                timer_enable_oc_preload
 *fill*         0x080018ee        0x2 
 .text.timer_disable_oc_preload
                0x080018f0       0x40 ../libopencm3/lib/libopencm3_stm32l0.a(timer_common_all.o)
                0x080018f0                timer_disable_oc_preload
 .text.timer_set_oc_polarity_high
                0x08001930       0x48 ../libopencm3/lib/libopencm3_stm32l0.a(timer_common_all.o)
                0x08001930                timer_set_oc_polarity_high
 .text.timer_set_oc_polarity_low
                0x08001978       0x3e ../libopencm3/lib/libopencm3_stm32l0.a(timer_common_all.o)
                0x08001978                timer_set_oc_polarity_low
 .text.timer_enable_oc_output
                0x080019b6       0x3e ../libopencm3/lib/libopencm3_stm32l0.a(timer_common_all.o)
                0x080019b6                timer_enable_oc_output
 .text.timer_disable_oc_output
                0x080019f4       0x48 ../libopencm3/lib/libopencm3_stm32l0.a(timer_common_all.o)
                0x080019f4                timer_disable_oc_output
 .text.timer_set_oc_idle_state_set
                0x08001a3c       0x3a ../libopencm3/lib/libopencm3_stm32l0.a(timer_common_all.o)
                0x08001a3c                timer_set_oc_idle_state_set
 *fill*         0x08001a76        0x2 
 .text.timer_set_oc_idle_state_unset
                0x08001a78       0x54 ../libopencm3/lib/libopencm3_stm32l0.a(timer_common_all.o)
                0x08001a78                timer_set_oc_idle_state_unset
 .text.timer_set_oc_value
                0x08001acc       0x26 ../libopencm3/lib/libopencm3_stm32l0.a(timer_common_all.o)
                0x08001acc                timer_set_oc_value
 .text.timer_enable_break_main_output
                0x08001af2        0xc ../libopencm3/lib/libopencm3_stm32l0.a(timer_common_all.o)
                0x08001af2                timer_enable_break_main_output
 *fill*         0x08001afe        0x2 
 .text.timer_disable_break_main_output
                0x08001b00       0x10 ../libopencm3/lib/libopencm3_stm32l0.a(timer_common_all.o)
                0x08001b00                timer_disable_break_main_output
 .text.timer_enable_break_automatic_output
                0x08001b10        0xc ../libopencm3/lib/libopencm3_stm32l0.a(timer_common_all.o)
                0x08001b10                timer_enable_break_automatic_output
 .text.timer_disable_break_automatic_output
                0x08001b1c       0x10 ../libopencm3/lib/libopencm3_stm32l0.a(timer_common_all.o)
                0x08001b1c                timer_disable_break_automatic_output
 .text.timer_set_break_polarity_high
                0x08001b2c        0xc ../libopencm3/lib/libopencm3_stm32l0.a(timer_common_all.o)
                0x08001b2c                timer_set_break_polarity_high
 .text.timer_set_break_polarity_low
                0x08001b38       0x10 ../libopencm3/lib/libopencm3_stm32l0.a(timer_common_all.o)
                0x08001b38                timer_set_break_polarity_low
 .text.timer_enable_break
                0x08001b48        0xc ../libopencm3/lib/libopencm3_stm32l0.a(timer_common_all.o)
                0x08001b48                timer_enable_break
 .text.timer_disable_break
                0x08001b54       0x10 ../libopencm3/lib/libopencm3_stm32l0.a(timer_common_all.o)
                0x08001b54                timer_disable_break
 .text.timer_set_enabled_off_state_in_run_mode
                0x08001b64        0xc ../libopencm3/lib/libopencm3_stm32l0.a(timer_common_all.o)
                0x08001b64                timer_set_enabled_off_state_in_run_mode
 .text.timer_set_disabled_off_state_in_run_mode
                0x08001b70       0x10 ../libopencm3/lib/libopencm3_stm32l0.a(timer_common_all.o)
                0x08001b70                timer_set_disabled_off_state_in_run_mode
 .text.timer_set_enabled_off_state_in_idle_mode
                0x08001b80        0xc ../libopencm3/lib/libopencm3_stm32l0.a(timer_common_all.o)
                0x08001b80                timer_set_enabled_off_state_in_idle_mode
 .text.timer_set_disabled_off_state_in_idle_mode
                0x08001b8c       0x10 ../libopencm3/lib/libopencm3_stm32l0.a(timer_common_all.o)
                0x08001b8c                timer_set_disabled_off_state_in_idle_mode
 .text.timer_set_break_lock
                0x08001b9c        0x8 ../libopencm3/lib/libopencm3_stm32l0.a(timer_common_all.o)
                0x08001b9c                timer_set_break_lock
 .text.timer_set_deadtime
                0x08001ba4        0x8 ../libopencm3/lib/libopencm3_stm32l0.a(timer_common_all.o)
                0x08001ba4                timer_set_deadtime
 .text.timer_generate_event
                0x08001bac        0x8 ../libopencm3/lib/libopencm3_stm32l0.a(timer_common_all.o)
                0x08001bac                timer_generate_event
 .text.timer_get_counter
                0x08001bb4        0x4 ../libopencm3/lib/libopencm3_stm32l0.a(timer_common_all.o)
                0x08001bb4                timer_get_counter
 .text.timer_set_counter
                0x08001bb8        0x4 ../libopencm3/lib/libopencm3_stm32l0.a(timer_common_all.o)
                0x08001bb8                timer_set_counter
 .text.timer_ic_set_filter
                0x08001bbc       0x58 ../libopencm3/lib/libopencm3_stm32l0.a(timer_common_all.o)
                0x08001bbc                timer_ic_set_filter
 .text.timer_ic_set_prescaler
                0x08001c14       0x58 ../libopencm3/lib/libopencm3_stm32l0.a(timer_common_all.o)
                0x08001c14                timer_ic_set_prescaler
 .text.timer_ic_set_input
                0x08001c6c       0x68 ../libopencm3/lib/libopencm3_stm32l0.a(timer_common_all.o)
                0x08001c6c                timer_ic_set_input
 .text.timer_ic_enable
                0x08001cd4        0xe ../libopencm3/lib/libopencm3_stm32l0.a(timer_common_all.o)
                0x08001cd4                timer_ic_enable
 .text.timer_ic_disable
                0x08001ce2        0xe ../libopencm3/lib/libopencm3_stm32l0.a(timer_common_all.o)
                0x08001ce2                timer_ic_disable
 .text.timer_slave_set_filter
                0x08001cf0       0x18 ../libopencm3/lib/libopencm3_stm32l0.a(timer_common_all.o)
                0x08001cf0                timer_slave_set_filter
 .text.timer_slave_set_prescaler
                0x08001d08       0x18 ../libopencm3/lib/libopencm3_stm32l0.a(timer_common_all.o)
                0x08001d08                timer_slave_set_prescaler
 .text.timer_slave_set_polarity
                0x08001d20       0x1c ../libopencm3/lib/libopencm3_stm32l0.a(timer_common_all.o)
                0x08001d20                timer_slave_set_polarity
 .text.timer_slave_set_mode
                0x08001d3c       0x10 ../libopencm3/lib/libopencm3_stm32l0.a(timer_common_all.o)
                0x08001d3c                timer_slave_set_mode
 .text.timer_slave_set_trigger
                0x08001d4c       0x10 ../libopencm3/lib/libopencm3_stm32l0.a(timer_common_all.o)
                0x08001d4c                timer_slave_set_trigger
 .text.timer_slave_set_extclockmode2
                0x08001d5c       0x1c ../libopencm3/lib/libopencm3_stm32l0.a(timer_common_all.o)
                0x08001d5c                timer_slave_set_extclockmode2
 .text          0x08001d78        0x0 ../libopencm3/lib/libopencm3_stm32l0.a(vector.o)
 .text.blocking_handler
                0x08001d78        0x2 ../libopencm3/lib/libopencm3_stm32l0.a(vector.o)
                0x08001d78                rtc_isr
                0x08001d78                tim7_isr
                0x08001d78                blocking_handler
                0x08001d78                tsc_isr
                0x08001d78                spi1_isr
                0x08001d78                i2c1_isr
                0x08001d78                i2c2_isr
                0x08001d78                tim21_isr
                0x08001d78                usart1_isr
                0x08001d78                i2c3_isr
                0x08001d78                reserved4_isr
                0x08001d78                exti2_3_isr
                0x08001d78                lptim1_isr
                0x08001d78                pvd_isr
                0x08001d78                rcc_isr
                0x08001d78                flash_isr
                0x08001d78                hard_fault_handler
                0x08001d78                spi2_isr
                0x08001d78                lpuart1_aes_rng_isr
                0x08001d78                usb_isr
                0x08001d78                tim3_isr
                0x08001d78                usart2_isr
                0x08001d78                adc_comp_isr
                0x08001d78                dma1_channel1_isr
                0x08001d78                tim6_dac_isr
                0x08001d78                lcd_isr
                0x08001d78                dma1_channel2_3_isr
                0x08001d78                tim22_isr
                0x08001d78                exti4_15_isr
                0x08001d78                usart4_5_isr
                0x08001d78                wwdg_isr
                0x08001d78                tim2_isr
                0x08001d78                dma1_channel4_5_isr
                0x08001d78                exti0_1_isr
 .text.null_handler
                0x08001d7a        0x2 ../libopencm3/lib/libopencm3_stm32l0.a(vector.o)
                0x08001d7a                null_handler
                0x08001d7a                sv_call_handler
                0x08001d7a                pend_sv_handler
                0x08001d7a                nmi_handler
 .text.reset_handler
                0x08001d7c       0x88 ../libopencm3/lib/libopencm3_stm32l0.a(vector.o)
                0x08001d7c                reset_handler
 .text          0x08001e04        0x0 ../libopencm3/lib/libopencm3_stm32l0.a(systick.o)
 .text.systick_set_reload
                0x08001e04       0x10 ../libopencm3/lib/libopencm3_stm32l0.a(systick.o)
                0x08001e04                systick_set_reload
 .text.systick_get_reload
                0x08001e14       0x10 ../libopencm3/lib/libopencm3_stm32l0.a(systick.o)
                0x08001e14                systick_get_reload
 .text.systick_get_value
                0x08001e24       0x10 ../libopencm3/lib/libopencm3_stm32l0.a(systick.o)
                0x08001e24                systick_get_value
 .text.systick_set_clocksource
                0x08001e34       0x14 ../libopencm3/lib/libopencm3_stm32l0.a(systick.o)
                0x08001e34                systick_set_clocksource
 .text.systick_set_frequency
                0x08001e48       0x24 ../libopencm3/lib/libopencm3_stm32l0.a(systick.o)
                0x08001e48                systick_set_frequency
 .text.systick_interrupt_enable
                0x08001e6c       0x10 ../libopencm3/lib/libopencm3_stm32l0.a(systick.o)
                0x08001e6c                systick_interrupt_enable
 .text.systick_interrupt_disable
                0x08001e7c       0x10 ../libopencm3/lib/libopencm3_stm32l0.a(systick.o)
                0x08001e7c                systick_interrupt_disable
 .text.systick_counter_enable
                0x08001e8c       0x10 ../libopencm3/lib/libopencm3_stm32l0.a(systick.o)
                0x08001e8c                systick_counter_enable
 .text.systick_counter_disable
                0x08001e9c       0x10 ../libopencm3/lib/libopencm3_stm32l0.a(systick.o)
                0x08001e9c                systick_counter_disable
 .text.systick_get_countflag
                0x08001eac       0x10 ../libopencm3/lib/libopencm3_stm32l0.a(systick.o)
                0x08001eac                systick_get_countflag
 .text.systick_clear
                0x08001ebc        0xc ../libopencm3/lib/libopencm3_stm32l0.a(systick.o)
                0x08001ebc                systick_clear
 .text.systick_get_calib
                0x08001ec8       0x10 ../libopencm3/lib/libopencm3_stm32l0.a(systick.o)
                0x08001ec8                systick_get_calib
 .text          0x08001ed8        0x0 ../libopencm3/lib/libopencm3_stm32l0.a(assert.o)
 .text.cm3_assert_failed
                0x08001ed8        0x2 ../libopencm3/lib/libopencm3_stm32l0.a(assert.o)
                0x08001ed8                cm3_assert_failed
 .text.cm3_assert_failed_verbose
                0x08001eda        0x6 ../libopencm3/lib/libopencm3_stm32l0.a(assert.o)
                0x08001eda                cm3_assert_failed_verbose
 .text          0x08001ee0        0x0 ../libopencm3/lib/libopencm3_stm32l0.a(flash_common_all.o)
 .text.flash_prefetch_enable
                0x08001ee0       0x10 ../libopencm3/lib/libopencm3_stm32l0.a(flash_common_all.o)
                0x08001ee0                flash_prefetch_enable
 .text.flash_prefetch_disable
                0x08001ef0       0x10 ../libopencm3/lib/libopencm3_stm32l0.a(flash_common_all.o)
                0x08001ef0                flash_prefetch_disable
 .text.flash_set_ws
                0x08001f00       0x14 ../libopencm3/lib/libopencm3_stm32l0.a(flash_common_all.o)
                0x08001f00                flash_set_ws
 .text.flash_unlock_option_bytes
                0x08001f14       0x18 ../libopencm3/lib/libopencm3_stm32l0.a(flash_common_all.o)
                0x08001f14                flash_unlock_option_bytes
 .text          0x08001f2c        0x0 ../libopencm3/lib/libopencm3_stm32l0.a(pwr_common_v2.o)
 .text.pwr_set_vos_scale
                0x08001f2c       0x34 ../libopencm3/lib/libopencm3_stm32l0.a(pwr_common_v2.o)
                0x08001f2c                pwr_set_vos_scale
 .text          0x08001f60       0x14 /usr/lib/gcc/arm-none-eabi/15.2.0/thumb/v6-m/nofp/libgcc.a(_thumb1_case_uqi.o)
                0x08001f60                __gnu_thumb1_case_uqi
 .text          0x08001f74      0x114 /usr/lib/gcc/arm-none-eabi/15.2.0/thumb/v6-m/nofp/libgcc.a(_udivsi3.o)
                0x08001f74                __udivsi3
                0x08001f74                __aeabi_uidiv
                0x08002080                __aeabi_uidivmod
 .text          0x08002088        0x4 /usr/lib/gcc/arm-none-eabi/15.2.0/thumb/v6-m/nofp/libgcc.a(_dvmd_tls.o)
                0x08002088                __aeabi_ldiv0
                0x08002088                __aeabi_idiv0
                0x0800208c                        . = ALIGN (0x4)
 *(.rodata*)
 .rodata        0x0800208c       0x7c /usr/lib/gcc/arm-none-eabi/15.2.0/thumb/v6-m/nofp/libgcc.a(divsf3.o)
 .rodata.rcc_hsi_configs
                0x08002108       0x54 ../libopencm3/lib/libopencm3_stm32l0.a(rcc.o)
                0x08002108                rcc_hsi_configs
                0x0800215c                        . = ALIGN (0x4)

.glue_7         0x0800215c        0x0
 .glue_7        0x0800215c        0x0 linker stubs

.glue_7t        0x0800215c        0x0
 .glue_7t       0x0800215c        0x0 linker stubs

.vfp11_veneer   0x0800215c        0x0
 .vfp11_veneer  0x0800215c        0x0 linker stubs

.v4_bx          0x0800215c        0x0
 .v4_bx         0x0800215c        0x0 linker stubs

.iplt           0x0800215c        0x0
 .iplt          0x0800215c        0x0 firmware.o

.rel.dyn        0x0800215c        0x0
 .rel.iplt      0x0800215c        0x0 firmware.o

.preinit_array  0x0800215c        0x0
                0x0800215c                        . = ALIGN (0x4)
                0x0800215c                        __preinit_array_start = .
 *(.preinit_array)
                0x0800215c                        __preinit_array_end = .

.init_array     0x0800215c        0x0
                0x0800215c                        . = ALIGN (0x4)
                0x0800215c                        __init_array_start = .
 *(SORT_BY_NAME(.init_array.*))
 *(.init_array)
                0x0800215c                        __init_array_end = .

.fini_array     0x0800215c        0x0
                0x0800215c                        . = ALIGN (0x4)
                0x0800215c                        __fini_array_start = .
 *(.fini_array)
 *(SORT_BY_NAME(.fini_array.*))
                0x0800215c                        __fini_array_end = .

.ARM.extab
 *(.ARM.extab*)

.ARM.exidx      0x0800215c        0x0
                0x0800215c                        __exidx_start = .
 *(.ARM.exidx*)
                0x0800215c                        __exidx_end = .
                0x0800215c                        . = ALIGN (0x4)
                0x0800215c                        _etext = .

.noinit
 *(.noinit*)
                0x0800215c                        . = ALIGN (0x4)

.data           0x20000000        0xc load address 0x0800215c
                0x20000000                        _data = .
 *(.data*)
 .data          0x20000000        0x0 firmware.o
 .data          0x20000000        0x0 core/system.o
 .data          0x20000000        0x0 core/timer.o
 .data          0x20000000        0x0 /usr/lib/gcc/arm-none-eabi/15.2.0/thumb/v6-m/nofp/libgcc.a(_fixunssfsi.o)
 .data          0x20000000        0x0 /usr/lib/gcc/arm-none-eabi/15.2.0/thumb/v6-m/nofp/libgcc.a(divsf3.o)
 .data          0x20000000        0x0 /usr/lib/gcc/arm-none-eabi/15.2.0/thumb/v6-m/nofp/libgcc.a(mulsf3.o)
 .data          0x20000000        0x0 /usr/lib/gcc/arm-none-eabi/15.2.0/thumb/v6-m/nofp/libgcc.a(subsf3.o)
 .data          0x20000000        0x0 /usr/lib/gcc/arm-none-eabi/15.2.0/thumb/v6-m/nofp/libgcc.a(fixsfsi.o)
 .data          0x20000000        0x0 /usr/lib/gcc/arm-none-eabi/15.2.0/thumb/v6-m/nofp/libgcc.a(_arm_cmpsf2.o)
 .data          0x20000000        0x0 /usr/lib/gcc/arm-none-eabi/15.2.0/thumb/v6-m/nofp/libgcc.a(_clzsi2.o)
 .data          0x20000000        0x0 /usr/lib/gcc/arm-none-eabi/15.2.0/thumb/v6-m/nofp/libgcc.a(eqsf2.o)
 .data          0x20000000        0x0 /usr/lib/gcc/arm-none-eabi/15.2.0/thumb/v6-m/nofp/libgcc.a(gesf2.o)
 .data          0x20000000        0x0 /usr/lib/gcc/arm-none-eabi/15.2.0/thumb/v6-m/nofp/libgcc.a(lesf2.o)
 .data          0x20000000        0x0 ../libopencm3/lib/libopencm3_stm32l0.a(rcc.o)
 .data.rcc_apb2_frequency
                0x20000000        0x4 ../libopencm3/lib/libopencm3_stm32l0.a(rcc.o)
                0x20000000                rcc_apb2_frequency
 .data.rcc_apb1_frequency
                0x20000004        0x4 ../libopencm3/lib/libopencm3_stm32l0.a(rcc.o)
                0x20000004                rcc_apb1_frequency
 .data.rcc_ahb_frequency
                0x20000008        0x4 ../libopencm3/lib/libopencm3_stm32l0.a(rcc.o)
                0x20000008                rcc_ahb_frequency
 .data          0x2000000c        0x0 ../libopencm3/lib/libopencm3_stm32l0.a(rcc_common_all.o)
 .data          0x2000000c        0x0 ../libopencm3/lib/libopencm3_stm32l0.a(timer_common_all.o)
 .data          0x2000000c        0x0 ../libopencm3/lib/libopencm3_stm32l0.a(vector.o)
 .data          0x2000000c        0x0 ../libopencm3/lib/libopencm3_stm32l0.a(systick.o)
 .data          0x2000000c        0x0 ../libopencm3/lib/libopencm3_stm32l0.a(assert.o)
 .data          0x2000000c        0x0 ../libopencm3/lib/libopencm3_stm32l0.a(flash_common_all.o)
 .data          0x2000000c        0x0 ../libopencm3/lib/libopencm3_stm32l0.a(pwr_common_v2.o)
 .data          0x2000000c        0x0 /usr/lib/gcc/arm-none-eabi/15.2.0/thumb/v6-m/nofp/libgcc.a(_thumb1_case_uqi.o)
 .data          0x2000000c        0x0 /usr/lib/gcc/arm-none-eabi/15.2.0/thumb/v6-m/nofp/libgcc.a(_udivsi3.o)
 .data          0x2000000c        0x0 /usr/lib/gcc/arm-none-eabi/15.2.0/thumb/v6-m/nofp/libgcc.a(_dvmd_tls.o)
 *(.ramtext*)
                0x2000000c                        . = ALIGN (0x4)
                0x2000000c                        _edata = .
                0x0800215c                        _data_loadaddr = LOADADDR (.data)

.igot.plt       0x2000000c        0x0 load address 0x08002168
 .igot.plt      0x2000000c        0x0 firmware.o

.bss            0x20000010        0x8 load address 0x08002168
 *(.bss*)
 .bss           0x20000010        0x0 firmware.o
 .bss           0x20000010        0x8 core/system.o
                0x20000010                ticks
 .bss           0x20000018        0x0 core/timer.o
 .bss           0x20000018        0x0 /usr/lib/gcc/arm-none-eabi/15.2.0/thumb/v6-m/nofp/libgcc.a(_fixunssfsi.o)
 .bss           0x20000018        0x0 /usr/lib/gcc/arm-none-eabi/15.2.0/thumb/v6-m/nofp/libgcc.a(divsf3.o)
 .bss           0x20000018        0x0 /usr/lib/gcc/arm-none-eabi/15.2.0/thumb/v6-m/nofp/libgcc.a(mulsf3.o)
 .bss           0x20000018        0x0 /usr/lib/gcc/arm-none-eabi/15.2.0/thumb/v6-m/nofp/libgcc.a(subsf3.o)
 .bss           0x20000018        0x0 /usr/lib/gcc/arm-none-eabi/15.2.0/thumb/v6-m/nofp/libgcc.a(fixsfsi.o)
 .bss           0x20000018        0x0 /usr/lib/gcc/arm-none-eabi/15.2.0/thumb/v6-m/nofp/libgcc.a(_arm_cmpsf2.o)
 .bss           0x20000018        0x0 /usr/lib/gcc/arm-none-eabi/15.2.0/thumb/v6-m/nofp/libgcc.a(_clzsi2.o)
 .bss           0x20000018        0x0 /usr/lib/gcc/arm-none-eabi/15.2.0/thumb/v6-m/nofp/libgcc.a(eqsf2.o)
 .bss           0x20000018        0x0 /usr/lib/gcc/arm-none-eabi/15.2.0/thumb/v6-m/nofp/libgcc.a(gesf2.o)
 .bss           0x20000018        0x0 /usr/lib/gcc/arm-none-eabi/15.2.0/thumb/v6-m/nofp/libgcc.a(lesf2.o)
 .bss           0x20000018        0x0 ../libopencm3/lib/libopencm3_stm32l0.a(rcc.o)
 .bss           0x20000018        0x0 ../libopencm3/lib/libopencm3_stm32l0.a(rcc_common_all.o)
 .bss           0x20000018        0x0 ../libopencm3/lib/libopencm3_stm32l0.a(timer_common_all.o)
 .bss           0x20000018        0x0 ../libopencm3/lib/libopencm3_stm32l0.a(vector.o)
 .bss           0x20000018        0x0 ../libopencm3/lib/libopencm3_stm32l0.a(systick.o)
 .bss           0x20000018        0x0 ../libopencm3/lib/libopencm3_stm32l0.a(assert.o)
 .bss           0x20000018        0x0 ../libopencm3/lib/libopencm3_stm32l0.a(flash_common_all.o)
 .bss           0x20000018        0x0 ../libopencm3/lib/libopencm3_stm32l0.a(pwr_common_v2.o)
 .bss           0x20000018        0x0 /usr/lib/gcc/arm-none-eabi/15.2.0/thumb/v6-m/nofp/libgcc.a(_thumb1_case_uqi.o)
 .bss           0x20000018        0x0 /usr/lib/gcc/arm-none-eabi/15.2.0/thumb/v6-m/nofp/libgcc.a(_udivsi3.o)
 .bss           0x20000018        0x0 /usr/lib/gcc/arm-none-eabi/15.2.0/thumb/v6-m/nofp/libgcc.a(_dvmd_tls.o)
 *(COMMON)
                0x20000018                        . = ALIGN (0x4)
                0x20000018                        _ebss = .

/DISCARD/
 *(.eh_frame)
                0x20000018                        . = ALIGN (0x4)
                0x20000018                        end = .
                0x20005000                        PROVIDE (_stack = (ORIGIN (ram) + LENGTH (ram)))
OUTPUT(firmware.elf elf32-littlearm)
LOAD linker stubs

.debug_info     0x00000000     0x4cfa
 .debug_info    0x00000000      0x10c firmware.o
 .debug_info    0x0000010c      0x304 core/system.o
 .debug_info    0x00000410      0x55e core/timer.o
 .debug_info    0x0000096e      0x335 /usr/lib/gcc/arm-none-eabi/15.2.0/thumb/v6-m/nofp/libgcc.a(_fixunssfsi.o)
 .debug_info    0x00000ca3      0x340 /usr/lib/gcc/arm-none-eabi/15.2.0/thumb/v6-m/nofp/libgcc.a(divsf3.o)
 .debug_info    0x00000fe3      0x3ae /usr/lib/gcc/arm-none-eabi/15.2.0/thumb/v6-m/nofp/libgcc.a(mulsf3.o)
 .debug_info    0x00001391      0x32f /usr/lib/gcc/arm-none-eabi/15.2.0/thumb/v6-m/nofp/libgcc.a(subsf3.o)
 .debug_info    0x000016c0      0x1ad /usr/lib/gcc/arm-none-eabi/15.2.0/thumb/v6-m/nofp/libgcc.a(fixsfsi.o)
 .debug_info    0x0000186d       0x7e /usr/lib/gcc/arm-none-eabi/15.2.0/thumb/v6-m/nofp/libgcc.a(_arm_cmpsf2.o)
 .debug_info    0x000018eb       0x31 /usr/lib/gcc/arm-none-eabi/15.2.0/thumb/v6-m/nofp/libgcc.a(_clzsi2.o)
 .debug_info    0x0000191c      0x208 /usr/lib/gcc/arm-none-eabi/15.2.0/thumb/v6-m/nofp/libgcc.a(eqsf2.o)
 .debug_info    0x00001b24      0x224 /usr/lib/gcc/arm-none-eabi/15.2.0/thumb/v6-m/nofp/libgcc.a(gesf2.o)
 .debug_info    0x00001d48      0x224 /usr/lib/gcc/arm-none-eabi/15.2.0/thumb/v6-m/nofp/libgcc.a(lesf2.o)
 .debug_info    0x00001f6c      0xc63 ../libopencm3/lib/libopencm3_stm32l0.a(rcc.o)
 .debug_info    0x00002bcf      0x651 ../libopencm3/lib/libopencm3_stm32l0.a(rcc_common_all.o)
 .debug_info    0x00003220     0x1257 ../libopencm3/lib/libopencm3_stm32l0.a(timer_common_all.o)
 .debug_info    0x00004477      0x2c3 ../libopencm3/lib/libopencm3_stm32l0.a(vector.o)
 .debug_info    0x0000473a      0x23b ../libopencm3/lib/libopencm3_stm32l0.a(systick.o)
 .debug_info    0x00004975      0x101 ../libopencm3/lib/libopencm3_stm32l0.a(assert.o)
 .debug_info    0x00004a76       0xf6 ../libopencm3/lib/libopencm3_stm32l0.a(flash_common_all.o)
 .debug_info    0x00004b6c       0xe3 ../libopencm3/lib/libopencm3_stm32l0.a(pwr_common_v2.o)
 .debug_info    0x00004c4f       0x31 /usr/lib/gcc/arm-none-eabi/15.2.0/thumb/v6-m/nofp/libgcc.a(_thumb1_case_uqi.o)
 .debug_info    0x00004c80       0x3e /usr/lib/gcc/arm-none-eabi/15.2.0/thumb/v6-m/nofp/libgcc.a(_udivsi3.o)
 .debug_info    0x00004cbe       0x3c /usr/lib/gcc/arm-none-eabi/15.2.0/thumb/v6-m/nofp/libgcc.a(_dvmd_tls.o)

.debug_abbrev   0x00000000     0x19d9
 .debug_abbrev  0x00000000       0xc0 firmware.o
 .debug_abbrev  0x000000c0      0x198 core/system.o
 .debug_abbrev  0x00000258      0x11c core/timer.o
 .debug_abbrev  0x00000374       0xf3 /usr/lib/gcc/arm-none-eabi/15.2.0/thumb/v6-m/nofp/libgcc.a(_fixunssfsi.o)
 .debug_abbrev  0x00000467      0x159 /usr/lib/gcc/arm-none-eabi/15.2.0/thumb/v6-m/nofp/libgcc.a(divsf3.o)
 .debug_abbrev  0x000005c0      0x16a /usr/lib/gcc/arm-none-eabi/15.2.0/thumb/v6-m/nofp/libgcc.a(mulsf3.o)
 .debug_abbrev  0x0000072a      0x172 /usr/lib/gcc/arm-none-eabi/15.2.0/thumb/v6-m/nofp/libgcc.a(subsf3.o)
 .debug_abbrev  0x0000089c      0x15a /usr/lib/gcc/arm-none-eabi/15.2.0/thumb/v6-m/nofp/libgcc.a(fixsfsi.o)
 .debug_abbrev  0x000009f6       0x28 /usr/lib/gcc/arm-none-eabi/15.2.0/thumb/v6-m/nofp/libgcc.a(_arm_cmpsf2.o)
 .debug_abbrev  0x00000a1e       0x28 /usr/lib/gcc/arm-none-eabi/15.2.0/thumb/v6-m/nofp/libgcc.a(_clzsi2.o)
 .debug_abbrev  0x00000a46      0x147 /usr/lib/gcc/arm-none-eabi/15.2.0/thumb/v6-m/nofp/libgcc.a(eqsf2.o)
 .debug_abbrev  0x00000b8d      0x160 /usr/lib/gcc/arm-none-eabi/15.2.0/thumb/v6-m/nofp/libgcc.a(gesf2.o)
 .debug_abbrev  0x00000ced      0x160 /usr/lib/gcc/arm-none-eabi/15.2.0/thumb/v6-m/nofp/libgcc.a(lesf2.o)
 .debug_abbrev  0x00000e4d      0x362 ../libopencm3/lib/libopencm3_stm32l0.a(rcc.o)
 .debug_abbrev  0x000011af      0x174 ../libopencm3/lib/libopencm3_stm32l0.a(rcc_common_all.o)
 .debug_abbrev  0x00001323      0x1c7 ../libopencm3/lib/libopencm3_stm32l0.a(timer_common_all.o)
 .debug_abbrev  0x000014ea      0x149 ../libopencm3/lib/libopencm3_stm32l0.a(vector.o)
 .debug_abbrev  0x00001633      0x168 ../libopencm3/lib/libopencm3_stm32l0.a(systick.o)
 .debug_abbrev  0x0000179b       0x94 ../libopencm3/lib/libopencm3_stm32l0.a(assert.o)
 .debug_abbrev  0x0000182f       0x9d ../libopencm3/lib/libopencm3_stm32l0.a(flash_common_all.o)
 .debug_abbrev  0x000018cc       0x97 ../libopencm3/lib/libopencm3_stm32l0.a(pwr_common_v2.o)
 .debug_abbrev  0x00001963       0x28 /usr/lib/gcc/arm-none-eabi/15.2.0/thumb/v6-m/nofp/libgcc.a(_thumb1_case_uqi.o)
 .debug_abbrev  0x0000198b       0x28 /usr/lib/gcc/arm-none-eabi/15.2.0/thumb/v6-m/nofp/libgcc.a(_udivsi3.o)
 .debug_abbrev  0x000019b3       0x26 /usr/lib/gcc/arm-none-eabi/15.2.0/thumb/v6-m/nofp/libgcc.a(_dvmd_tls.o)

.debug_loclists
                0x00000000     0x337a
 .debug_loclists
                0x00000000       0x54 firmware.o
 .debug_loclists
                0x00000054       0x57 core/timer.o
 .debug_loclists
                0x000000ab       0x2e /usr/lib/gcc/arm-none-eabi/15.2.0/thumb/v6-m/nofp/libgcc.a(_fixunssfsi.o)
 .debug_loclists
                0x000000d9      0x601 /usr/lib/gcc/arm-none-eabi/15.2.0/thumb/v6-m/nofp/libgcc.a(divsf3.o)
 .debug_loclists
                0x000006da      0x672 /usr/lib/gcc/arm-none-eabi/15.2.0/thumb/v6-m/nofp/libgcc.a(mulsf3.o)
 .debug_loclists
                0x00000d4c      0xdb7 /usr/lib/gcc/arm-none-eabi/15.2.0/thumb/v6-m/nofp/libgcc.a(subsf3.o)
 .debug_loclists
                0x00001b03       0x81 /usr/lib/gcc/arm-none-eabi/15.2.0/thumb/v6-m/nofp/libgcc.a(fixsfsi.o)
 .debug_loclists
                0x00001b84       0x9a /usr/lib/gcc/arm-none-eabi/15.2.0/thumb/v6-m/nofp/libgcc.a(eqsf2.o)
 .debug_loclists
                0x00001c1e      0x147 /usr/lib/gcc/arm-none-eabi/15.2.0/thumb/v6-m/nofp/libgcc.a(gesf2.o)
 .debug_loclists
                0x00001d65      0x175 /usr/lib/gcc/arm-none-eabi/15.2.0/thumb/v6-m/nofp/libgcc.a(lesf2.o)
 .debug_loclists
                0x00001eda      0x56e ../libopencm3/lib/libopencm3_stm32l0.a(rcc.o)
 .debug_loclists
                0x00002448       0xb4 ../libopencm3/lib/libopencm3_stm32l0.a(rcc_common_all.o)
 .debug_loclists
                0x000024fc      0xc7f ../libopencm3/lib/libopencm3_stm32l0.a(timer_common_all.o)
 .debug_loclists
                0x0000317b       0xa1 ../libopencm3/lib/libopencm3_stm32l0.a(vector.o)
 .debug_loclists
                0x0000321c       0x8e ../libopencm3/lib/libopencm3_stm32l0.a(systick.o)
 .debug_loclists
                0x000032aa       0x80 ../libopencm3/lib/libopencm3_stm32l0.a(assert.o)
 .debug_loclists
                0x0000332a       0x1c ../libopencm3/lib/libopencm3_stm32l0.a(flash_common_all.o)
 .debug_loclists
                0x00003346       0x34 ../libopencm3/lib/libopencm3_stm32l0.a(pwr_common_v2.o)

.debug_aranges  0x00000000      0x748
 .debug_aranges
                0x00000000       0x28 firmware.o
 .debug_aranges
                0x00000028       0x20 core/system.o
 .debug_aranges
                0x00000048       0x20 core/timer.o
 .debug_aranges
                0x00000068       0x20 /usr/lib/gcc/arm-none-eabi/15.2.0/thumb/v6-m/nofp/libgcc.a(_fixunssfsi.o)
 .debug_aranges
                0x00000088       0x20 /usr/lib/gcc/arm-none-eabi/15.2.0/thumb/v6-m/nofp/libgcc.a(divsf3.o)
 .debug_aranges
                0x000000a8       0x20 /usr/lib/gcc/arm-none-eabi/15.2.0/thumb/v6-m/nofp/libgcc.a(mulsf3.o)
 .debug_aranges
                0x000000c8       0x20 /usr/lib/gcc/arm-none-eabi/15.2.0/thumb/v6-m/nofp/libgcc.a(subsf3.o)
 .debug_aranges
                0x000000e8       0x20 /usr/lib/gcc/arm-none-eabi/15.2.0/thumb/v6-m/nofp/libgcc.a(fixsfsi.o)
 .debug_aranges
                0x00000108       0x20 /usr/lib/gcc/arm-none-eabi/15.2.0/thumb/v6-m/nofp/libgcc.a(_arm_cmpsf2.o)
 .debug_aranges
                0x00000128       0x20 /usr/lib/gcc/arm-none-eabi/15.2.0/thumb/v6-m/nofp/libgcc.a(_clzsi2.o)
 .debug_aranges
                0x00000148       0x20 /usr/lib/gcc/arm-none-eabi/15.2.0/thumb/v6-m/nofp/libgcc.a(eqsf2.o)
 .debug_aranges
                0x00000168       0x20 /usr/lib/gcc/arm-none-eabi/15.2.0/thumb/v6-m/nofp/libgcc.a(gesf2.o)
 .debug_aranges
                0x00000188       0x20 /usr/lib/gcc/arm-none-eabi/15.2.0/thumb/v6-m/nofp/libgcc.a(lesf2.o)
 .debug_aranges
                0x000001a8      0x100 ../libopencm3/lib/libopencm3_stm32l0.a(rcc.o)
 .debug_aranges
                0x000002a8       0x80 ../libopencm3/lib/libopencm3_stm32l0.a(rcc_common_all.o)
 .debug_aranges
                0x00000328      0x298 ../libopencm3/lib/libopencm3_stm32l0.a(timer_common_all.o)
 .debug_aranges
                0x000005c0       0x30 ../libopencm3/lib/libopencm3_stm32l0.a(vector.o)
 .debug_aranges
                0x000005f0       0x78 ../libopencm3/lib/libopencm3_stm32l0.a(systick.o)
 .debug_aranges
                0x00000668       0x28 ../libopencm3/lib/libopencm3_stm32l0.a(assert.o)
 .debug_aranges
                0x00000690       0x38 ../libopencm3/lib/libopencm3_stm32l0.a(flash_common_all.o)
 .debug_aranges
                0x000006c8       0x20 ../libopencm3/lib/libopencm3_stm32l0.a(pwr_common_v2.o)
 .debug_aranges
                0x000006e8       0x20 /usr/lib/gcc/arm-none-eabi/15.2.0/thumb/v6-m/nofp/libgcc.a(_thumb1_case_uqi.o)
 .debug_aranges
                0x00000708       0x20 /usr/lib/gcc/arm-none-eabi/15.2.0/thumb/v6-m/nofp/libgcc.a(_udivsi3.o)
 .debug_aranges
                0x00000728       0x20 /usr/lib/gcc/arm-none-eabi/15.2.0/thumb/v6-m/nofp/libgcc.a(_dvmd_tls.o)

.debug_rnglists
                0x00000000      0x7af
 .debug_rnglists
                0x00000000       0x19 firmware.o
 .debug_rnglists
                0x00000019       0x81 /usr/lib/gcc/arm-none-eabi/15.2.0/thumb/v6-m/nofp/libgcc.a(divsf3.o)
 .debug_rnglists
                0x0000009a       0x83 /usr/lib/gcc/arm-none-eabi/15.2.0/thumb/v6-m/nofp/libgcc.a(mulsf3.o)
 .debug_rnglists
                0x0000011d      0x206 /usr/lib/gcc/arm-none-eabi/15.2.0/thumb/v6-m/nofp/libgcc.a(subsf3.o)
 .debug_rnglists
                0x00000323       0x1a /usr/lib/gcc/arm-none-eabi/15.2.0/thumb/v6-m/nofp/libgcc.a(fixsfsi.o)
 .debug_rnglists
                0x0000033d       0x23 /usr/lib/gcc/arm-none-eabi/15.2.0/thumb/v6-m/nofp/libgcc.a(eqsf2.o)
 .debug_rnglists
                0x00000360       0x2d /usr/lib/gcc/arm-none-eabi/15.2.0/thumb/v6-m/nofp/libgcc.a(gesf2.o)
 .debug_rnglists
                0x0000038d       0x28 /usr/lib/gcc/arm-none-eabi/15.2.0/thumb/v6-m/nofp/libgcc.a(lesf2.o)
 .debug_rnglists
                0x000003b5       0xe0 ../libopencm3/lib/libopencm3_stm32l0.a(rcc.o)
 .debug_rnglists
                0x00000495       0x5b ../libopencm3/lib/libopencm3_stm32l0.a(rcc_common_all.o)
 .debug_rnglists
                0x000004f0      0x1ed ../libopencm3/lib/libopencm3_stm32l0.a(timer_common_all.o)
 .debug_rnglists
                0x000006dd       0x20 ../libopencm3/lib/libopencm3_stm32l0.a(vector.o)
 .debug_rnglists
                0x000006fd       0x61 ../libopencm3/lib/libopencm3_stm32l0.a(systick.o)
 .debug_rnglists
                0x0000075e       0x19 ../libopencm3/lib/libopencm3_stm32l0.a(assert.o)
 .debug_rnglists
                0x00000777       0x25 ../libopencm3/lib/libopencm3_stm32l0.a(flash_common_all.o)
 .debug_rnglists
                0x0000079c       0x13 ../libopencm3/lib/libopencm3_stm32l0.a(pwr_common_v2.o)

.debug_macro    0x00000000     0x472c
 .debug_macro   0x00000000       0xa4 firmware.o
 .debug_macro   0x000000a4      0xacc firmware.o
 .debug_macro   0x00000b70       0x22 firmware.o
 .debug_macro   0x00000b92       0x8e firmware.o
 .debug_macro   0x00000c20       0x51 firmware.o
 .debug_macro   0x00000c71      0x103 firmware.o
 .debug_macro   0x00000d74       0x6a firmware.o
 .debug_macro   0x00000dde      0x1df firmware.o
 .debug_macro   0x00000fbd       0x10 firmware.o
 .debug_macro   0x00000fcd       0x52 firmware.o
 .debug_macro   0x0000101f      0x166 firmware.o
 .debug_macro   0x00001185      0x123 core/system.o
 .debug_macro   0x000012a8       0x10 core/system.o
 .debug_macro   0x000012b8       0x1c core/system.o
 .debug_macro   0x000012d4       0xe8 core/system.o
 .debug_macro   0x000013bc       0x69 core/system.o
 .debug_macro   0x00001425       0x49 core/system.o
 .debug_macro   0x0000146e       0xca core/system.o
 .debug_macro   0x00001538      0x16c core/system.o
 .debug_macro   0x000016a4       0x8e core/system.o
 .debug_macro   0x00001732       0x58 core/system.o
 .debug_macro   0x0000178a      0x903 core/system.o
 .debug_macro   0x0000208d      0x10c core/timer.o
 .debug_macro   0x00002199      0xf5b core/timer.o
 .debug_macro   0x000030f4      0x11e core/timer.o
 .debug_macro   0x00003212      0x113 ../libopencm3/lib/libopencm3_stm32l0.a(rcc.o)
 .debug_macro   0x00003325      0xab4 ../libopencm3/lib/libopencm3_stm32l0.a(rcc.o)
 .debug_macro   0x00003dd9       0x56 ../libopencm3/lib/libopencm3_stm32l0.a(rcc.o)
 .debug_macro   0x00003e2f       0x22 ../libopencm3/lib/libopencm3_stm32l0.a(rcc.o)
 .debug_macro   0x00003e51       0x16 ../libopencm3/lib/libopencm3_stm32l0.a(rcc.o)
 .debug_macro   0x00003e67      0x166 ../libopencm3/lib/libopencm3_stm32l0.a(rcc.o)
 .debug_macro   0x00003fcd       0x46 ../libopencm3/lib/libopencm3_stm32l0.a(rcc.o)
 .debug_macro   0x00004013       0xfa ../libopencm3/lib/libopencm3_stm32l0.a(rcc_common_all.o)
 .debug_macro   0x0000410d       0xf6 ../libopencm3/lib/libopencm3_stm32l0.a(timer_common_all.o)
 .debug_macro   0x00004203       0xcf ../libopencm3/lib/libopencm3_stm32l0.a(vector.o)
 .debug_macro   0x000042d2      0x19f ../libopencm3/lib/libopencm3_stm32l0.a(vector.o)
 .debug_macro   0x00004471       0x92 ../libopencm3/lib/libopencm3_stm32l0.a(systick.o)
 .debug_macro   0x00004503       0x89 ../libopencm3/lib/libopencm3_stm32l0.a(assert.o)
 .debug_macro   0x0000458c       0xbc ../libopencm3/lib/libopencm3_stm32l0.a(flash_common_all.o)
 .debug_macro   0x00004648       0xe4 ../libopencm3/lib/libopencm3_stm32l0.a(pwr_common_v2.o)

.debug_line     0x00000000     0x5d39
 .debug_line    0x00000000      0x232 firmware.o
 .debug_line    0x00000232      0x365 core/system.o
 .debug_line    0x00000597      0x300 core/timer.o
 .debug_line    0x00000897       0xbd /usr/lib/gcc/arm-none-eabi/15.2.0/thumb/v6-m/nofp/libgcc.a(_fixunssfsi.o)
 .debug_line    0x00000954      0x503 /usr/lib/gcc/arm-none-eabi/15.2.0/thumb/v6-m/nofp/libgcc.a(divsf3.o)
 .debug_line    0x00000e57      0x50c /usr/lib/gcc/arm-none-eabi/15.2.0/thumb/v6-m/nofp/libgcc.a(mulsf3.o)
 .debug_line    0x00001363      0xeb4 /usr/lib/gcc/arm-none-eabi/15.2.0/thumb/v6-m/nofp/libgcc.a(subsf3.o)
 .debug_line    0x00002217      0x13f /usr/lib/gcc/arm-none-eabi/15.2.0/thumb/v6-m/nofp/libgcc.a(fixsfsi.o)
 .debug_line    0x00002356       0x5f /usr/lib/gcc/arm-none-eabi/15.2.0/thumb/v6-m/nofp/libgcc.a(_arm_cmpsf2.o)
 .debug_line    0x000023b5       0x5e /usr/lib/gcc/arm-none-eabi/15.2.0/thumb/v6-m/nofp/libgcc.a(_clzsi2.o)
 .debug_line    0x00002413      0x18a /usr/lib/gcc/arm-none-eabi/15.2.0/thumb/v6-m/nofp/libgcc.a(eqsf2.o)
 .debug_line    0x0000259d      0x252 /usr/lib/gcc/arm-none-eabi/15.2.0/thumb/v6-m/nofp/libgcc.a(gesf2.o)
 .debug_line    0x000027ef      0x24d /usr/lib/gcc/arm-none-eabi/15.2.0/thumb/v6-m/nofp/libgcc.a(lesf2.o)
 .debug_line    0x00002a3c      0xb25 ../libopencm3/lib/libopencm3_stm32l0.a(rcc.o)
 .debug_line    0x00003561      0x459 ../libopencm3/lib/libopencm3_stm32l0.a(rcc_common_all.o)
 .debug_line    0x000039ba     0x14b3 ../libopencm3/lib/libopencm3_stm32l0.a(timer_common_all.o)
 .debug_line    0x00004e6d      0x347 ../libopencm3/lib/libopencm3_stm32l0.a(vector.o)
 .debug_line    0x000051b4      0x367 ../libopencm3/lib/libopencm3_stm32l0.a(systick.o)
 .debug_line    0x0000551b      0x199 ../libopencm3/lib/libopencm3_stm32l0.a(assert.o)
 .debug_line    0x000056b4      0x2e2 ../libopencm3/lib/libopencm3_stm32l0.a(flash_common_all.o)
 .debug_line    0x00005996      0x2b1 ../libopencm3/lib/libopencm3_stm32l0.a(pwr_common_v2.o)
 .debug_line    0x00005c47       0x52 /usr/lib/gcc/arm-none-eabi/15.2.0/thumb/v6-m/nofp/libgcc.a(_thumb1_case_uqi.o)
 .debug_line    0x00005c99       0x56 /usr/lib/gcc/arm-none-eabi/15.2.0/thumb/v6-m/nofp/libgcc.a(_udivsi3.o)
 .debug_line    0x00005cef       0x4a /usr/lib/gcc/arm-none-eabi/15.2.0/thumb/v6-m/nofp/libgcc.a(_dvmd_tls.o)

.debug_str      0x00000000    0x10125
 .debug_str     0x00000000    0x10125 firmware.o
                               0x4854 (size before relaxing)
 .debug_str     0x00010125        0x0 core/system.o
                               0x7e97 (size before relaxing)
 .debug_str     0x00010125        0x0 core/timer.o
                               0xc314 (size before relaxing)
 .debug_str     0x00010125        0x0 /usr/lib/gcc/arm-none-eabi/15.2.0/thumb/v6-m/nofp/libgcc.a(_fixunssfsi.o)
                                0x67f (size before relaxing)
 .debug_str     0x00010125        0x0 /usr/lib/gcc/arm-none-eabi/15.2.0/thumb/v6-m/nofp/libgcc.a(divsf3.o)
                                0x301 (size before relaxing)
 .debug_str     0x00010125        0x0 /usr/lib/gcc/arm-none-eabi/15.2.0/thumb/v6-m/nofp/libgcc.a(mulsf3.o)
                                0x301 (size before relaxing)
 .debug_str     0x00010125        0x0 /usr/lib/gcc/arm-none-eabi/15.2.0/thumb/v6-m/nofp/libgcc.a(subsf3.o)
                                0x2dc (size before relaxing)
 .debug_str     0x00010125        0x0 /usr/lib/gcc/arm-none-eabi/15.2.0/thumb/v6-m/nofp/libgcc.a(fixsfsi.o)
                                0x214 (size before relaxing)
 .debug_str     0x00010125        0x0 /usr/lib/gcc/arm-none-eabi/15.2.0/thumb/v6-m/nofp/libgcc.a(_arm_cmpsf2.o)
                                0x14e (size before relaxing)
 .debug_str     0x00010125        0x0 /usr/lib/gcc/arm-none-eabi/15.2.0/thumb/v6-m/nofp/libgcc.a(_clzsi2.o)
                                 0xdb (size before relaxing)
 .debug_str     0x00010125        0x0 /usr/lib/gcc/arm-none-eabi/15.2.0/thumb/v6-m/nofp/libgcc.a(eqsf2.o)
                                0x20a (size before relaxing)
 .debug_str     0x00010125        0x0 /usr/lib/gcc/arm-none-eabi/15.2.0/thumb/v6-m/nofp/libgcc.a(gesf2.o)
                                0x22e (size before relaxing)
 .debug_str     0x00010125        0x0 /usr/lib/gcc/arm-none-eabi/15.2.0/thumb/v6-m/nofp/libgcc.a(lesf2.o)
                                0x22e (size before relaxing)
 .debug_str     0x00010125        0x0 ../libopencm3/lib/libopencm3_stm32l0.a(rcc.o)
                               0x8719 (size before relaxing)
 .debug_str     0x00010125        0x0 ../libopencm3/lib/libopencm3_stm32l0.a(rcc_common_all.o)
                               0x7ba0 (size before relaxing)
 .debug_str     0x00010125        0x0 ../libopencm3/lib/libopencm3_stm32l0.a(timer_common_all.o)
                               0xc960 (size before relaxing)
 .debug_str     0x00010125        0x0 ../libopencm3/lib/libopencm3_stm32l0.a(vector.o)
                               0x545b (size before relaxing)
 .debug_str     0x00010125        0x0 ../libopencm3/lib/libopencm3_stm32l0.a(systick.o)
                               0x455e (size before relaxing)
 .debug_str     0x00010125        0x0 ../libopencm3/lib/libopencm3_stm32l0.a(assert.o)
                               0x417b (size before relaxing)
 .debug_str     0x00010125        0x0 ../libopencm3/lib/libopencm3_stm32l0.a(flash_common_all.o)
                               0x54a1 (size before relaxing)
 .debug_str     0x00010125        0x0 ../libopencm3/lib/libopencm3_stm32l0.a(pwr_common_v2.o)
                               0x7571 (size before relaxing)
 .debug_str     0x00010125        0x0 /usr/lib/gcc/arm-none-eabi/15.2.0/thumb/v6-m/nofp/libgcc.a(_thumb1_case_uqi.o)
                                 0xe8 (size before relaxing)
 .debug_str     0x00010125        0x0 /usr/lib/gcc/arm-none-eabi/15.2.0/thumb/v6-m/nofp/libgcc.a(_udivsi3.o)
                                 0xed (size before relaxing)
 .debug_str     0x00010125        0x0 /usr/lib/gcc/arm-none-eabi/15.2.0/thumb/v6-m/nofp/libgcc.a(_dvmd_tls.o)
                                 0xee (size before relaxing)

.comment        0x00000000       0x23
 .comment       0x00000000       0x23 firmware.o
                                 0x24 (size before relaxing)
 .comment       0x00000023        0x0 core/system.o
                                 0x24 (size before relaxing)
 .comment       0x00000023        0x0 core/timer.o
                                 0x24 (size before relaxing)
 .comment       0x00000023        0x0 /usr/lib/gcc/arm-none-eabi/15.2.0/thumb/v6-m/nofp/libgcc.a(_fixunssfsi.o)
                                 0x24 (size before relaxing)
 .comment       0x00000023        0x0 /usr/lib/gcc/arm-none-eabi/15.2.0/thumb/v6-m/nofp/libgcc.a(divsf3.o)
                                 0x24 (size before relaxing)
 .comment       0x00000023        0x0 /usr/lib/gcc/arm-none-eabi/15.2.0/thumb/v6-m/nofp/libgcc.a(mulsf3.o)
                                 0x24 (size before relaxing)
 .comment       0x00000023        0x0 /usr/lib/gcc/arm-none-eabi/15.2.0/thumb/v6-m/nofp/libgcc.a(subsf3.o)
                                 0x24 (size before relaxing)
 .comment       0x00000023        0x0 /usr/lib/gcc/arm-none-eabi/15.2.0/thumb/v6-m/nofp/libgcc.a(fixsfsi.o)
                                 0x24 (size before relaxing)
 .comment       0x00000023        0x0 /usr/lib/gcc/arm-none-eabi/15.2.0/thumb/v6-m/nofp/libgcc.a(eqsf2.o)
                                 0x24 (size before relaxing)
 .comment       0x00000023        0x0 /usr/lib/gcc/arm-none-eabi/15.2.0/thumb/v6-m/nofp/libgcc.a(gesf2.o)
                                 0x24 (size before relaxing)
 .comment       0x00000023        0x0 /usr/lib/gcc/arm-none-eabi/15.2.0/thumb/v6-m/nofp/libgcc.a(lesf2.o)
                                 0x24 (size before relaxing)
 .comment       0x00000023        0x0 ../libopencm3/lib/libopencm3_stm32l0.a(rcc.o)
                                 0x24 (size before relaxing)
 .comment       0x00000023        0x0 ../libopencm3/lib/libopencm3_stm32l0.a(rcc_common_all.o)
                                 0x24 (size before relaxing)
 .comment       0x00000023        0x0 ../libopencm3/lib/libopencm3_stm32l0.a(timer_common_all.o)
                                 0x24 (size before relaxing)
 .comment       0x00000023        0x0 ../libopencm3/lib/libopencm3_stm32l0.a(vector.o)
                                 0x24 (size before relaxing)
 .comment       0x00000023        0x0 ../libopencm3/lib/libopencm3_stm32l0.a(systick.o)
                                 0x24 (size before relaxing)
 .comment       0x00000023        0x0 ../libopencm3/lib/libopencm3_stm32l0.a(assert.o)
                                 0x24 (size before relaxing)
 .comment       0x00000023        0x0 ../libopencm3/lib/libopencm3_stm32l0.a(flash_common_all.o)
                                 0x24 (size before relaxing)
 .comment       0x00000023        0x0 ../libopencm3/lib/libopencm3_stm32l0.a(pwr_common_v2.o)
                                 0x24 (size before relaxing)

.ARM.attributes
                0x00000000       0x2c
 .ARM.attributes
                0x00000000       0x2c firmware.o
 .ARM.attributes
                0x0000002c       0x2c core/system.o
 .ARM.attributes
                0x00000058       0x2c core/timer.o
 .ARM.attributes
                0x00000084       0x2c /usr/lib/gcc/arm-none-eabi/15.2.0/thumb/v6-m/nofp/libgcc.a(_fixunssfsi.o)
 .ARM.attributes
                0x000000b0       0x2c /usr/lib/gcc/arm-none-eabi/15.2.0/thumb/v6-m/nofp/libgcc.a(divsf3.o)
 .ARM.attributes
                0x000000dc       0x2c /usr/lib/gcc/arm-none-eabi/15.2.0/thumb/v6-m/nofp/libgcc.a(mulsf3.o)
 .ARM.attributes
                0x00000108       0x2c /usr/lib/gcc/arm-none-eabi/15.2.0/thumb/v6-m/nofp/libgcc.a(subsf3.o)
 .ARM.attributes
                0x00000134       0x2c /usr/lib/gcc/arm-none-eabi/15.2.0/thumb/v6-m/nofp/libgcc.a(fixsfsi.o)
 .ARM.attributes
                0x00000160       0x1e /usr/lib/gcc/arm-none-eabi/15.2.0/thumb/v6-m/nofp/libgcc.a(_arm_cmpsf2.o)
 .ARM.attributes
                0x0000017e       0x1e /usr/lib/gcc/arm-none-eabi/15.2.0/thumb/v6-m/nofp/libgcc.a(_clzsi2.o)
 .ARM.attributes
                0x0000019c       0x2c /usr/lib/gcc/arm-none-eabi/15.2.0/thumb/v6-m/nofp/libgcc.a(eqsf2.o)
 .ARM.attributes
                0x000001c8       0x2c /usr/lib/gcc/arm-none-eabi/15.2.0/thumb/v6-m/nofp/libgcc.a(gesf2.o)
 .ARM.attributes
                0x000001f4       0x2c /usr/lib/gcc/arm-none-eabi/15.2.0/thumb/v6-m/nofp/libgcc.a(lesf2.o)
 .ARM.attributes
                0x00000220       0x2c ../libopencm3/lib/libopencm3_stm32l0.a(rcc.o)
 .ARM.attributes
                0x0000024c       0x2c ../libopencm3/lib/libopencm3_stm32l0.a(rcc_common_all.o)
 .ARM.attributes
                0x00000278       0x2c ../libopencm3/lib/libopencm3_stm32l0.a(timer_common_all.o)
 .ARM.attributes
                0x000002a4       0x2c ../libopencm3/lib/libopencm3_stm32l0.a(vector.o)
 .ARM.attributes
                0x000002d0       0x2c ../libopencm3/lib/libopencm3_stm32l0.a(systick.o)
 .ARM.attributes
                0x000002fc       0x2c ../libopencm3/lib/libopencm3_stm32l0.a(assert.o)
 .ARM.attributes
                0x00000328       0x2c ../libopencm3/lib/libopencm3_stm32l0.a(flash_common_all.o)
 .ARM.attributes
                0x00000354       0x2c ../libopencm3/lib/libopencm3_stm32l0.a(pwr_common_v2.o)
 .ARM.attributes
                0x00000380       0x1e /usr/lib/gcc/arm-none-eabi/15.2.0/thumb/v6-m/nofp/libgcc.a(_thumb1_case_uqi.o)
 .ARM.attributes
                0x0000039e       0x1e /usr/lib/gcc/arm-none-eabi/15.2.0/thumb/v6-m/nofp/libgcc.a(_udivsi3.o)
 .ARM.attributes
                0x000003bc       0x1e /usr/lib/gcc/arm-none-eabi/15.2.0/thumb/v6-m/nofp/libgcc.a(_dvmd_tls.o)

.debug_frame    0x00000000      0xd68
 .debug_frame   0x00000000       0x40 firmware.o
 .debug_frame   0x00000040       0x84 core/system.o
 .debug_frame   0x000000c4       0x40 core/timer.o
 .debug_frame   0x00000104       0x28 /usr/lib/gcc/arm-none-eabi/15.2.0/thumb/v6-m/nofp/libgcc.a(_fixunssfsi.o)
 .debug_frame   0x0000012c       0x38 /usr/lib/gcc/arm-none-eabi/15.2.0/thumb/v6-m/nofp/libgcc.a(divsf3.o)
 .debug_frame   0x00000164       0x38 /usr/lib/gcc/arm-none-eabi/15.2.0/thumb/v6-m/nofp/libgcc.a(mulsf3.o)
 .debug_frame   0x0000019c       0x34 /usr/lib/gcc/arm-none-eabi/15.2.0/thumb/v6-m/nofp/libgcc.a(subsf3.o)
 .debug_frame   0x000001d0       0x20 /usr/lib/gcc/arm-none-eabi/15.2.0/thumb/v6-m/nofp/libgcc.a(fixsfsi.o)
 .debug_frame   0x000001f0       0x2c /usr/lib/gcc/arm-none-eabi/15.2.0/thumb/v6-m/nofp/libgcc.a(eqsf2.o)
 .debug_frame   0x0000021c       0x28 /usr/lib/gcc/arm-none-eabi/15.2.0/thumb/v6-m/nofp/libgcc.a(gesf2.o)
 .debug_frame   0x00000244       0x28 /usr/lib/gcc/arm-none-eabi/15.2.0/thumb/v6-m/nofp/libgcc.a(lesf2.o)
 .debug_frame   0x0000026c      0x254 ../libopencm3/lib/libopencm3_stm32l0.a(rcc.o)
 .debug_frame   0x000004c0       0xf0 ../libopencm3/lib/libopencm3_stm32l0.a(rcc_common_all.o)
 .debug_frame   0x000005b0      0x5d0 ../libopencm3/lib/libopencm3_stm32l0.a(timer_common_all.o)
 .debug_frame   0x00000b80       0x48 ../libopencm3/lib/libopencm3_stm32l0.a(vector.o)
 .debug_frame   0x00000bc8       0xd8 ../libopencm3/lib/libopencm3_stm32l0.a(systick.o)
 .debug_frame   0x00000ca0       0x38 ../libopencm3/lib/libopencm3_stm32l0.a(assert.o)
 .debug_frame   0x00000cd8       0x50 ../libopencm3/lib/libopencm3_stm32l0.a(flash_common_all.o)
 .debug_frame   0x00000d28       0x20 ../libopencm3/lib/libopencm3_stm32l0.a(pwr_common_v2.o)
 .debug_frame   0x00000d48       0x20 /usr/lib/gcc/arm-none-eabi/15.2.0/thumb/v6-m/nofp/libgcc.a(_udivsi3.o)

.debug_line_str
                0x00000000       0xd2
 .debug_line_str
                0x00000000       0xd2 /usr/lib/gcc/arm-none-eabi/15.2.0/thumb/v6-m/nofp/libgcc.a(_arm_cmpsf2.o)
                                 0xc6 (size before relaxing)
 .debug_line_str
                0x000000d2        0x0 /usr/lib/gcc/arm-none-eabi/15.2.0/thumb/v6-m/nofp/libgcc.a(_clzsi2.o)
                                 0xc6 (size before relaxing)
 .debug_line_str
                0x000000d2        0x0 /usr/lib/gcc/arm-none-eabi/15.2.0/thumb/v6-m/nofp/libgcc.a(_thumb1_case_uqi.o)
                                 0xc6 (size before relaxing)
 .debug_line_str
                0x000000d2        0x0 /usr/lib/gcc/arm-none-eabi/15.2.0/thumb/v6-m/nofp/libgcc.a(_udivsi3.o)
                                 0xc6 (size before relaxing)
 .debug_line_str
                0x000000d2        0x0 /usr/lib/gcc/arm-none-eabi/15.2.0/thumb/v6-m/nofp/libgcc.a(_dvmd_tls.o)
                                 0xc6 (size before relaxing)
