Archive member included to satisfy reference by file (symbol)

/usr/lib/gcc/arm-none-eabi/15.2.0/thumb/v6-m/nofp/libgcc.a(_fixunssfsi.o)
                              core/timer.o (__aeabi_f2uiz)
/usr/lib/gcc/arm-none-eabi/15.2.0/thumb/v6-m/nofp/libgcc.a(divsf3.o)
                              core/timer.o (__aeabi_fdiv)
/usr/lib/gcc/arm-none-eabi/15.2.0/thumb/v6-m/nofp/libgcc.a(mulsf3.o)
                              core/timer.o (__aeabi_fmul)
/usr/lib/gcc/arm-none-eabi/15.2.0/thumb/v6-m/nofp/libgcc.a(subsf3.o)
                              /usr/lib/gcc/arm-none-eabi/15.2.0/thumb/v6-m/nofp/libgcc.a(_fixunssfsi.o) (__aeabi_fsub)
/usr/lib/gcc/arm-none-eabi/15.2.0/thumb/v6-m/nofp/libgcc.a(fixsfsi.o)
                              /usr/lib/gcc/arm-none-eabi/15.2.0/thumb/v6-m/nofp/libgcc.a(_fixunssfsi.o) (__aeabi_f2iz)
/usr/lib/gcc/arm-none-eabi/15.2.0/thumb/v6-m/nofp/libgcc.a(_arm_cmpsf2.o)
                              /usr/lib/gcc/arm-none-eabi/15.2.0/thumb/v6-m/nofp/libgcc.a(_fixunssfsi.o) (__aeabi_fcmpge)
/usr/lib/gcc/arm-none-eabi/15.2.0/thumb/v6-m/nofp/libgcc.a(_clzsi2.o)
                              /usr/lib/gcc/arm-none-eabi/15.2.0/thumb/v6-m/nofp/libgcc.a(divsf3.o) (__clzsi2)
/usr/lib/gcc/arm-none-eabi/15.2.0/thumb/v6-m/nofp/libgcc.a(eqsf2.o)
                              /usr/lib/gcc/arm-none-eabi/15.2.0/thumb/v6-m/nofp/libgcc.a(_arm_cmpsf2.o) (__eqsf2)
/usr/lib/gcc/arm-none-eabi/15.2.0/thumb/v6-m/nofp/libgcc.a(gesf2.o)
                              /usr/lib/gcc/arm-none-eabi/15.2.0/thumb/v6-m/nofp/libgcc.a(_arm_cmpsf2.o) (__gesf2)
/usr/lib/gcc/arm-none-eabi/15.2.0/thumb/v6-m/nofp/libgcc.a(lesf2.o)
                              /usr/lib/gcc/arm-none-eabi/15.2.0/thumb/v6-m/nofp/libgcc.a(_arm_cmpsf2.o) (__lesf2)
../libopencm3/lib/libopencm3_stm32l0.a(gpio_common_all.o)
                              firmware.o (gpio_port_write)
../libopencm3/lib/libopencm3_stm32l0.a(gpio_common_f0234.o)
                              firmware.o (gpio_mode_setup)
../libopencm3/lib/libopencm3_stm32l0.a(rcc.o)
                              core/system.o (rcc_clock_setup_pll)
../libopencm3/lib/libopencm3_stm32l0.a(rcc_common_all.o)
                              firmware.o (rcc_periph_clock_enable)
../libopencm3/lib/libopencm3_stm32l0.a(timer_common_all.o)
                              core/timer.o (timer_set_mode)
../libopencm3/lib/libopencm3_stm32l0.a(vector.o)
                              (reset_handler)
../libopencm3/lib/libopencm3_stm32l0.a(systick.o)
                              core/system.o (systick_set_frequency)
../libopencm3/lib/libopencm3_stm32l0.a(assert.o)
                              ../libopencm3/lib/libopencm3_stm32l0.a(rcc.o) (cm3_assert_failed)
../libopencm3/lib/libopencm3_stm32l0.a(flash_common_all.o)
                              ../libopencm3/lib/libopencm3_stm32l0.a(rcc.o) (flash_prefetch_enable)
../libopencm3/lib/libopencm3_stm32l0.a(pwr_common_v2.o)
                              ../libopencm3/lib/libopencm3_stm32l0.a(rcc.o) (pwr_set_vos_scale)
/usr/lib/gcc/arm-none-eabi/15.2.0/thumb/v6-m/nofp/libgcc.a(_thumb1_case_uqi.o)
                              ../libopencm3/lib/libopencm3_stm32l0.a(rcc.o) (__gnu_thumb1_case_uqi)
/usr/lib/gcc/arm-none-eabi/15.2.0/thumb/v6-m/nofp/libgcc.a(_udivsi3.o)
                              ../libopencm3/lib/libopencm3_stm32l0.a(systick.o) (__aeabi_uidiv)
/usr/lib/gcc/arm-none-eabi/15.2.0/thumb/v6-m/nofp/libgcc.a(_dvmd_tls.o)
                              /usr/lib/gcc/arm-none-eabi/15.2.0/thumb/v6-m/nofp/libgcc.a(_udivsi3.o) (__aeabi_idiv0)

Discarded input sections

 .group         0x00000000        0xc firmware.o
 .group         0x00000000        0xc firmware.o
 .group         0x00000000        0xc firmware.o
 .group         0x00000000        0xc firmware.o
 .group         0x00000000        0xc firmware.o
 .group         0x00000000        0xc firmware.o
 .group         0x00000000        0xc firmware.o
 .group         0x00000000        0xc firmware.o
 .group         0x00000000        0xc firmware.o
 .group         0x00000000        0xc firmware.o
 .group         0x00000000        0xc firmware.o
 .group         0x00000000        0xc firmware.o
 .group         0x00000000        0xc firmware.o
 .group         0x00000000        0xc firmware.o
 .group         0x00000000        0xc firmware.o
 .group         0x00000000        0xc firmware.o
 .group         0x00000000        0xc firmware.o
 .group         0x00000000        0xc firmware.o
 .group         0x00000000        0xc firmware.o
 .group         0x00000000        0xc firmware.o
 .group         0x00000000        0xc firmware.o
 .group         0x00000000        0xc core/system.o
 .group         0x00000000        0xc core/system.o
 .group         0x00000000        0xc core/system.o
 .group         0x00000000        0xc core/system.o
 .group         0x00000000        0xc core/system.o
 .group         0x00000000        0xc core/system.o
 .group         0x00000000        0xc core/system.o
[...]
Memory Configuration

Name             Origin             Length             Attributes
ram              0x20000000         0x00005000         xrw
rom              0x08000000         0x00030000         xr
*default*        0x00000000         0xffffffff

Linker script and memory map

LOAD firmware.o
LOAD core/system.o
LOAD core/timer.o
LOAD ./bootloader.o
START GROUP
LOAD /usr/lib/gcc/arm-none-eabi/15.2.0/../../../../arm-none-eabi/lib/thumb/v6-m/nofp/libc.a
LOAD /usr/lib/gcc/arm-none-eabi/15.2.0/thumb/v6-m/nofp/libgcc.a
LOAD /usr/lib/gcc/arm-none-eabi/15.2.0/../../../../arm-none-eabi/lib/thumb/v6-m/nofp/libnosys.a
END GROUP
LOAD ../libopencm3/lib/libopencm3_stm32l0.a
START GROUP
LOAD /usr/lib/gcc/arm-none-eabi/15.2.0/thumb/v6-m/nofp/libgcc.a
LOAD /usr/lib/gcc/arm-none-eabi/15.2.0/../../../../arm-none-eabi/lib/thumb/v6-m/nofp/libc.a
END GROUP

.text           0x08000000     0x3618
 *(.bootloader_section)
 .bootloader_section
                0x08000000     0x1388 ./bootloader.o
 *(.vectors)
 .vectors       0x08001388       0xc0 ../libopencm3/lib/libopencm3_stm32l0.a(vector.o)
                0x08001388                vector_table
 *(.text*)
 .text          0x08001448        0x0 firmware.o
 .text.startup  0x08001448       0x48 firmware.o
                0x08001448                main
 .text          0x08001490       0x5c core/system.o
                0x08001490                sys_tick_handler
                0x080014a8                system_get_ticks
                0x080014b4                rcc_setup
                0x080014c4                systick_setup
                0x080014e0                system_setup
 .text          0x080014ec       0x78 core/timer.o
                0x080014ec                timer_setup
                0x08001538                timer_pwm_set_duty_cycle
 .text          0x08001564        0x0 ./bootloader.o
 .text          0x08001564       0x30 /usr/lib/gcc/arm-none-eabi/15.2.0/thumb/v6-m/nofp/libgcc.a(_fixunssfsi.o)
                0x08001564                __aeabi_f2uiz
                0x08001564                __fixunssfsi
 .text          0x08001594      0x22c /usr/lib/gcc/arm-none-eabi/15.2.0/thumb/v6-m/nofp/libgcc.a(divsf3.o)
                0x08001594                __aeabi_fdiv
 .text          0x080017c0      0x294 /usr/lib/gcc/arm-none-eabi/15.2.0/thumb/v6-m/nofp/libgcc.a(mulsf3.o)
                0x080017c0                __aeabi_fmul
 .text          0x08001a54      0x494 /usr/lib/gcc/arm-none-eabi/15.2.0/thumb/v6-m/nofp/libgcc.a(subsf3.o)
                0x08001a54                __aeabi_fsub
 .text          0x08001ee8       0x40 /usr/lib/gcc/arm-none-eabi/15.2.0/thumb/v6-m/nofp/libgcc.a(fixsfsi.o)
                0x08001ee8                __aeabi_f2iz
 .text          0x08001f28       0x74 /usr/lib/gcc/arm-none-eabi/15.2.0/thumb/v6-m/nofp/libgcc.a(_arm_cmpsf2.o)
                0x08001f28                __aeabi_cfrcmple
                0x08001f30                __aeabi_cfcmple
                0x08001f30                __aeabi_cfcmpeq
                0x08001f40                __aeabi_fcmpeq
                0x08001f4c                __aeabi_fcmplt
                0x08001f60                __aeabi_fcmple
                0x08001f74                __aeabi_fcmpgt
                0x08001f88                __aeabi_fcmpge
 .text          0x08001f9c       0x3c /usr/lib/gcc/arm-none-eabi/15.2.0/thumb/v6-m/nofp/libgcc.a(_clzsi2.o)
                0x08001f9c                __clzsi2
 .text          0x08001fd8       0x58 /usr/lib/gcc/arm-none-eabi/15.2.0/thumb/v6-m/nofp/libgcc.a(eqsf2.o)
                0x08001fd8                __nesf2
                0x08001fd8                __eqsf2
 .text          0x08002030       0xa0 /usr/lib/gcc/arm-none-eabi/15.2.0/thumb/v6-m/nofp/libgcc.a(gesf2.o)
                0x08002030                __gtsf2
                0x08002030                __gesf2
 .text          0x080020d0       0xa0 /usr/lib/gcc/arm-none-eabi/15.2.0/thumb/v6-m/nofp/libgcc.a(lesf2.o)
                0x080020d0                __lesf2
                0x080020d0                __ltsf2
 .text          0x08002170        0x0 ../libopencm3/lib/libopencm3_stm32l0.a(gpio_common_all.o)
 .text.gpio_set
                0x08002170        0x4 ../libopencm3/lib/libopencm3_stm32l0.a(gpio_common_all.o)
                0x08002170                gpio_set
 .text.gpio_clear
                0x08002174        0x6 ../libopencm3/lib/libopencm3_stm32l0.a(gpio_common_all.o)
                0x08002174                gpio_clear
 .text.gpio_get
                0x0800217a        0x6 ../libopencm3/lib/libopencm3_stm32l0.a(gpio_common_all.o)
                0x0800217a                gpio_get
 .text.gpio_toggle
                0x08002180       0x10 ../libopencm3/lib/libopencm3_stm32l0.a(gpio_common_all.o)
                0x08002180                gpio_toggle
 .text.gpio_port_read
                0x08002190        0x6 ../libopencm3/lib/libopencm3_stm32l0.a(gpio_common_all.o)
                0x08002190                gpio_port_read
 .text.gpio_port_write
                0x08002196        0x4 ../libopencm3/lib/libopencm3_stm32l0.a(gpio_common_all.o)
                0x08002196                gpio_port_write
 .text.gpio_port_config_lock
                0x0800219a       0x12 ../libopencm3/lib/libopencm3_stm32l0.a(gpio_common_all.o)
                0x0800219a                gpio_port_config_lock
 .text          0x080021ac        0x0 ../libopencm3/lib/libopencm3_stm32l0.a(gpio_common_f0234.o)
 .text.gpio_mode_setup
                0x080021ac       0x38 ../libopencm3/lib/libopencm3_stm32l0.a(gpio_common_f0234.o)
                0x080021ac                gpio_mode_setup
 .text.gpio_set_output_options
                0x080021e4       0x3c ../libopencm3/lib/libopencm3_stm32l0.a(gpio_common_f0234.o)
                0x080021e4                gpio_set_output_options
 .text.gpio_set_af
                0x08002220       0x58 ../libopencm3/lib/libopencm3_stm32l0.a(gpio_common_f0234.o)
                0x08002220                gpio_set_af
 .text          0x08002278        0x0 ../libopencm3/lib/libopencm3_stm32l0.a(rcc.o)
 .text.rcc_uart_i2c_clksel_freq_hz
                0x08002278       0x44 ../libopencm3/lib/libopencm3_stm32l0.a(rcc.o)
 .text.rcc_osc_on
                0x080022bc       0x54 ../libopencm3/lib/libopencm3_stm32l0.a(rcc.o)
                0x080022bc                rcc_osc_on
 .text.rcc_osc_off
                0x08002310       0x5c ../libopencm3/lib/libopencm3_stm32l0.a(rcc.o)
                0x08002310                rcc_osc_off
 .text.rcc_osc_ready_int_clear
                0x0800236c       0x3c ../libopencm3/lib/libopencm3_stm32l0.a(rcc.o)
                0x0800236c                rcc_osc_ready_int_clear
 .text.rcc_osc_ready_int_enable
                0x080023a8       0x3c ../libopencm3/lib/libopencm3_stm32l0.a(rcc.o)
                0x080023a8                rcc_osc_ready_int_enable
 .text.rcc_osc_ready_int_disable
                0x080023e4       0x3c ../libopencm3/lib/libopencm3_stm32l0.a(rcc.o)
                0x080023e4                rcc_osc_ready_int_disable
 .text.rcc_osc_ready_int_flag
                0x08002420       0x4c ../libopencm3/lib/libopencm3_stm32l0.a(rcc.o)
                0x08002420                rcc_osc_ready_int_flag
 .text.rcc_is_osc_ready
                0x0800246c       0x54 ../libopencm3/lib/libopencm3_stm32l0.a(rcc.o)
                0x0800246c                rcc_is_osc_ready
 .text.rcc_wait_for_osc_ready
                0x080024c0       0x10 ../libopencm3/lib/libopencm3_stm32l0.a(rcc.o)
                0x080024c0                rcc_wait_for_osc_ready
 .text.rcc_set_hsi48_source_rc48
                0x080024d0       0x14 ../libopencm3/lib/libopencm3_stm32l0.a(rcc.o)
                0x080024d0                rcc_set_hsi48_source_rc48
 .text.rcc_set_hsi48_source_pll
                0x080024e4       0x14 ../libopencm3/lib/libopencm3_stm32l0.a(rcc.o)
                0x080024e4                rcc_set_hsi48_source_pll
 .text.rcc_set_sysclk_source
                0x080024f8       0x48 ../libopencm3/lib/libopencm3_stm32l0.a(rcc.o)
                0x080024f8                rcc_set_sysclk_source
 .text.rcc_set_pll_multiplier
                0x08002540       0x18 ../libopencm3/lib/libopencm3_stm32l0.a(rcc.o)
                0x08002540                rcc_set_pll_multiplier
 .text.rcc_set_pll_divider
                0x08002558       0x18 ../libopencm3/lib/libopencm3_stm32l0.a(rcc.o)
                0x08002558                rcc_set_pll_divider
 .text.rcc_set_pll_source
                0x08002570       0x18 ../libopencm3/lib/libopencm3_stm32l0.a(rcc.o)
                0x08002570                rcc_set_pll_source
 .text.rcc_set_ppre1
                0x08002588       0x18 ../libopencm3/lib/libopencm3_stm32l0.a(rcc.o)
                0x08002588                rcc_set_ppre1
 .text.rcc_set_ppre2
                0x080025a0       0x18 ../libopencm3/lib/libopencm3_stm32l0.a(rcc.o)
                0x080025a0                rcc_set_ppre2
 .text.rcc_set_hpre
                0x080025b8       0x14 ../libopencm3/lib/libopencm3_stm32l0.a(rcc.o)
                0x080025b8                rcc_set_hpre
 .text.rcc_set_msi_range
                0x080025cc       0x18 ../libopencm3/lib/libopencm3_stm32l0.a(rcc.o)
                0x080025cc                rcc_set_msi_range
 .text.rcc_set_lptim1_sel
                0x080025e4       0x1c ../libopencm3/lib/libopencm3_stm32l0.a(rcc.o)
                0x080025e4                rcc_set_lptim1_sel
 .text.rcc_set_lpuart1_sel
                0x08002600       0x1c ../libopencm3/lib/libopencm3_stm32l0.a(rcc.o)
                0x08002600                rcc_set_lpuart1_sel
 .text.rcc_set_usart1_sel
                0x0800261c       0x18 ../libopencm3/lib/libopencm3_stm32l0.a(rcc.o)
                0x0800261c                rcc_set_usart1_sel
 .text.rcc_set_usart2_sel
                0x08002634       0x18 ../libopencm3/lib/libopencm3_stm32l0.a(rcc.o)
                0x08002634                rcc_set_usart2_sel
 .text.rcc_set_peripheral_clk_sel
                0x0800264c       0x6c ../libopencm3/lib/libopencm3_stm32l0.a(rcc.o)
                0x0800264c                rcc_set_peripheral_clk_sel
 .text.rcc_get_usart_clk_freq
                0x080026b8       0x38 ../libopencm3/lib/libopencm3_stm32l0.a(rcc.o)
                0x080026b8                rcc_get_usart_clk_freq
 .text.rcc_get_timer_clk_freq
                0x080026f0       0x34 ../libopencm3/lib/libopencm3_stm32l0.a(rcc.o)
                0x080026f0                rcc_get_timer_clk_freq
 .text.rcc_get_i2c_clk_freq
                0x08002724       0x2c ../libopencm3/lib/libopencm3_stm32l0.a(rcc.o)
                0x08002724                rcc_get_i2c_clk_freq
 .text.rcc_get_spi_clk_freq
                0x08002750       0x1c ../libopencm3/lib/libopencm3_stm32l0.a(rcc.o)
                0x08002750                rcc_get_spi_clk_freq
 .text.rcc_clock_setup_pll
                0x0800276c       0xac ../libopencm3/lib/libopencm3_stm32l0.a(rcc.o)
                0x0800276c                rcc_clock_setup_pll
 .text          0x08002818        0x0 ../libopencm3/lib/libopencm3_stm32l0.a(rcc_common_all.o)
 .text.rcc_peripheral_enable_clock
                0x08002818        0x8 ../libopencm3/lib/libopencm3_stm32l0.a(rcc_common_all.o)
                0x08002818                rcc_peripheral_enable_clock
 .text.rcc_peripheral_disable_clock
                0x08002820        0x8 ../libopencm3/lib/libopencm3_stm32l0.a(rcc_common_all.o)
                0x08002820                rcc_peripheral_disable_clock
 .text.rcc_peripheral_reset
                0x08002828        0x8 ../libopencm3/lib/libopencm3_stm32l0.a(rcc_common_all.o)
                0x08002828                rcc_peripheral_reset
 .text.rcc_peripheral_clear_reset
                0x08002830        0x8 ../libopencm3/lib/libopencm3_stm32l0.a(rcc_common_all.o)
                0x08002830                rcc_peripheral_clear_reset
 .text.rcc_periph_clock_enable
                0x08002838       0x1c ../libopencm3/lib/libopencm3_stm32l0.a(rcc_common_all.o)
                0x08002838                rcc_periph_clock_enable
 .text.rcc_periph_clock_disable
                0x08002854       0x1c ../libopencm3/lib/libopencm3_stm32l0.a(rcc_common_all.o)
                0x08002854                rcc_periph_clock_disable
 .text.rcc_periph_reset_pulse
                0x08002870       0x20 ../libopencm3/lib/libopencm3_stm32l0.a(rcc_common_all.o)
                0x08002870                rcc_periph_reset_pulse
 .text.rcc_periph_reset_hold
                0x08002890        0x8 ../libopencm3/lib/libopencm3_stm32l0.a(rcc_common_all.o)
                0x08002890                rcc_periph_reset_hold
 .text.rcc_periph_reset_release
                0x08002898        0x8 ../libopencm3/lib/libopencm3_stm32l0.a(rcc_common_all.o)
                0x08002898                rcc_periph_reset_release
 .text.rcc_set_mco
                0x080028a0       0x18 ../libopencm3/lib/libopencm3_stm32l0.a(rcc_common_all.o)
                0x080028a0                rcc_set_mco
 .text.rcc_osc_bypass_enable
                0x080028b8       0x2c ../libopencm3/lib/libopencm3_stm32l0.a(rcc_common_all.o)
                0x080028b8                rcc_osc_bypass_enable
 .text.rcc_osc_bypass_disable
                0x080028e4       0x30 ../libopencm3/lib/libopencm3_stm32l0.a(rcc_common_all.o)
                0x080028e4                rcc_osc_bypass_disable
 .text.rcc_get_div_from_hpre
                0x08002914       0x1a ../libopencm3/lib/libopencm3_stm32l0.a(rcc_common_all.o)
                0x08002914                rcc_get_div_from_hpre
 .text          0x0800292e        0x0 ../libopencm3/lib/libopencm3_stm32l0.a(timer_common_all.o)
 .text.timer_enable_irq
                0x0800292e        0x8 ../libopencm3/lib/libopencm3_stm32l0.a(timer_common_all.o)
                0x0800292e                timer_enable_irq
 .text.timer_disable_irq
                0x08002936        0x8 ../libopencm3/lib/libopencm3_stm32l0.a(timer_common_all.o)
                0x08002936                timer_disable_irq
 .text.timer_interrupt_source
                0x0800293e       0x18 ../libopencm3/lib/libopencm3_stm32l0.a(timer_common_all.o)
                0x0800293e                timer_interrupt_source
 .text.timer_get_flag
                0x08002956        0xe ../libopencm3/lib/libopencm3_stm32l0.a(timer_common_all.o)
                0x08002956                timer_get_flag
 .text.timer_clear_flag
                0x08002964        0x6 ../libopencm3/lib/libopencm3_stm32l0.a(timer_common_all.o)
                0x08002964                timer_clear_flag
 *fill*         0x0800296a        0x2 
 .text.timer_set_mode
                0x0800296c       0x18 ../libopencm3/lib/libopencm3_stm32l0.a(timer_common_all.o)
                0x0800296c                timer_set_mode
 .text.timer_set_clock_division
                0x08002984       0x1c ../libopencm3/lib/libopencm3_stm32l0.a(timer_common_all.o)
                0x08002984                timer_set_clock_division
 .text.timer_enable_preload
                0x080029a0        0xa ../libopencm3/lib/libopencm3_stm32l0.a(timer_common_all.o)
                0x080029a0                timer_enable_preload
 .text.timer_disable_preload
                0x080029aa        0xa ../libopencm3/lib/libopencm3_stm32l0.a(timer_common_all.o)
                0x080029aa                timer_disable_preload
 .text.timer_set_alignment
                0x080029b4       0x12 ../libopencm3/lib/libopencm3_stm32l0.a(timer_common_all.o)
                0x080029b4                timer_set_alignment
 .text.timer_direction_up
                0x080029c6        0xa ../libopencm3/lib/libopencm3_stm32l0.a(timer_common_all.o)
                0x080029c6                timer_direction_up
 .text.timer_direction_down
                0x080029d0        0xa ../libopencm3/lib/libopencm3_stm32l0.a(timer_common_all.o)
                0x080029d0                timer_direction_down
 .text.timer_one_shot_mode
                0x080029da        0xa ../libopencm3/lib/libopencm3_stm32l0.a(timer_common_all.o)
                0x080029da                timer_one_shot_mode
 .text.timer_continuous_mode
                0x080029e4        0xa ../libopencm3/lib/libopencm3_stm32l0.a(timer_common_all.o)
                0x080029e4                timer_continuous_mode
 .text.timer_update_on_any
                0x080029ee        0xa ../libopencm3/lib/libopencm3_stm32l0.a(timer_common_all.o)
                0x080029ee                timer_update_on_any
 .text.timer_update_on_overflow
                0x080029f8        0xa ../libopencm3/lib/libopencm3_stm32l0.a(timer_common_all.o)
                0x080029f8                timer_update_on_overflow
 .text.timer_enable_update_event
                0x08002a02        0xa ../libopencm3/lib/libopencm3_stm32l0.a(timer_common_all.o)
                0x08002a02                timer_enable_update_event
 .text.timer_disable_update_event
                0x08002a0c        0xa ../libopencm3/lib/libopencm3_stm32l0.a(timer_common_all.o)
                0x08002a0c                timer_disable_update_event
 .text.timer_enable_counter
                0x08002a16        0xa ../libopencm3/lib/libopencm3_stm32l0.a(timer_common_all.o)
                0x08002a16                timer_enable_counter
 .text.timer_disable_counter
                0x08002a20        0xa ../libopencm3/lib/libopencm3_stm32l0.a(timer_common_all.o)
                0x08002a20                timer_disable_counter
 .text.timer_set_output_idle_state
                0x08002a2a        0xe ../libopencm3/lib/libopencm3_stm32l0.a(timer_common_all.o)
                0x08002a2a                timer_set_output_idle_state
 .text.timer_reset_output_idle_state
                0x08002a38        0xe ../libopencm3/lib/libopencm3_stm32l0.a(timer_common_all.o)
                0x08002a38                timer_reset_output_idle_state
 .text.timer_set_ti1_ch123_xor
                0x08002a46        0xa ../libopencm3/lib/libopencm3_stm32l0.a(timer_common_all.o)
                0x08002a46                timer_set_ti1_ch123_xor
 .text.timer_set_ti1_ch1
                0x08002a50        0xa ../libopencm3/lib/libopencm3_stm32l0.a(timer_common_all.o)
                0x08002a50                timer_set_ti1_ch1
 .text.timer_set_master_mode
                0x08002a5a       0x10 ../libopencm3/lib/libopencm3_stm32l0.a(timer_common_all.o)
                0x08002a5a                timer_set_master_mode
 .text.timer_set_dma_on_compare_event
                0x08002a6a        0xa ../libopencm3/lib/libopencm3_stm32l0.a(timer_common_all.o)
                0x08002a6a                timer_set_dma_on_compare_event
 .text.timer_set_dma_on_update_event
                0x08002a74        0xa ../libopencm3/lib/libopencm3_stm32l0.a(timer_common_all.o)
                0x08002a74                timer_set_dma_on_update_event
 .text.timer_enable_compare_control_update_on_trigger
                0x08002a7e        0xa ../libopencm3/lib/libopencm3_stm32l0.a(timer_common_all.o)
                0x08002a7e                timer_enable_compare_control_update_on_trigger
 .text.timer_disable_compare_control_update_on_trigger
                0x08002a88        0xa ../libopencm3/lib/libopencm3_stm32l0.a(timer_common_all.o)
                0x08002a88                timer_disable_compare_control_update_on_trigger
 .text.timer_enable_preload_complementry_enable_bits
                0x08002a92        0xa ../libopencm3/lib/libopencm3_stm32l0.a(timer_common_all.o)
                0x08002a92                timer_enable_preload_complementry_enable_bits
 .text.timer_disable_preload_complementry_enable_bits
                0x08002a9c        0xa ../libopencm3/lib/libopencm3_stm32l0.a(timer_common_all.o)
                0x08002a9c                timer_disable_preload_complementry_enable_bits
 .text.timer_set_prescaler
                0x08002aa6        0x4 ../libopencm3/lib/libopencm3_stm32l0.a(timer_common_all.o)
                0x08002aa6                timer_set_prescaler
 .text.timer_set_repetition_counter
                0x08002aaa        0x4 ../libopencm3/lib/libopencm3_stm32l0.a(timer_common_all.o)
                0x08002aaa                timer_set_repetition_counter
 .text.timer_set_period
                0x08002aae        0x4 ../libopencm3/lib/libopencm3_stm32l0.a(timer_common_all.o)
                0x08002aae                timer_set_period
 .text.timer_enable_oc_clear
                0x08002ab2       0x3a ../libopencm3/lib/libopencm3_stm32l0.a(timer_common_all.o)
                0x08002ab2                timer_enable_oc_clear
 .text.timer_disable_oc_clear
                0x08002aec       0x40 ../libopencm3/lib/libopencm3_stm32l0.a(timer_common_all.o)
                0x08002aec                timer_disable_oc_clear
 .text.timer_set_oc_fast_mode
                0x08002b2c       0x3a ../libopencm3/lib/libopencm3_stm32l0.a(timer_common_all.o)
                0x08002b2c                timer_set_oc_fast_mode
 *fill*         0x08002b66        0x2 
 .text.timer_set_oc_slow_mode
                0x08002b68       0x40 ../libopencm3/lib/libopencm3_stm32l0.a(timer_common_all.o)
                0x08002b68                timer_set_oc_slow_mode
 .text.timer_set_oc1_mode
                0x08002ba8       0x5a ../libopencm3/lib/libopencm3_stm32l0.a(timer_common_all.o)
                0x08002ba8                timer_set_oc1_mode
 *fill*         0x08002c02        0x2 
 .text.timer_set_oc2_mode
                0x08002c04       0x6c ../libopencm3/lib/libopencm3_stm32l0.a(timer_common_all.o)
                0x08002c04                timer_set_oc2_mode
 .text.timer_set_oc3_mode
                0x08002c70       0x5a ../libopencm3/lib/libopencm3_stm32l0.a(timer_common_all.o)
                0x08002c70                timer_set_oc3_mode
 *fill*         0x08002cca        0x2 
 .text.timer_set_oc4_mode
                0x08002ccc       0x6c ../libopencm3/lib/libopencm3_stm32l0.a(timer_common_all.o)
                0x08002ccc                timer_set_oc4_mode
 .text.timer_set_oc_mode
                0x08002d38       0x38 ../libopencm3/lib/libopencm3_stm32l0.a(timer_common_all.o)
                0x08002d38                timer_set_oc_mode
 .text.timer_enable_oc_preload
                0x08002d70       0x3a ../libopencm3/lib/libopencm3_stm32l0.a(timer_common_all.o)
                0x08002d70                timer_enable_oc_preload
 *fill*         0x08002daa        0x2 
 .text.timer_disable_oc_preload
                0x08002dac       0x40 ../libopencm3/lib/libopencm3_stm32l0.a(timer_common_all.o)
                0x08002dac                timer_disable_oc_preload
 .text.timer_set_oc_polarity_high
                0x08002dec       0x48 ../libopencm3/lib/libopencm3_stm32l0.a(timer_common_all.o)
                0x08002dec                timer_set_oc_polarity_high
 .text.timer_set_oc_polarity_low
                0x08002e34       0x3e ../libopencm3/lib/libopencm3_stm32l0.a(timer_common_all.o)
                0x08002e34                timer_set_oc_polarity_low
 .text.timer_enable_oc_output
                0x08002e72       0x3e ../libopencm3/lib/libopencm3_stm32l0.a(timer_common_all.o)
                0x08002e72                timer_enable_oc_output
 .text.timer_disable_oc_output
                0x08002eb0       0x48 ../libopencm3/lib/libopencm3_stm32l0.a(timer_common_all.o)
                0x08002eb0                timer_disable_oc_output
 .text.timer_set_oc_idle_state_set
                0x08002ef8       0x3a ../libopencm3/lib/libopencm3_stm32l0.a(timer_common_all.o)
                0x08002ef8                timer_set_oc_idle_state_set
 *fill*         0x08002f32        0x2 
 .text.timer_set_oc_idle_state_unset
                0x08002f34       0x54 ../libopencm3/lib/libopencm3_stm32l0.a(timer_common_all.o)
                0x08002f34                timer_set_oc_idle_state_unset
 .text.timer_set_oc_value
                0x08002f88       0x26 ../libopencm3/lib/libopencm3_stm32l0.a(timer_common_all.o)
                0x08002f88                timer_set_oc_value
 .text.timer_enable_break_main_output
                0x08002fae        0xc ../libopencm3/lib/libopencm3_stm32l0.a(timer_common_all.o)
                0x08002fae                timer_enable_break_main_output
 *fill*         0x08002fba        0x2 
 .text.timer_disable_break_main_output
                0x08002fbc       0x10 ../libopencm3/lib/libopencm3_stm32l0.a(timer_common_all.o)
                0x08002fbc                timer_disable_break_main_output
 .text.timer_enable_break_automatic_output
                0x08002fcc        0xc ../libopencm3/lib/libopencm3_stm32l0.a(timer_common_all.o)
                0x08002fcc                timer_enable_break_automatic_output
 .text.timer_disable_break_automatic_output
                0x08002fd8       0x10 ../libopencm3/lib/libopencm3_stm32l0.a(timer_common_all.o)
                0x08002fd8                timer_disable_break_automatic_output
 .text.timer_set_break_polarity_high
                0x08002fe8        0xc ../libopencm3/lib/libopencm3_stm32l0.a(timer_common_all.o)
                0x08002fe8                timer_set_break_polarity_high
 .text.timer_set_break_polarity_low
                0x08002ff4       0x10 ../libopencm3/lib/libopencm3_stm32l0.a(timer_common_all.o)
                0x08002ff4                timer_set_break_polarity_low
 .text.timer_enable_break
                0x08003004        0xc ../libopencm3/lib/libopencm3_stm32l0.a(timer_common_all.o)
                0x08003004                timer_enable_break
 .text.timer_disable_break
                0x08003010       0x10 ../libopencm3/lib/libopencm3_stm32l0.a(timer_common_all.o)
                0x08003010                timer_disable_break
 .text.timer_set_enabled_off_state_in_run_mode
                0x08003020        0xc ../libopencm3/lib/libopencm3_stm32l0.a(timer_common_all.o)
                0x08003020                timer_set_enabled_off_state_in_run_mode
 .text.timer_set_disabled_off_state_in_run_mode
                0x0800302c       0x10 ../libopencm3/lib/libopencm3_stm32l0.a(timer_common_all.o)
                0x0800302c                timer_set_disabled_off_state_in_run_mode
 .text.timer_set_enabled_off_state_in_idle_mode
                0x0800303c        0xc ../libopencm3/lib/libopencm3_stm32l0.a(timer_common_all.o)
                0x0800303c                timer_set_enabled_off_state_in_idle_mode
 .text.timer_set_disabled_off_state_in_idle_mode
                0x08003048       0x10 ../libopencm3/lib/libopencm3_stm32l0.a(timer_common_all.o)
                0x08003048                timer_set_disabled_off_state_in_idle_mode
 .text.timer_set_break_lock
                0x08003058        0x8 ../libopencm3/lib/libopencm3_stm32l0.a(timer_common_all.o)
                0x08003058                timer_set_break_lock
 .text.timer_set_deadtime
                0x08003060        0x8 ../libopencm3/lib/libopencm3_stm32l0.a(timer_common_all.o)
                0x08003060                timer_set_deadtime
 .text.timer_generate_event
                0x08003068        0x8 ../libopencm3/lib/libopencm3_stm32l0.a(timer_common_all.o)
                0x08003068                timer_generate_event
 .text.timer_get_counter
                0x08003070        0x4 ../libopencm3/lib/libopencm3_stm32l0.a(timer_common_all.o)
                0x08003070                timer_get_counter
 .text.timer_set_counter
                0x08003074        0x4 ../libopencm3/lib/libopencm3_stm32l0.a(timer_common_all.o)
                0x08003074                timer_set_counter
 .text.timer_ic_set_filter
                0x08003078       0x58 ../libopencm3/lib/libopencm3_stm32l0.a(timer_common_all.o)
                0x08003078                timer_ic_set_filter
 .text.timer_ic_set_prescaler
                0x080030d0       0x58 ../libopencm3/lib/libopencm3_stm32l0.a(timer_common_all.o)
                0x080030d0                timer_ic_set_prescaler
 .text.timer_ic_set_input
                0x08003128       0x68 ../libopencm3/lib/libopencm3_stm32l0.a(timer_common_all.o)
                0x08003128                timer_ic_set_input
 .text.timer_ic_enable
                0x08003190        0xe ../libopencm3/lib/libopencm3_stm32l0.a(timer_common_all.o)
                0x08003190                timer_ic_enable
 .text.timer_ic_disable
                0x0800319e        0xe ../libopencm3/lib/libopencm3_stm32l0.a(timer_common_all.o)
                0x0800319e                timer_ic_disable
 .text.timer_slave_set_filter
                0x080031ac       0x18 ../libopencm3/lib/libopencm3_stm32l0.a(timer_common_all.o)
                0x080031ac                timer_slave_set_filter
 .text.timer_slave_set_prescaler
                0x080031c4       0x18 ../libopencm3/lib/libopencm3_stm32l0.a(timer_common_all.o)
                0x080031c4                timer_slave_set_prescaler
 .text.timer_slave_set_polarity
                0x080031dc       0x1c ../libopencm3/lib/libopencm3_stm32l0.a(timer_common_all.o)
                0x080031dc                timer_slave_set_polarity
 .text.timer_slave_set_mode
                0x080031f8       0x10 ../libopencm3/lib/libopencm3_stm32l0.a(timer_common_all.o)
                0x080031f8                timer_slave_set_mode
 .text.timer_slave_set_trigger
                0x08003208       0x10 ../libopencm3/lib/libopencm3_stm32l0.a(timer_common_all.o)
                0x08003208                timer_slave_set_trigger
 .text.timer_slave_set_extclockmode2
                0x08003218       0x1c ../libopencm3/lib/libopencm3_stm32l0.a(timer_common_all.o)
                0x08003218                timer_slave_set_extclockmode2
 .text          0x08003234        0x0 ../libopencm3/lib/libopencm3_stm32l0.a(vector.o)
 .text.blocking_handler
                0x08003234        0x2 ../libopencm3/lib/libopencm3_stm32l0.a(vector.o)
                0x08003234                rtc_isr
                0x08003234                tim7_isr
                0x08003234                blocking_handler
                0x08003234                tsc_isr
                0x08003234                spi1_isr
                0x08003234                i2c1_isr
                0x08003234                i2c2_isr
                0x08003234                tim21_isr
                0x08003234                usart1_isr
                0x08003234                i2c3_isr
                0x08003234                reserved4_isr
                0x08003234                exti2_3_isr
                0x08003234                lptim1_isr
                0x08003234                pvd_isr
                0x08003234                rcc_isr
                0x08003234                flash_isr
                0x08003234                hard_fault_handler
                0x08003234                spi2_isr
                0x08003234                lpuart1_aes_rng_isr
                0x08003234                usb_isr
                0x08003234                tim3_isr
                0x08003234                usart2_isr
                0x08003234                adc_comp_isr
                0x08003234                dma1_channel1_isr
                0x08003234                tim6_dac_isr
                0x08003234                lcd_isr
                0x08003234                dma1_channel2_3_isr
                0x08003234                tim22_isr
                0x08003234                exti4_15_isr
                0x08003234                usart4_5_isr
                0x08003234                wwdg_isr
                0x08003234                tim2_isr
                0x08003234                dma1_channel4_5_isr
                0x08003234                exti0_1_isr
 .text.null_handler
                0x08003236        0x2 ../libopencm3/lib/libopencm3_stm32l0.a(vector.o)
                0x08003236                null_handler
                0x08003236                sv_call_handler
                0x08003236                pend_sv_handler
                0x08003236                nmi_handler
 .text.reset_handler
                0x08003238       0x88 ../libopencm3/lib/libopencm3_stm32l0.a(vector.o)
                0x08003238                reset_handler
 .text          0x080032c0        0x0 ../libopencm3/lib/libopencm3_stm32l0.a(systick.o)
 .text.systick_set_reload
                0x080032c0       0x10 ../libopencm3/lib/libopencm3_stm32l0.a(systick.o)
                0x080032c0                systick_set_reload
 .text.systick_get_reload
                0x080032d0       0x10 ../libopencm3/lib/libopencm3_stm32l0.a(systick.o)
                0x080032d0                systick_get_reload
 .text.systick_get_value
                0x080032e0       0x10 ../libopencm3/lib/libopencm3_stm32l0.a(systick.o)
                0x080032e0                systick_get_value
 .text.systick_set_clocksource
                0x080032f0       0x14 ../libopencm3/lib/libopencm3_stm32l0.a(systick.o)
                0x080032f0                systick_set_clocksource
 .text.systick_set_frequency
                0x08003304       0x24 ../libopencm3/lib/libopencm3_stm32l0.a(systick.o)
                0x08003304                systick_set_frequency
 .text.systick_interrupt_enable
                0x08003328       0x10 ../libopencm3/lib/libopencm3_stm32l0.a(systick.o)
                0x08003328                systick_interrupt_enable
 .text.systick_interrupt_disable
                0x08003338       0x10 ../libopencm3/lib/libopencm3_stm32l0.a(systick.o)
                0x08003338                systick_interrupt_disable
 .text.systick_counter_enable
                0x08003348       0x10 ../libopencm3/lib/libopencm3_stm32l0.a(systick.o)
                0x08003348                systick_counter_enable
 .text.systick_counter_disable
                0x08003358       0x10 ../libopencm3/lib/libopencm3_stm32l0.a(systick.o)
                0x08003358                systick_counter_disable
 .text.systick_get_countflag
                0x08003368       0x10 ../libopencm3/lib/libopencm3_stm32l0.a(systick.o)
                0x08003368                systick_get_countflag
 .text.systick_clear
                0x08003378        0xc ../libopencm3/lib/libopencm3_stm32l0.a(systick.o)
                0x08003378                systick_clear
 .text.systick_get_calib
                0x08003384       0x10 ../libopencm3/lib/libopencm3_stm32l0.a(systick.o)
                0x08003384                systick_get_calib
 .text          0x08003394        0x0 ../libopencm3/lib/libopencm3_stm32l0.a(assert.o)
 .text.cm3_assert_failed
                0x08003394        0x2 ../libopencm3/lib/libopencm3_stm32l0.a(assert.o)
                0x08003394                cm3_assert_failed
 .text.cm3_assert_failed_verbose
                0x08003396        0x6 ../libopencm3/lib/libopencm3_stm32l0.a(assert.o)
                0x08003396                cm3_assert_failed_verbose
 .text          0x0800339c        0x0 ../libopencm3/lib/libopencm3_stm32l0.a(flash_common_all.o)
 .text.flash_prefetch_enable
                0x0800339c       0x10 ../libopencm3/lib/libopencm3_stm32l0.a(flash_common_all.o)
                0x0800339c                flash_prefetch_enable
 .text.flash_prefetch_disable
                0x080033ac       0x10 ../libopencm3/lib/libopencm3_stm32l0.a(flash_common_all.o)
                0x080033ac                flash_prefetch_disable
 .text.flash_set_ws
                0x080033bc       0x14 ../libopencm3/lib/libopencm3_stm32l0.a(flash_common_all.o)
                0x080033bc                flash_set_ws
 .text.flash_unlock_option_bytes
                0x080033d0       0x18 ../libopencm3/lib/libopencm3_stm32l0.a(flash_common_all.o)
                0x080033d0                flash_unlock_option_bytes
 .text          0x080033e8        0x0 ../libopencm3/lib/libopencm3_stm32l0.a(pwr_common_v2.o)
 .text.pwr_set_vos_scale
                0x080033e8       0x34 ../libopencm3/lib/libopencm3_stm32l0.a(pwr_common_v2.o)
                0x080033e8                pwr_set_vos_scale
 .text          0x0800341c       0x14 /usr/lib/gcc/arm-none-eabi/15.2.0/thumb/v6-m/nofp/libgcc.a(_thumb1_case_uqi.o)
                0x0800341c                __gnu_thumb1_case_uqi
 .text          0x08003430      0x114 /usr/lib/gcc/arm-none-eabi/15.2.0/thumb/v6-m/nofp/libgcc.a(_udivsi3.o)
                0x08003430                __udivsi3
                0x08003430                __aeabi_uidiv
                0x0800353c                __aeabi_uidivmod
 .text          0x08003544        0x4 /usr/lib/gcc/arm-none-eabi/15.2.0/thumb/v6-m/nofp/libgcc.a(_dvmd_tls.o)
                0x08003544                __aeabi_ldiv0
                0x08003544                __aeabi_idiv0
                0x08003548                        . = ALIGN (0x4)
 *(.rodata*)
 .rodata        0x08003548       0x7c /usr/lib/gcc/arm-none-eabi/15.2.0/thumb/v6-m/nofp/libgcc.a(divsf3.o)
 .rodata.rcc_hsi_configs
                0x080035c4       0x54 ../libopencm3/lib/libopencm3_stm32l0.a(rcc.o)
                0x080035c4                rcc_hsi_configs
                0x08003618                        . = ALIGN (0x4)

.glue_7         0x08003618        0x0
 .glue_7        0x08003618        0x0 linker stubs

.glue_7t        0x08003618        0x0
 .glue_7t       0x08003618        0x0 linker stubs

.vfp11_veneer   0x08003618        0x0
 .vfp11_veneer  0x08003618        0x0 linker stubs

.v4_bx          0x08003618        0x0
 .v4_bx         0x08003618        0x0 linker stubs

.iplt           0x08003618        0x0
 .iplt          0x08003618        0x0 firmware.o

.rel.dyn        0x08003618        0x0
 .rel.iplt      0x08003618        0x0 firmware.o

.preinit_array  0x08003618        0x0
                0x08003618                        . = ALIGN (0x4)
                0x08003618                        __preinit_array_start = .
 *(.preinit_array)
                0x08003618                        __preinit_array_end = .

.init_array     0x08003618        0x0
                0x08003618                        . = ALIGN (0x4)
                0x08003618                        __init_array_start = .
 *(SORT_BY_NAME(.init_array.*))
 *(.init_array)
                0x08003618                        __init_array_end = .

.fini_array     0x08003618        0x0
                0x08003618                        . = ALIGN (0x4)
                0x08003618                        __fini_array_start = .
 *(.fini_array)
 *(SORT_BY_NAME(.fini_array.*))
                0x08003618                        __fini_array_end = .

.ARM.extab
 *(.ARM.extab*)

.ARM.exidx      0x08003618        0x0
                0x08003618                        __exidx_start = .
 *(.ARM.exidx*)
                0x08003618                        __exidx_end = .
                0x08003618                        . = ALIGN (0x4)
                0x08003618                        _etext = .

.noinit
 *(.noinit*)
                0x08003618                        . = ALIGN (0x4)

.data           0x20000000        0xc load address 0x08003618
                0x20000000                        _data = .
 *(.data*)
 .data          0x20000000        0x0 firmware.o
 .data          0x20000000        0x0 core/system.o
 .data          0x20000000        0x0 core/timer.o
 .data          0x20000000        0x0 ./bootloader.o
 .data          0x20000000        0x0 /usr/lib/gcc/arm-none-eabi/15.2.0/thumb/v6-m/nofp/libgcc.a(_fixunssfsi.o)
 .data          0x20000000        0x0 /usr/lib/gcc/arm-none-eabi/15.2.0/thumb/v6-m/nofp/libgcc.a(divsf3.o)
 .data          0x20000000        0x0 /usr/lib/gcc/arm-none-eabi/15.2.0/thumb/v6-m/nofp/libgcc.a(mulsf3.o)
 .data          0x20000000        0x0 /usr/lib/gcc/arm-none-eabi/15.2.0/thumb/v6-m/nofp/libgcc.a(subsf3.o)
 .data          0x20000000        0x0 /usr/lib/gcc/arm-none-eabi/15.2.0/thumb/v6-m/nofp/libgcc.a(fixsfsi.o)
 .data          0x20000000        0x0 /usr/lib/gcc/arm-none-eabi/15.2.0/thumb/v6-m/nofp/libgcc.a(_arm_cmpsf2.o)
 .data          0x20000000        0x0 /usr/lib/gcc/arm-none-eabi/15.2.0/thumb/v6-m/nofp/libgcc.a(_clzsi2.o)
 .data          0x20000000        0x0 /usr/lib/gcc/arm-none-eabi/15.2.0/thumb/v6-m/nofp/libgcc.a(eqsf2.o)
 .data          0x20000000        0x0 /usr/lib/gcc/arm-none-eabi/15.2.0/thumb/v6-m/nofp/libgcc.a(gesf2.o)
 .data          0x20000000        0x0 /usr/lib/gcc/arm-none-eabi/15.2.0/thumb/v6-m/nofp/libgcc.a(lesf2.o)
 .data          0x20000000        0x0 ../libopencm3/lib/libopencm3_stm32l0.a(gpio_common_all.o)
 .data          0x20000000        0x0 ../libopencm3/lib/libopencm3_stm32l0.a(gpio_common_f0234.o)
 .data          0x20000000        0x0 ../libopencm3/lib/libopencm3_stm32l0.a(rcc.o)
 .data.rcc_apb2_frequency
                0x20000000        0x4 ../libopencm3/lib/libopencm3_stm32l0.a(rcc.o)
                0x20000000                rcc_apb2_frequency
 .data.rcc_apb1_frequency
                0x20000004        0x4 ../libopencm3/lib/libopencm3_stm32l0.a(rcc.o)
                0x20000004                rcc_apb1_frequency
 .data.rcc_ahb_frequency
                0x20000008        0x4 ../libopencm3/lib/libopencm3_stm32l0.a(rcc.o)
                0x20000008                rcc_ahb_frequency
 .data          0x2000000c        0x0 ../libopencm3/lib/libopencm3_stm32l0.a(rcc_common_all.o)
 .data          0x2000000c        0x0 ../libopencm3/lib/libopencm3_stm32l0.a(timer_common_all.o)
 .data          0x2000000c        0x0 ../libopencm3/lib/libopencm3_stm32l0.a(vector.o)
 .data          0x2000000c        0x0 ../libopencm3/lib/libopencm3_stm32l0.a(systick.o)
 .data          0x2000000c        0x0 ../libopencm3/lib/libopencm3_stm32l0.a(assert.o)
 .data          0x2000000c        0x0 ../libopencm3/lib/libopencm3_stm32l0.a(flash_common_all.o)
 .data          0x2000000c        0x0 ../libopencm3/lib/libopencm3_stm32l0.a(pwr_common_v2.o)
 .data          0x2000000c        0x0 /usr/lib/gcc/arm-none-eabi/15.2.0/thumb/v6-m/nofp/libgcc.a(_thumb1_case_uqi.o)
 .data          0x2000000c        0x0 /usr/lib/gcc/arm-none-eabi/15.2.0/thumb/v6-m/nofp/libgcc.a(_udivsi3.o)
 .data          0x2000000c        0x0 /usr/lib/gcc/arm-none-eabi/15.2.0/thumb/v6-m/nofp/libgcc.a(_dvmd_tls.o)
 *(.ramtext*)
                0x2000000c                        . = ALIGN (0x4)
                0x2000000c                        _edata = .
                0x08003618                        _data_loadaddr = LOADADDR (.data)

.igot.plt       0x2000000c        0x0 load address 0x08003624
 .igot.plt      0x2000000c        0x0 firmware.o

.bss            0x20000010        0x8 load address 0x08003624
 *(.bss*)
 .bss           0x20000010        0x0 firmware.o
 .bss           0x20000010        0x8 core/system.o
                0x20000010                ticks
 .bss           0x20000018        0x0 core/timer.o
 .bss           0x20000018        0x0 ./bootloader.o
 .bss           0x20000018        0x0 /usr/lib/gcc/arm-none-eabi/15.2.0/thumb/v6-m/nofp/libgcc.a(_fixunssfsi.o)
 .bss           0x20000018        0x0 /usr/lib/gcc/arm-none-eabi/15.2.0/thumb/v6-m/nofp/libgcc.a(divsf3.o)
 .bss           0x20000018        0x0 /usr/lib/gcc/arm-none-eabi/15.2.0/thumb/v6-m/nofp/libgcc.a(mulsf3.o)
 .bss           0x20000018        0x0 /usr/lib/gcc/arm-none-eabi/15.2.0/thumb/v6-m/nofp/libgcc.a(subsf3.o)
 .bss           0x20000018        0x0 /usr/lib/gcc/arm-none-eabi/15.2.0/thumb/v6-m/nofp/libgcc.a(fixsfsi.o)
 .bss           0x20000018        0x0 /usr/lib/gcc/arm-none-eabi/15.2.0/thumb/v6-m/nofp/libgcc.a(_arm_cmpsf2.o)
 .bss           0x20000018        0x0 /usr/lib/gcc/arm-none-eabi/15.2.0/thumb/v6-m/nofp/libgcc.a(_clzsi2.o)
 .bss           0x20000018        0x0 /usr/lib/gcc/arm-none-eabi/15.2.0/thumb/v6-m/nofp/libgcc.a(eqsf2.o)
 .bss           0x20000018        0x0 /usr/lib/gcc/arm-none-eabi/15.2.0/thumb/v6-m/nofp/libgcc.a(gesf2.o)
 .bss           0x20000018        0x0 /usr/lib/gcc/arm-none-eabi/15.2.0/thumb/v6-m/nofp/libgcc.a(lesf2.o)
 .bss           0x20000018        0x0 ../libopencm3/lib/libopencm3_stm32l0.a(gpio_common_all.o)
 .bss           0x20000018        0x0 ../libopencm3/lib/libopencm3_stm32l0.a(gpio_common_f0234.o)
 .bss           0x20000018        0x0 ../libopencm3/lib/libopencm3_stm32l0.a(rcc.o)
 .bss           0x20000018        0x0 ../libopencm3/lib/libopencm3_stm32l0.a(rcc_common_all.o)
 .bss           0x20000018        0x0 ../libopencm3/lib/libopencm3_stm32l0.a(timer_common_all.o)
 .bss           0x20000018        0x0 ../libopencm3/lib/libopencm3_stm32l0.a(vector.o)
 .bss           0x20000018        0x0 ../libopencm3/lib/libopencm3_stm32l0.a(systick.o)
 .bss           0x20000018        0x0 ../libopencm3/lib/libopencm3_stm32l0.a(assert.o)
 .bss           0x20000018        0x0 ../libopencm3/lib/libopencm3_stm32l0.a(flash_common_all.o)
 .bss           0x20000018        0x0 ../libopencm3/lib/libopencm3_stm32l0.a(pwr_common_v2.o)
 .bss           0x20000018        0x0 /usr/lib/gcc/arm-none-eabi/15.2.0/thumb/v6-m/nofp/libgcc.a(_thumb1_case_uqi.o)
 .bss           0x20000018        0x0 /usr/lib/gcc/arm-none-eabi/15.2.0/thumb/v6-m/nofp/libgcc.a(_udivsi3.o)
 .bss           0x20000018        0x0 /usr/lib/gcc/arm-none-eabi/15.2.0/thumb/v6-m/nofp/libgcc.a(_dvmd_tls.o)
 *(COMMON)
                0x20000018                        . = ALIGN (0x4)
                0x20000018                        _ebss = .

/DISCARD/
 *(.eh_frame)
                0x20000018                        . = ALIGN (0x4)
                0x20000018                        end = .
                0x20005000                        PROVIDE (_stack = (ORIGIN (ram) + LENGTH (ram)))
OUTPUT(miniblink.elf elf32-littlearm)
LOAD linker stubs

.debug_info     0x00000000     0x54bf
 .debug_info    0x00000000      0x43b firmware.o
 .debug_info    0x0000043b      0x304 core/system.o
 .debug_info    0x0000073f      0x56c core/timer.o
 .debug_info    0x00000cab      0x335 /usr/lib/gcc/arm-none-eabi/15.2.0/thumb/v6-m/nofp/libgcc.a(_fixunssfsi.o)
 .debug_info    0x00000fe0      0x340 /usr/lib/gcc/arm-none-eabi/15.2.0/thumb/v6-m/nofp/libgcc.a(divsf3.o)
 .debug_info    0x00001320      0x3ae /usr/lib/gcc/arm-none-eabi/15.2.0/thumb/v6-m/nofp/libgcc.a(mulsf3.o)
 .debug_info    0x000016ce      0x32f /usr/lib/gcc/arm-none-eabi/15.2.0/thumb/v6-m/nofp/libgcc.a(subsf3.o)
 .debug_info    0x000019fd      0x1ad /usr/lib/gcc/arm-none-eabi/15.2.0/thumb/v6-m/nofp/libgcc.a(fixsfsi.o)
 .debug_info    0x00001baa       0x7e /usr/lib/gcc/arm-none-eabi/15.2.0/thumb/v6-m/nofp/libgcc.a(_arm_cmpsf2.o)
 .debug_info    0x00001c28       0x31 /usr/lib/gcc/arm-none-eabi/15.2.0/thumb/v6-m/nofp/libgcc.a(_clzsi2.o)
 .debug_info    0x00001c59      0x208 /usr/lib/gcc/arm-none-eabi/15.2.0/thumb/v6-m/nofp/libgcc.a(eqsf2.o)
 .debug_info    0x00001e61      0x224 /usr/lib/gcc/arm-none-eabi/15.2.0/thumb/v6-m/nofp/libgcc.a(gesf2.o)
 .debug_info    0x00002085      0x224 /usr/lib/gcc/arm-none-eabi/15.2.0/thumb/v6-m/nofp/libgcc.a(lesf2.o)
 .debug_info    0x000022a9      0x256 ../libopencm3/lib/libopencm3_stm32l0.a(gpio_common_all.o)
 .debug_info    0x000024ff      0x232 ../libopencm3/lib/libopencm3_stm32l0.a(gpio_common_f0234.o)
 .debug_info    0x00002731      0xc63 ../libopencm3/lib/libopencm3_stm32l0.a(rcc.o)
 .debug_info    0x00003394      0x651 ../libopencm3/lib/libopencm3_stm32l0.a(rcc_common_all.o)
 .debug_info    0x000039e5     0x1257 ../libopencm3/lib/libopencm3_stm32l0.a(timer_common_all.o)
 .debug_info    0x00004c3c      0x2c3 ../libopencm3/lib/libopencm3_stm32l0.a(vector.o)
 .debug_info    0x00004eff      0x23b ../libopencm3/lib/libopencm3_stm32l0.a(systick.o)
 .debug_info    0x0000513a      0x101 ../libopencm3/lib/libopencm3_stm32l0.a(assert.o)
 .debug_info    0x0000523b       0xf6 ../libopencm3/lib/libopencm3_stm32l0.a(flash_common_all.o)
 .debug_info    0x00005331       0xe3 ../libopencm3/lib/libopencm3_stm32l0.a(pwr_common_v2.o)
 .debug_info    0x00005414       0x31 /usr/lib/gcc/arm-none-eabi/15.2.0/thumb/v6-m/nofp/libgcc.a(_thumb1_case_uqi.o)
 .debug_info    0x00005445       0x3e /usr/lib/gcc/arm-none-eabi/15.2.0/thumb/v6-m/nofp/libgcc.a(_udivsi3.o)
 .debug_info    0x00005483       0x3c /usr/lib/gcc/arm-none-eabi/15.2.0/thumb/v6-m/nofp/libgcc.a(_dvmd_tls.o)

.debug_abbrev   0x00000000     0x1c1b
 .debug_abbrev  0x00000000      0x12a firmware.o
 .debug_abbrev  0x0000012a      0x198 core/system.o
 .debug_abbrev  0x000002c2      0x11c core/timer.o
 .debug_abbrev  0x000003de       0xf3 /usr/lib/gcc/arm-none-eabi/15.2.0/thumb/v6-m/nofp/libgcc.a(_fixunssfsi.o)
 .debug_abbrev  0x000004d1      0x159 /usr/lib/gcc/arm-none-eabi/15.2.0/thumb/v6-m/nofp/libgcc.a(divsf3.o)
 .debug_abbrev  0x0000062a      0x16a /usr/lib/gcc/arm-none-eabi/15.2.0/thumb/v6-m/nofp/libgcc.a(mulsf3.o)
 .debug_abbrev  0x00000794      0x172 /usr/lib/gcc/arm-none-eabi/15.2.0/thumb/v6-m/nofp/libgcc.a(subsf3.o)
 .debug_abbrev  0x00000906      0x15a /usr/lib/gcc/arm-none-eabi/15.2.0/thumb/v6-m/nofp/libgcc.a(fixsfsi.o)
 .debug_abbrev  0x00000a60       0x28 /usr/lib/gcc/arm-none-eabi/15.2.0/thumb/v6-m/nofp/libgcc.a(_arm_cmpsf2.o)
 .debug_abbrev  0x00000a88       0x28 /usr/lib/gcc/arm-none-eabi/15.2.0/thumb/v6-m/nofp/libgcc.a(_clzsi2.o)
 .debug_abbrev  0x00000ab0      0x147 /usr/lib/gcc/arm-none-eabi/15.2.0/thumb/v6-m/nofp/libgcc.a(eqsf2.o)
 .debug_abbrev  0x00000bf7      0x160 /usr/lib/gcc/arm-none-eabi/15.2.0/thumb/v6-m/nofp/libgcc.a(gesf2.o)
 .debug_abbrev  0x00000d57      0x160 /usr/lib/gcc/arm-none-eabi/15.2.0/thumb/v6-m/nofp/libgcc.a(lesf2.o)
 .debug_abbrev  0x00000eb7      0x115 ../libopencm3/lib/libopencm3_stm32l0.a(gpio_common_all.o)
 .debug_abbrev  0x00000fcc       0xc3 ../libopencm3/lib/libopencm3_stm32l0.a(gpio_common_f0234.o)
 .debug_abbrev  0x0000108f      0x362 ../libopencm3/lib/libopencm3_stm32l0.a(rcc.o)
 .debug_abbrev  0x000013f1      0x174 ../libopencm3/lib/libopencm3_stm32l0.a(rcc_common_all.o)
 .debug_abbrev  0x00001565      0x1c7 ../libopencm3/lib/libopencm3_stm32l0.a(timer_common_all.o)
 .debug_abbrev  0x0000172c      0x149 ../libopencm3/lib/libopencm3_stm32l0.a(vector.o)
 .debug_abbrev  0x00001875      0x168 ../libopencm3/lib/libopencm3_stm32l0.a(systick.o)
 .debug_abbrev  0x000019dd       0x94 ../libopencm3/lib/libopencm3_stm32l0.a(assert.o)
 .debug_abbrev  0x00001a71       0x9d ../libopencm3/lib/libopencm3_stm32l0.a(flash_common_all.o)
 .debug_abbrev  0x00001b0e       0x97 ../libopencm3/lib/libopencm3_stm32l0.a(pwr_common_v2.o)
 .debug_abbrev  0x00001ba5       0x28 /usr/lib/gcc/arm-none-eabi/15.2.0/thumb/v6-m/nofp/libgcc.a(_thumb1_case_uqi.o)
 .debug_abbrev  0x00001bcd       0x28 /usr/lib/gcc/arm-none-eabi/15.2.0/thumb/v6-m/nofp/libgcc.a(_udivsi3.o)
 .debug_abbrev  0x00001bf5       0x26 /usr/lib/gcc/arm-none-eabi/15.2.0/thumb/v6-m/nofp/libgcc.a(_dvmd_tls.o)

.debug_aranges  0x00000000      0x7c0
 .debug_aranges
                0x00000000       0x20 firmware.o
 .debug_aranges
                0x00000020       0x20 core/system.o
 .debug_aranges
                0x00000040       0x20 core/timer.o
 .debug_aranges
                0x00000060       0x20 /usr/lib/gcc/arm-none-eabi/15.2.0/thumb/v6-m/nofp/libgcc.a(_fixunssfsi.o)
 .debug_aranges
                0x00000080       0x20 /usr/lib/gcc/arm-none-eabi/15.2.0/thumb/v6-m/nofp/libgcc.a(divsf3.o)
 .debug_aranges
                0x000000a0       0x20 /usr/lib/gcc/arm-none-eabi/15.2.0/thumb/v6-m/nofp/libgcc.a(mulsf3.o)
 .debug_aranges
                0x000000c0       0x20 /usr/lib/gcc/arm-none-eabi/15.2.0/thumb/v6-m/nofp/libgcc.a(subsf3.o)
 .debug_aranges
                0x000000e0       0x20 /usr/lib/gcc/arm-none-eabi/15.2.0/thumb/v6-m/nofp/libgcc.a(fixsfsi.o)
 .debug_aranges
                0x00000100       0x20 /usr/lib/gcc/arm-none-eabi/15.2.0/thumb/v6-m/nofp/libgcc.a(_arm_cmpsf2.o)
 .debug_aranges
                0x00000120       0x20 /usr/lib/gcc/arm-none-eabi/15.2.0/thumb/v6-m/nofp/libgcc.a(_clzsi2.o)
 .debug_aranges
                0x00000140       0x20 /usr/lib/gcc/arm-none-eabi/15.2.0/thumb/v6-m/nofp/libgcc.a(eqsf2.o)
 .debug_aranges
                0x00000160       0x20 /usr/lib/gcc/arm-none-eabi/15.2.0/thumb/v6-m/nofp/libgcc.a(gesf2.o)
 .debug_aranges
                0x00000180       0x20 /usr/lib/gcc/arm-none-eabi/15.2.0/thumb/v6-m/nofp/libgcc.a(lesf2.o)
 .debug_aranges
                0x000001a0       0x50 ../libopencm3/lib/libopencm3_stm32l0.a(gpio_common_all.o)
 .debug_aranges
                0x000001f0       0x30 ../libopencm3/lib/libopencm3_stm32l0.a(gpio_common_f0234.o)
 .debug_aranges
                0x00000220      0x100 ../libopencm3/lib/libopencm3_stm32l0.a(rcc.o)
 .debug_aranges
                0x00000320       0x80 ../libopencm3/lib/libopencm3_stm32l0.a(rcc_common_all.o)
 .debug_aranges
                0x000003a0      0x298 ../libopencm3/lib/libopencm3_stm32l0.a(timer_common_all.o)
 .debug_aranges
                0x00000638       0x30 ../libopencm3/lib/libopencm3_stm32l0.a(vector.o)
 .debug_aranges
                0x00000668       0x78 ../libopencm3/lib/libopencm3_stm32l0.a(systick.o)
 .debug_aranges
                0x000006e0       0x28 ../libopencm3/lib/libopencm3_stm32l0.a(assert.o)
 .debug_aranges
                0x00000708       0x38 ../libopencm3/lib/libopencm3_stm32l0.a(flash_common_all.o)
 .debug_aranges
                0x00000740       0x20 ../libopencm3/lib/libopencm3_stm32l0.a(pwr_common_v2.o)
 .debug_aranges
                0x00000760       0x20 /usr/lib/gcc/arm-none-eabi/15.2.0/thumb/v6-m/nofp/libgcc.a(_thumb1_case_uqi.o)
 .debug_aranges
                0x00000780       0x20 /usr/lib/gcc/arm-none-eabi/15.2.0/thumb/v6-m/nofp/libgcc.a(_udivsi3.o)
 .debug_aranges
                0x000007a0       0x20 /usr/lib/gcc/arm-none-eabi/15.2.0/thumb/v6-m/nofp/libgcc.a(_dvmd_tls.o)

.debug_rnglists
                0x00000000      0x80b
 .debug_rnglists
                0x00000000       0x1f firmware.o
 .debug_rnglists
                0x0000001f       0x81 /usr/lib/gcc/arm-none-eabi/15.2.0/thumb/v6-m/nofp/libgcc.a(divsf3.o)
 .debug_rnglists
                0x000000a0       0x83 /usr/lib/gcc/arm-none-eabi/15.2.0/thumb/v6-m/nofp/libgcc.a(mulsf3.o)
 .debug_rnglists
                0x00000123      0x206 /usr/lib/gcc/arm-none-eabi/15.2.0/thumb/v6-m/nofp/libgcc.a(subsf3.o)
 .debug_rnglists
                0x00000329       0x1a /usr/lib/gcc/arm-none-eabi/15.2.0/thumb/v6-m/nofp/libgcc.a(fixsfsi.o)
 .debug_rnglists
                0x00000343       0x23 /usr/lib/gcc/arm-none-eabi/15.2.0/thumb/v6-m/nofp/libgcc.a(eqsf2.o)
 .debug_rnglists
                0x00000366       0x2d /usr/lib/gcc/arm-none-eabi/15.2.0/thumb/v6-m/nofp/libgcc.a(gesf2.o)
 .debug_rnglists
                0x00000393       0x28 /usr/lib/gcc/arm-none-eabi/15.2.0/thumb/v6-m/nofp/libgcc.a(lesf2.o)
 .debug_rnglists
                0x000003bb       0x37 ../libopencm3/lib/libopencm3_stm32l0.a(gpio_common_all.o)
 .debug_rnglists
                0x000003f2       0x1f ../libopencm3/lib/libopencm3_stm32l0.a(gpio_common_f0234.o)
 .debug_rnglists
                0x00000411       0xe0 ../libopencm3/lib/libopencm3_stm32l0.a(rcc.o)
 .debug_rnglists
                0x000004f1       0x5b ../libopencm3/lib/libopencm3_stm32l0.a(rcc_common_all.o)
 .debug_rnglists
                0x0000054c      0x1ed ../libopencm3/lib/libopencm3_stm32l0.a(timer_common_all.o)
 .debug_rnglists
                0x00000739       0x20 ../libopencm3/lib/libopencm3_stm32l0.a(vector.o)
 .debug_rnglists
                0x00000759       0x61 ../libopencm3/lib/libopencm3_stm32l0.a(systick.o)
 .debug_rnglists
                0x000007ba       0x19 ../libopencm3/lib/libopencm3_stm32l0.a(assert.o)
 .debug_rnglists
                0x000007d3       0x25 ../libopencm3/lib/libopencm3_stm32l0.a(flash_common_all.o)
 .debug_rnglists
                0x000007f8       0x13 ../libopencm3/lib/libopencm3_stm32l0.a(pwr_common_v2.o)

.debug_macro    0x00000000     0x503b
 .debug_macro   0x00000000      0x148 firmware.o
 .debug_macro   0x00000148      0xacc firmware.o
 .debug_macro   0x00000c14       0x1c firmware.o
 .debug_macro   0x00000c30       0x22 firmware.o
 .debug_macro   0x00000c52       0x8e firmware.o
 .debug_macro   0x00000ce0       0x51 firmware.o
 .debug_macro   0x00000d31      0x103 firmware.o
 .debug_macro   0x00000e34       0x6a firmware.o
 .debug_macro   0x00000e9e      0x1df firmware.o
 .debug_macro   0x0000107d       0x10 firmware.o
 .debug_macro   0x0000108d       0xe8 firmware.o
 .debug_macro   0x00001175       0x52 firmware.o
 .debug_macro   0x000011c7      0x166 firmware.o
 .debug_macro   0x0000132d       0x76 firmware.o
 .debug_macro   0x000013a3      0x37e firmware.o
 .debug_macro   0x00001721       0xca firmware.o
 .debug_macro   0x000017eb       0x46 firmware.o
 .debug_macro   0x00001831       0x8e firmware.o
 .debug_macro   0x000018bf       0x58 firmware.o
 .debug_macro   0x00001917      0x903 firmware.o
 .debug_macro   0x0000221a      0x1a5 firmware.o
 .debug_macro   0x000023bf       0x16 firmware.o
 .debug_macro   0x000023d5      0x123 core/system.o
 .debug_macro   0x000024f8       0x10 core/system.o
 .debug_macro   0x00002508       0x69 core/system.o
 .debug_macro   0x00002571       0x49 core/system.o
 .debug_macro   0x000025ba       0xca core/system.o
 .debug_macro   0x00002684      0x16c core/system.o
 .debug_macro   0x000027f0      0x10c core/timer.o
 .debug_macro   0x000028fc      0xf5b core/timer.o
 .debug_macro   0x00003857      0x11e core/timer.o
 .debug_macro   0x00003975       0xd6 ../libopencm3/lib/libopencm3_stm32l0.a(gpio_common_all.o)
 .debug_macro   0x00003a4b      0xab4 ../libopencm3/lib/libopencm3_stm32l0.a(gpio_common_all.o)
 .debug_macro   0x000044ff       0x56 ../libopencm3/lib/libopencm3_stm32l0.a(gpio_common_all.o)
 .debug_macro   0x00004555       0x22 ../libopencm3/lib/libopencm3_stm32l0.a(gpio_common_all.o)
 .debug_macro   0x00004577       0xd6 ../libopencm3/lib/libopencm3_stm32l0.a(gpio_common_f0234.o)
 .debug_macro   0x0000464d      0x113 ../libopencm3/lib/libopencm3_stm32l0.a(rcc.o)
 .debug_macro   0x00004760       0x16 ../libopencm3/lib/libopencm3_stm32l0.a(rcc.o)
 .debug_macro   0x00004776      0x166 ../libopencm3/lib/libopencm3_stm32l0.a(rcc.o)
 .debug_macro   0x000048dc       0x46 ../libopencm3/lib/libopencm3_stm32l0.a(rcc.o)
 .debug_macro   0x00004922       0xfa ../libopencm3/lib/libopencm3_stm32l0.a(rcc_common_all.o)
 .debug_macro   0x00004a1c       0xf6 ../libopencm3/lib/libopencm3_stm32l0.a(timer_common_all.o)
 .debug_macro   0x00004b12       0xcf ../libopencm3/lib/libopencm3_stm32l0.a(vector.o)
 .debug_macro   0x00004be1      0x19f ../libopencm3/lib/libopencm3_stm32l0.a(vector.o)
 .debug_macro   0x00004d80       0x92 ../libopencm3/lib/libopencm3_stm32l0.a(systick.o)
 .debug_macro   0x00004e12       0x89 ../libopencm3/lib/libopencm3_stm32l0.a(assert.o)
 .debug_macro   0x00004e9b       0xbc ../libopencm3/lib/libopencm3_stm32l0.a(flash_common_all.o)
 .debug_macro   0x00004f57       0xe4 ../libopencm3/lib/libopencm3_stm32l0.a(pwr_common_v2.o)

.debug_line     0x00000000     0x662f
 .debug_line    0x00000000      0x32c firmware.o
 .debug_line    0x0000032c      0x365 core/system.o
 .debug_line    0x00000691      0x306 core/timer.o
 .debug_line    0x00000997       0xbd /usr/lib/gcc/arm-none-eabi/15.2.0/thumb/v6-m/nofp/libgcc.a(_fixunssfsi.o)
 .debug_line    0x00000a54      0x503 /usr/lib/gcc/arm-none-eabi/15.2.0/thumb/v6-m/nofp/libgcc.a(divsf3.o)
 .debug_line    0x00000f57      0x50c /usr/lib/gcc/arm-none-eabi/15.2.0/thumb/v6-m/nofp/libgcc.a(mulsf3.o)
 .debug_line    0x00001463      0xeb4 /usr/lib/gcc/arm-none-eabi/15.2.0/thumb/v6-m/nofp/libgcc.a(subsf3.o)
 .debug_line    0x00002317      0x13f /usr/lib/gcc/arm-none-eabi/15.2.0/thumb/v6-m/nofp/libgcc.a(fixsfsi.o)
 .debug_line    0x00002456       0x5f /usr/lib/gcc/arm-none-eabi/15.2.0/thumb/v6-m/nofp/libgcc.a(_arm_cmpsf2.o)
 .debug_line    0x000024b5       0x5e /usr/lib/gcc/arm-none-eabi/15.2.0/thumb/v6-m/nofp/libgcc.a(_clzsi2.o)
 .debug_line    0x00002513      0x18a /usr/lib/gcc/arm-none-eabi/15.2.0/thumb/v6-m/nofp/libgcc.a(eqsf2.o)
 .debug_line    0x0000269d      0x252 /usr/lib/gcc/arm-none-eabi/15.2.0/thumb/v6-m/nofp/libgcc.a(gesf2.o)
 .debug_line    0x000028ef      0x24d /usr/lib/gcc/arm-none-eabi/15.2.0/thumb/v6-m/nofp/libgcc.a(lesf2.o)
 .debug_line    0x00002b3c      0x384 ../libopencm3/lib/libopencm3_stm32l0.a(gpio_common_all.o)
 .debug_line    0x00002ec0      0x472 ../libopencm3/lib/libopencm3_stm32l0.a(gpio_common_f0234.o)
 .debug_line    0x00003332      0xb25 ../libopencm3/lib/libopencm3_stm32l0.a(rcc.o)
 .debug_line    0x00003e57      0x459 ../libopencm3/lib/libopencm3_stm32l0.a(rcc_common_all.o)
 .debug_line    0x000042b0     0x14b3 ../libopencm3/lib/libopencm3_stm32l0.a(timer_common_all.o)
 .debug_line    0x00005763      0x347 ../libopencm3/lib/libopencm3_stm32l0.a(vector.o)
 .debug_line    0x00005aaa      0x367 ../libopencm3/lib/libopencm3_stm32l0.a(systick.o)
 .debug_line    0x00005e11      0x199 ../libopencm3/lib/libopencm3_stm32l0.a(assert.o)
 .debug_line    0x00005faa      0x2e2 ../libopencm3/lib/libopencm3_stm32l0.a(flash_common_all.o)
 .debug_line    0x0000628c      0x2b1 ../libopencm3/lib/libopencm3_stm32l0.a(pwr_common_v2.o)
 .debug_line    0x0000653d       0x52 /usr/lib/gcc/arm-none-eabi/15.2.0/thumb/v6-m/nofp/libgcc.a(_thumb1_case_uqi.o)
 .debug_line    0x0000658f       0x56 /usr/lib/gcc/arm-none-eabi/15.2.0/thumb/v6-m/nofp/libgcc.a(_udivsi3.o)
 .debug_line    0x000065e5       0x4a /usr/lib/gcc/arm-none-eabi/15.2.0/thumb/v6-m/nofp/libgcc.a(_dvmd_tls.o)

.debug_str      0x00000000    0x1163b
 .debug_str     0x00000000    0x1163b firmware.o
                               0x96c2 (size before relaxing)
 .debug_str     0x0001163b        0x0 core/system.o
                               0x7e97 (size before relaxing)
 .debug_str     0x0001163b        0x0 core/timer.o
                               0xc30c (size before relaxing)
 .debug_str     0x0001163b        0x0 /usr/lib/gcc/arm-none-eabi/15.2.0/thumb/v6-m/nofp/libgcc.a(_fixunssfsi.o)
                                0x67f (size before relaxing)
 .debug_str     0x0001163b        0x0 /usr/lib/gcc/arm-none-eabi/15.2.0/thumb/v6-m/nofp/libgcc.a(divsf3.o)
                                0x301 (size before relaxing)
 .debug_str     0x0001163b        0x0 /usr/lib/gcc/arm-none-eabi/15.2.0/thumb/v6-m/nofp/libgcc.a(mulsf3.o)
                                0x301 (size before relaxing)
 .debug_str     0x0001163b        0x0 /usr/lib/gcc/arm-none-eabi/15.2.0/thumb/v6-m/nofp/libgcc.a(subsf3.o)
                                0x2dc (size before relaxing)
 .debug_str     0x0001163b        0x0 /usr/lib/gcc/arm-none-eabi/15.2.0/thumb/v6-m/nofp/libgcc.a(fixsfsi.o)
                                0x214 (size before relaxing)
 .debug_str     0x0001163b        0x0 /usr/lib/gcc/arm-none-eabi/15.2.0/thumb/v6-m/nofp/libgcc.a(_arm_cmpsf2.o)
                                0x14e (size before relaxing)
 .debug_str     0x0001163b        0x0 /usr/lib/gcc/arm-none-eabi/15.2.0/thumb/v6-m/nofp/libgcc.a(_clzsi2.o)
                                 0xdb (size before relaxing)
 .debug_str     0x0001163b        0x0 /usr/lib/gcc/arm-none-eabi/15.2.0/thumb/v6-m/nofp/libgcc.a(eqsf2.o)
                                0x20a (size before relaxing)
 .debug_str     0x0001163b        0x0 /usr/lib/gcc/arm-none-eabi/15.2.0/thumb/v6-m/nofp/libgcc.a(gesf2.o)
                                0x22e (size before relaxing)
 .debug_str     0x0001163b        0x0 /usr/lib/gcc/arm-none-eabi/15.2.0/thumb/v6-m/nofp/libgcc.a(lesf2.o)
                                0x22e (size before relaxing)
 .debug_str     0x0001163b        0x0 ../libopencm3/lib/libopencm3_stm32l0.a(gpio_common_all.o)
                               0x6071 (size before relaxing)
 .debug_str     0x0001163b        0x0 ../libopencm3/lib/libopencm3_stm32l0.a(gpio_common_f0234.o)
                               0x6093 (size before relaxing)
 .debug_str     0x0001163b        0x0 ../libopencm3/lib/libopencm3_stm32l0.a(rcc.o)
                               0x8719 (size before relaxing)
 .debug_str     0x0001163b        0x0 ../libopencm3/lib/libopencm3_stm32l0.a(rcc_common_all.o)
                               0x7ba0 (size before relaxing)
 .debug_str     0x0001163b        0x0 ../libopencm3/lib/libopencm3_stm32l0.a(timer_common_all.o)
                               0xc960 (size before relaxing)
 .debug_str     0x0001163b        0x0 ../libopencm3/lib/libopencm3_stm32l0.a(vector.o)
                               0x545b (size before relaxing)
 .debug_str     0x0001163b        0x0 ../libopencm3/lib/libopencm3_stm32l0.a(systick.o)
                               0x455e (size before relaxing)
 .debug_str     0x0001163b        0x0 ../libopencm3/lib/libopencm3_stm32l0.a(assert.o)
                               0x417b (size before relaxing)
 .debug_str     0x0001163b        0x0 ../libopencm3/lib/libopencm3_stm32l0.a(flash_common_all.o)
                               0x54a1 (size before relaxing)
 .debug_str     0x0001163b        0x0 ../libopencm3/lib/libopencm3_stm32l0.a(pwr_common_v2.o)
                               0x7571 (size before relaxing)
 .debug_str     0x0001163b        0x0 /usr/lib/gcc/arm-none-eabi/15.2.0/thumb/v6-m/nofp/libgcc.a(_thumb1_case_uqi.o)
                                 0xe8 (size before relaxing)
 .debug_str     0x0001163b        0x0 /usr/lib/gcc/arm-none-eabi/15.2.0/thumb/v6-m/nofp/libgcc.a(_udivsi3.o)
                                 0xed (size before relaxing)
 .debug_str     0x0001163b        0x0 /usr/lib/gcc/arm-none-eabi/15.2.0/thumb/v6-m/nofp/libgcc.a(_dvmd_tls.o)
                                 0xee (size before relaxing)

.comment        0x00000000       0x23
 .comment       0x00000000       0x23 firmware.o
                                 0x24 (size before relaxing)
 .comment       0x00000023        0x0 core/system.o
                                 0x24 (size before relaxing)
 .comment       0x00000023        0x0 core/timer.o
                                 0x24 (size before relaxing)
 .comment       0x00000023        0x0 /usr/lib/gcc/arm-none-eabi/15.2.0/thumb/v6-m/nofp/libgcc.a(_fixunssfsi.o)
                                 0x24 (size before relaxing)
 .comment       0x00000023        0x0 /usr/lib/gcc/arm-none-eabi/15.2.0/thumb/v6-m/nofp/libgcc.a(divsf3.o)
                                 0x24 (size before relaxing)
 .comment       0x00000023        0x0 /usr/lib/gcc/arm-none-eabi/15.2.0/thumb/v6-m/nofp/libgcc.a(mulsf3.o)
                                 0x24 (size before relaxing)
 .comment       0x00000023        0x0 /usr/lib/gcc/arm-none-eabi/15.2.0/thumb/v6-m/nofp/libgcc.a(subsf3.o)
                                 0x24 (size before relaxing)
 .comment       0x00000023        0x0 /usr/lib/gcc/arm-none-eabi/15.2.0/thumb/v6-m/nofp/libgcc.a(fixsfsi.o)
                                 0x24 (size before relaxing)
 .comment       0x00000023        0x0 /usr/lib/gcc/arm-none-eabi/15.2.0/thumb/v6-m/nofp/libgcc.a(eqsf2.o)
                                 0x24 (size before relaxing)
 .comment       0x00000023        0x0 /usr/lib/gcc/arm-none-eabi/15.2.0/thumb/v6-m/nofp/libgcc.a(gesf2.o)
                                 0x24 (size before relaxing)
 .comment       0x00000023        0x0 /usr/lib/gcc/arm-none-eabi/15.2.0/thumb/v6-m/nofp/libgcc.a(lesf2.o)
                                 0x24 (size before relaxing)
 .comment       0x00000023        0x0 ../libopencm3/lib/libopencm3_stm32l0.a(gpio_common_all.o)
                                 0x24 (size before relaxing)
 .comment       0x00000023        0x0 ../libopencm3/lib/libopencm3_stm32l0.a(gpio_common_f0234.o)
                                 0x24 (size before relaxing)
 .comment       0x00000023        0x0 ../libopencm3/lib/libopencm3_stm32l0.a(rcc.o)
                                 0x24 (size before relaxing)
 .comment       0x00000023        0x0 ../libopencm3/lib/libopencm3_stm32l0.a(rcc_common_all.o)
                                 0x24 (size before relaxing)
 .comment       0x00000023        0x0 ../libopencm3/lib/libopencm3_stm32l0.a(timer_common_all.o)
                                 0x24 (size before relaxing)
 .comment       0x00000023        0x0 ../libopencm3/lib/libopencm3_stm32l0.a(vector.o)
                                 0x24 (size before relaxing)
 .comment       0x00000023        0x0 ../libopencm3/lib/libopencm3_stm32l0.a(systick.o)
                                 0x24 (size before relaxing)
 .comment       0x00000023        0x0 ../libopencm3/lib/libopencm3_stm32l0.a(assert.o)
                                 0x24 (size before relaxing)
 .comment       0x00000023        0x0 ../libopencm3/lib/libopencm3_stm32l0.a(flash_common_all.o)
                                 0x24 (size before relaxing)
 .comment       0x00000023        0x0 ../libopencm3/lib/libopencm3_stm32l0.a(pwr_common_v2.o)
                                 0x24 (size before relaxing)

.ARM.attributes
                0x00000000       0x2f
 .ARM.attributes
                0x00000000       0x2c firmware.o
 .ARM.attributes
                0x0000002c       0x2c core/system.o
 .ARM.attributes
                0x00000058       0x2c core/timer.o
 .ARM.attributes
                0x00000084       0x1a ./bootloader.o
 .ARM.attributes
                0x0000009e       0x2c /usr/lib/gcc/arm-none-eabi/15.2.0/thumb/v6-m/nofp/libgcc.a(_fixunssfsi.o)
 .ARM.attributes
                0x000000ca       0x2c /usr/lib/gcc/arm-none-eabi/15.2.0/thumb/v6-m/nofp/libgcc.a(divsf3.o)
 .ARM.attributes
                0x000000f6       0x2c /usr/lib/gcc/arm-none-eabi/15.2.0/thumb/v6-m/nofp/libgcc.a(mulsf3.o)
 .ARM.attributes
                0x00000122       0x2c /usr/lib/gcc/arm-none-eabi/15.2.0/thumb/v6-m/nofp/libgcc.a(subsf3.o)
 .ARM.attributes
                0x0000014e       0x2c /usr/lib/gcc/arm-none-eabi/15.2.0/thumb/v6-m/nofp/libgcc.a(fixsfsi.o)
 .ARM.attributes
                0x0000017a       0x1e /usr/lib/gcc/arm-none-eabi/15.2.0/thumb/v6-m/nofp/libgcc.a(_arm_cmpsf2.o)
 .ARM.attributes
                0x00000198       0x1e /usr/lib/gcc/arm-none-eabi/15.2.0/thumb/v6-m/nofp/libgcc.a(_clzsi2.o)
 .ARM.attributes
                0x000001b6       0x2c /usr/lib/gcc/arm-none-eabi/15.2.0/thumb/v6-m/nofp/libgcc.a(eqsf2.o)
 .ARM.attributes
                0x000001e2       0x2c /usr/lib/gcc/arm-none-eabi/15.2.0/thumb/v6-m/nofp/libgcc.a(gesf2.o)
 .ARM.attributes
                0x0000020e       0x2c /usr/lib/gcc/arm-none-eabi/15.2.0/thumb/v6-m/nofp/libgcc.a(lesf2.o)
 .ARM.attributes
                0x0000023a       0x2c ../libopencm3/lib/libopencm3_stm32l0.a(gpio_common_all.o)
 .ARM.attributes
                0x00000266       0x2c ../libopencm3/lib/libopencm3_stm32l0.a(gpio_common_f0234.o)
 .ARM.attributes
                0x00000292       0x2c ../libopencm3/lib/libopencm3_stm32l0.a(rcc.o)
 .ARM.attributes
                0x000002be       0x2c ../libopencm3/lib/libopencm3_stm32l0.a(rcc_common_all.o)
 .ARM.attributes
                0x000002ea       0x2c ../libopencm3/lib/libopencm3_stm32l0.a(timer_common_all.o)
 .ARM.attributes
                0x00000316       0x2c ../libopencm3/lib/libopencm3_stm32l0.a(vector.o)
 .ARM.attributes
                0x00000342       0x2c ../libopencm3/lib/libopencm3_stm32l0.a(systick.o)
 .ARM.attributes
                0x0000036e       0x2c ../libopencm3/lib/libopencm3_stm32l0.a(assert.o)
 .ARM.attributes
                0x0000039a       0x2c ../libopencm3/lib/libopencm3_stm32l0.a(flash_common_all.o)
 .ARM.attributes
                0x000003c6       0x2c ../libopencm3/lib/libopencm3_stm32l0.a(pwr_common_v2.o)
 .ARM.attributes
                0x000003f2       0x1e /usr/lib/gcc/arm-none-eabi/15.2.0/thumb/v6-m/nofp/libgcc.a(_thumb1_case_uqi.o)
 .ARM.attributes
                0x00000410       0x1e /usr/lib/gcc/arm-none-eabi/15.2.0/thumb/v6-m/nofp/libgcc.a(_udivsi3.o)
 .ARM.attributes
                0x0000042e       0x1e /usr/lib/gcc/arm-none-eabi/15.2.0/thumb/v6-m/nofp/libgcc.a(_dvmd_tls.o)

.debug_frame    0x00000000      0xe4c
 .debug_frame   0x00000000       0x28 firmware.o
 .debug_frame   0x00000028       0x84 core/system.o
 .debug_frame   0x000000ac       0x40 core/timer.o
 .debug_frame   0x000000ec       0x28 /usr/lib/gcc/arm-none-eabi/15.2.0/thumb/v6-m/nofp/libgcc.a(_fixunssfsi.o)
 .debug_frame   0x00000114       0x38 /usr/lib/gcc/arm-none-eabi/15.2.0/thumb/v6-m/nofp/libgcc.a(divsf3.o)
 .debug_frame   0x0000014c       0x38 /usr/lib/gcc/arm-none-eabi/15.2.0/thumb/v6-m/nofp/libgcc.a(mulsf3.o)
 .debug_frame   0x00000184       0x34 /usr/lib/gcc/arm-none-eabi/15.2.0/thumb/v6-m/nofp/libgcc.a(subsf3.o)
 .debug_frame   0x000001b8       0x20 /usr/lib/gcc/arm-none-eabi/15.2.0/thumb/v6-m/nofp/libgcc.a(fixsfsi.o)
 .debug_frame   0x000001d8       0x2c /usr/lib/gcc/arm-none-eabi/15.2.0/thumb/v6-m/nofp/libgcc.a(eqsf2.o)
 .debug_frame   0x00000204       0x28 /usr/lib/gcc/arm-none-eabi/15.2.0/thumb/v6-m/nofp/libgcc.a(gesf2.o)
 .debug_frame   0x0000022c       0x28 /usr/lib/gcc/arm-none-eabi/15.2.0/thumb/v6-m/nofp/libgcc.a(lesf2.o)
 .debug_frame   0x00000254       0x80 ../libopencm3/lib/libopencm3_stm32l0.a(gpio_common_all.o)
 .debug_frame   0x000002d4       0x7c ../libopencm3/lib/libopencm3_stm32l0.a(gpio_common_f0234.o)
 .debug_frame   0x00000350      0x254 ../libopencm3/lib/libopencm3_stm32l0.a(rcc.o)
 .debug_frame   0x000005a4       0xf0 ../libopencm3/lib/libopencm3_stm32l0.a(rcc_common_all.o)
 .debug_frame   0x00000694      0x5d0 ../libopencm3/lib/libopencm3_stm32l0.a(timer_common_all.o)
 .debug_frame   0x00000c64       0x48 ../libopencm3/lib/libopencm3_stm32l0.a(vector.o)
 .debug_frame   0x00000cac       0xd8 ../libopencm3/lib/libopencm3_stm32l0.a(systick.o)
 .debug_frame   0x00000d84       0x38 ../libopencm3/lib/libopencm3_stm32l0.a(assert.o)
 .debug_frame   0x00000dbc       0x50 ../libopencm3/lib/libopencm3_stm32l0.a(flash_common_all.o)
 .debug_frame   0x00000e0c       0x20 ../libopencm3/lib/libopencm3_stm32l0.a(pwr_common_v2.o)
 .debug_frame   0x00000e2c       0x20 /usr/lib/gcc/arm-none-eabi/15.2.0/thumb/v6-m/nofp/libgcc.a(_udivsi3.o)

.debug_loclists
                0x00000000     0x351e
 .debug_loclists
                0x00000000       0x57 core/timer.o
 .debug_loclists
                0x00000057       0x2e /usr/lib/gcc/arm-none-eabi/15.2.0/thumb/v6-m/nofp/libgcc.a(_fixunssfsi.o)
 .debug_loclists
                0x00000085      0x601 /usr/lib/gcc/arm-none-eabi/15.2.0/thumb/v6-m/nofp/libgcc.a(divsf3.o)
 .debug_loclists
                0x00000686      0x672 /usr/lib/gcc/arm-none-eabi/15.2.0/thumb/v6-m/nofp/libgcc.a(mulsf3.o)
 .debug_loclists
                0x00000cf8      0xdb7 /usr/lib/gcc/arm-none-eabi/15.2.0/thumb/v6-m/nofp/libgcc.a(subsf3.o)
 .debug_loclists
                0x00001aaf       0x81 /usr/lib/gcc/arm-none-eabi/15.2.0/thumb/v6-m/nofp/libgcc.a(fixsfsi.o)
 .debug_loclists
                0x00001b30       0x9a /usr/lib/gcc/arm-none-eabi/15.2.0/thumb/v6-m/nofp/libgcc.a(eqsf2.o)
 .debug_loclists
                0x00001bca      0x147 /usr/lib/gcc/arm-none-eabi/15.2.0/thumb/v6-m/nofp/libgcc.a(gesf2.o)
 .debug_loclists
                0x00001d11      0x175 /usr/lib/gcc/arm-none-eabi/15.2.0/thumb/v6-m/nofp/libgcc.a(lesf2.o)
 .debug_loclists
                0x00001e86       0x96 ../libopencm3/lib/libopencm3_stm32l0.a(gpio_common_all.o)
 .debug_loclists
                0x00001f1c      0x162 ../libopencm3/lib/libopencm3_stm32l0.a(gpio_common_f0234.o)
 .debug_loclists
                0x0000207e      0x56e ../libopencm3/lib/libopencm3_stm32l0.a(rcc.o)
 .debug_loclists
                0x000025ec       0xb4 ../libopencm3/lib/libopencm3_stm32l0.a(rcc_common_all.o)
 .debug_loclists
                0x000026a0      0xc7f ../libopencm3/lib/libopencm3_stm32l0.a(timer_common_all.o)
 .debug_loclists
                0x0000331f       0xa1 ../libopencm3/lib/libopencm3_stm32l0.a(vector.o)
 .debug_loclists
                0x000033c0       0x8e ../libopencm3/lib/libopencm3_stm32l0.a(systick.o)
 .debug_loclists
                0x0000344e       0x80 ../libopencm3/lib/libopencm3_stm32l0.a(assert.o)
 .debug_loclists
                0x000034ce       0x1c ../libopencm3/lib/libopencm3_stm32l0.a(flash_common_all.o)
 .debug_loclists
                0x000034ea       0x34 ../libopencm3/lib/libopencm3_stm32l0.a(pwr_common_v2.o)

.debug_line_str
                0x00000000       0xd2
 .debug_line_str
                0x00000000       0xd2 /usr/lib/gcc/arm-none-eabi/15.2.0/thumb/v6-m/nofp/libgcc.a(_arm_cmpsf2.o)
                                 0xc6 (size before relaxing)
 .debug_line_str
                0x000000d2        0x0 /usr/lib/gcc/arm-none-eabi/15.2.0/thumb/v6-m/nofp/libgcc.a(_clzsi2.o)
                                 0xc6 (size before relaxing)
 .debug_line_str
                0x000000d2        0x0 /usr/lib/gcc/arm-none-eabi/15.2.0/thumb/v6-m/nofp/libgcc.a(_thumb1_case_uqi.o)
                                 0xc6 (size before relaxing)
 .debug_line_str
                0x000000d2        0x0 /usr/lib/gcc/arm-none-eabi/15.2.0/thumb/v6-m/nofp/libgcc.a(_udivsi3.o)
                                 0xc6 (size before relaxing)
 .debug_line_str
                0x000000d2        0x0 /usr/lib/gcc/arm-none-eabi/15.2.0/thumb/v6-m/nofp/libgcc.a(_dvmd_tls.o)
                                 0xc6 (size before relaxing)
