Archive member included to satisfy reference by file (symbol)

../libopencm3/lib/libopencm3_stm32l0.a(gpio_common_all.o)
                              firmware.o (gpio_toggle)
../libopencm3/lib/libopencm3_stm32l0.a(gpio_common_f0234.o)
                              firmware.o (gpio_mode_setup)
../libopencm3/lib/libopencm3_stm32l0.a(rcc.o)
                              firmware.o (rcc_clock_setup_pll)
../libopencm3/lib/libopencm3_stm32l0.a(rcc_common_all.o)
                              firmware.o (rcc_periph_clock_enable)
../libopencm3/lib/libopencm3_stm32l0.a(vector.o)
                              (reset_handler)
../libopencm3/lib/libopencm3_stm32l0.a(systick.o)
                              firmware.o (systick_set_frequency)
../libopencm3/lib/libopencm3_stm32l0.a(assert.o)
                              ../libopencm3/lib/libopencm3_stm32l0.a(rcc.o) (cm3_assert_failed)
../libopencm3/lib/libopencm3_stm32l0.a(flash_common_all.o)
                              ../libopencm3/lib/libopencm3_stm32l0.a(rcc.o) (flash_prefetch_enable)
../libopencm3/lib/libopencm3_stm32l0.a(pwr_common_v2.o)
                              ../libopencm3/lib/libopencm3_stm32l0.a(rcc.o) (pwr_set_vos_scale)
/usr/lib/gcc/arm-none-eabi/15.2.0/thumb/v6-m/nofp/libgcc.a(_thumb1_case_uqi.o)
                              ../libopencm3/lib/libopencm3_stm32l0.a(rcc.o) (__gnu_thumb1_case_uqi)
/usr/lib/gcc/arm-none-eabi/15.2.0/thumb/v6-m/nofp/libgcc.a(_udivsi3.o)
                              ../libopencm3/lib/libopencm3_stm32l0.a(systick.o) (__aeabi_uidiv)
/usr/lib/gcc/arm-none-eabi/15.2.0/thumb/v6-m/nofp/libgcc.a(_dvmd_tls.o)
                              /usr/lib/gcc/arm-none-eabi/15.2.0/thumb/v6-m/nofp/libgcc.a(_udivsi3.o) (__aeabi_idiv0)

Discarded input sections

 .group         0x00000000        0xc firmware.o
 .group         0x00000000        0xc firmware.o
 .group         0x00000000        0xc firmware.o
 .group         0x00000000        0xc firmware.o
 .group         0x00000000        0xc firmware.o
 .group         0x00000000        0xc firmware.o
 .group         0x00000000        0xc firmware.o
 .group         0x00000000        0xc firmware.o
 .group         0x00000000        0xc firmware.o
 .group         0x00000000        0xc firmware.o
 .group         0x00000000        0xc firmware.o
 .group         0x00000000        0xc firmware.o
 .group         0x00000000        0xc firmware.o
 .group         0x00000000        0xc firmware.o
 .group         0x00000000        0xc firmware.o
 .group         0x00000000        0xc firmware.o
 .group         0x00000000        0xc firmware.o
 .group         0x00000000        0xc firmware.o
 .group         0x00000000        0xc firmware.o
 .group         0x00000000        0xc firmware.o
 .group         0x00000000        0xc firmware.o
 .group         0x00000000        0xc firmware.o
 .group         0x00000000        0xc ../libopencm3/lib/libopencm3_stm32l0.a(gpio_common_all.o)
 .group         0x00000000        0xc ../libopencm3/lib/libopencm3_stm32l0.a(gpio_common_all.o)
 .group         0x00000000        0xc ../libopencm3/lib/libopencm3_stm32l0.a(gpio_common_all.o)
 .group         0x00000000        0xc ../libopencm3/lib/libopencm3_stm32l0.a(gpio_common_all.o)
 .group         0x00000000        0xc ../libopencm3/lib/libopencm3_stm32l0.a(gpio_common_all.o)
 .group         0x00000000        0xc ../libopencm3/lib/libopencm3_stm32l0.a(gpio_common_all.o)
 .group         0x00000000        0xc ../libopencm3/lib/libopencm3_stm32l0.a(gpio_common_all.o)
 .group         0x00000000        0xc ../libopencm3/lib/libopencm3_stm32l0.a(gpio_common_all.o)
 .group         0x00000000        0xc ../libopencm3/lib/libopencm3_stm32l0.a(gpio_common_all.o)
 .group         0x00000000        0xc ../libopencm3/lib/libopencm3_stm32l0.a(gpio_common_all.o)
 .group         0x00000000        0xc ../libopencm3/lib/libopencm3_stm32l0.a(gpio_common_all.o)
 .group         0x00000000        0xc ../libopencm3/lib/libopencm3_stm32l0.a(gpio_common_all.o)
 .group         0x00000000        0xc ../libopencm3/lib/libopencm3_stm32l0.a(gpio_common_all.o)
 .group         0x00000000        0xc ../libopencm3/lib/libopencm3_stm32l0.a(gpio_common_all.o)
 .group         0x00000000        0xc ../libopencm3/lib/libopencm3_stm32l0.a(gpio_common_all.o)
 .group         0x00000000        0xc ../libopencm3/lib/libopencm3_stm32l0.a(gpio_common_all.o)
 .debug_macro   0x00000000       0x1c ../libopencm3/lib/libopencm3_stm32l0.a(gpio_common_all.o)
 .debug_macro   0x00000000       0x22 ../libopencm3/lib/libopencm3_stm32l0.a(gpio_common_all.o)
 .debug_macro   0x00000000       0x51 ../libopencm3/lib/libopencm3_stm32l0.a(gpio_common_all.o)
 .debug_macro   0x00000000      0x103 ../libopencm3/lib/libopencm3_stm32l0.a(gpio_common_all.o)
 .debug_macro   0x00000000       0x6a ../libopencm3/lib/libopencm3_stm32l0.a(gpio_common_all.o)
 .debug_macro   0x00000000      0x1df ../libopencm3/lib/libopencm3_stm32l0.a(gpio_common_all.o)
 .debug_macro   0x00000000       0xe8 ../libopencm3/lib/libopencm3_stm32l0.a(gpio_common_all.o)
 .debug_macro   0x00000000       0x52 ../libopencm3/lib/libopencm3_stm32l0.a(gpio_common_all.o)
 .debug_macro   0x00000000      0x166 ../libopencm3/lib/libopencm3_stm32l0.a(gpio_common_all.o)
 .debug_macro   0x00000000       0x76 ../libopencm3/lib/libopencm3_stm32l0.a(gpio_common_all.o)
 .debug_macro   0x00000000      0x37e ../libopencm3/lib/libopencm3_stm32l0.a(gpio_common_all.o)
 .debug_macro   0x00000000       0xca ../libopencm3/lib/libopencm3_stm32l0.a(gpio_common_all.o)
 .debug_macro   0x00000000       0x46 ../libopencm3/lib/libopencm3_stm32l0.a(gpio_common_all.o)
 .group         0x00000000        0xc ../libopencm3/lib/libopencm3_stm32l0.a(gpio_common_f0234.o)
 .group         0x00000000        0xc ../libopencm3/lib/libopencm3_stm32l0.a(gpio_common_f0234.o)
 .group         0x00000000        0xc ../libopencm3/lib/libopencm3_stm32l0.a(gpio_common_f0234.o)
 .group         0x00000000        0xc ../libopencm3/lib/libopencm3_stm32l0.a(gpio_common_f0234.o)
 .group         0x00000000        0xc ../libopencm3/lib/libopencm3_stm32l0.a(gpio_common_f0234.o)
 .group         0x00000000        0xc ../libopencm3/lib/libopencm3_stm32l0.a(gpio_common_f0234.o)
 .group         0x00000000        0xc ../libopencm3/lib/libopencm3_stm32l0.a(gpio_common_f0234.o)
 .group         0x00000000        0xc ../libopencm3/lib/libopencm3_stm32l0.a(gpio_common_f0234.o)
 .group         0x00000000        0xc ../libopencm3/lib/libopencm3_stm32l0.a(gpio_common_f0234.o)
 .group         0x00000000        0xc ../libopencm3/lib/libopencm3_stm32l0.a(gpio_common_f0234.o)
 .group         0x00000000        0xc ../libopencm3/lib/libopencm3_stm32l0.a(gpio_common_f0234.o)
 .group         0x00000000        0xc ../libopencm3/lib/libopencm3_stm32l0.a(gpio_common_f0234.o)
 .group         0x00000000        0xc ../libopencm3/lib/libopencm3_stm32l0.a(gpio_common_f0234.o)
 .group         0x00000000        0xc ../libopencm3/lib/libopencm3_stm32l0.a(gpio_common_f0234.o)
 .group         0x00000000        0xc ../libopencm3/lib/libopencm3_stm32l0.a(gpio_common_f0234.o)
 .group         0x00000000        0xc ../libopencm3/lib/libopencm3_stm32l0.a(gpio_common_f0234.o)
 .debug_macro   0x00000000      0xab4 ../libopencm3/lib/libopencm3_stm32l0.a(gpio_common_f0234.o)
 .debug_macro   0x00000000       0x1c ../libopencm3/lib/libopencm3_stm32l0.a(gpio_common_f0234.o)
 .debug_macro   0x00000000       0x22 ../libopencm3/lib/libopencm3_stm32l0.a(gpio_common_f0234.o)
 .debug_macro   0x00000000       0x56 ../libopencm3/lib/libopencm3_stm32l0.a(gpio_common_f0234.o)
 .debug_macro   0x00000000       0x51 ../libopencm3/lib/libopencm3_stm32l0.a(gpio_common_f0234.o)
 .debug_macro   0x00000000      0x103 ../libopencm3/lib/libopencm3_stm32l0.a(gpio_common_f0234.o)
 .debug_macro   0x00000000       0x6a ../libopencm3/lib/libopencm3_stm32l0.a(gpio_common_f0234.o)
 .debug_macro   0x00000000      0x1df ../libopencm3/lib/libopencm3_stm32l0.a(gpio_common_f0234.o)
 .debug_macro   0x00000000       0x22 ../libopencm3/lib/libopencm3_stm32l0.a(gpio_common_f0234.o)
 .debug_macro   0x00000000       0xe8 ../libopencm3/lib/libopencm3_stm32l0.a(gpio_common_f0234.o)
 .debug_macro   0x00000000       0x52 ../libopencm3/lib/libopencm3_stm32l0.a(gpio_common_f0234.o)
 .debug_macro   0x00000000      0x166 ../libopencm3/lib/libopencm3_stm32l0.a(gpio_common_f0234.o)
 .debug_macro   0x00000000       0x76 ../libopencm3/lib/libopencm3_stm32l0.a(gpio_common_f0234.o)
 .debug_macro   0x00000000      0x37e ../libopencm3/lib/libopencm3_stm32l0.a(gpio_common_f0234.o)
 .debug_macro   0x00000000       0xca ../libopencm3/lib/libopencm3_stm32l0.a(gpio_common_f0234.o)
 .debug_macro   0x00000000       0x46 ../libopencm3/lib/libopencm3_stm32l0.a(gpio_common_f0234.o)
 .group         0x00000000        0xc ../libopencm3/lib/libopencm3_stm32l0.a(rcc.o)
 .group         0x00000000        0xc ../libopencm3/lib/libopencm3_stm32l0.a(rcc.o)
 .group         0x00000000        0xc ../libopencm3/lib/libopencm3_stm32l0.a(rcc.o)
 .group         0x00000000        0xc ../libopencm3/lib/libopencm3_stm32l0.a(rcc.o)
 .group         0x00000000        0xc ../libopencm3/lib/libopencm3_stm32l0.a(rcc.o)
 .group         0x00000000        0xc ../libopencm3/lib/libopencm3_stm32l0.a(rcc.o)
 .group         0x00000000        0xc ../libopencm3/lib/libopencm3_stm32l0.a(rcc.o)
 .group         0x00000000        0xc ../libopencm3/lib/libopencm3_stm32l0.a(rcc.o)
 .group         0x00000000        0xc ../libopencm3/lib/libopencm3_stm32l0.a(rcc.o)
 .group         0x00000000        0xc ../libopencm3/lib/libopencm3_stm32l0.a(rcc.o)
 .group         0x00000000        0xc ../libopencm3/lib/libopencm3_stm32l0.a(rcc.o)
 .group         0x00000000        0xc ../libopencm3/lib/libopencm3_stm32l0.a(rcc.o)
 .group         0x00000000        0xc ../libopencm3/lib/libopencm3_stm32l0.a(rcc.o)
 .group         0x00000000        0xc ../libopencm3/lib/libopencm3_stm32l0.a(rcc.o)
 .group         0x00000000        0xc ../libopencm3/lib/libopencm3_stm32l0.a(rcc.o)
 .group         0x00000000        0xc ../libopencm3/lib/libopencm3_stm32l0.a(rcc.o)
 .group         0x00000000        0xc ../libopencm3/lib/libopencm3_stm32l0.a(rcc.o)
 .group         0x00000000        0xc ../libopencm3/lib/libopencm3_stm32l0.a(rcc.o)
 .debug_macro   0x00000000      0xab4 ../libopencm3/lib/libopencm3_stm32l0.a(rcc.o)
 .debug_macro   0x00000000       0x1c ../libopencm3/lib/libopencm3_stm32l0.a(rcc.o)
 .debug_macro   0x00000000       0x22 ../libopencm3/lib/libopencm3_stm32l0.a(rcc.o)
 .debug_macro   0x00000000       0x56 ../libopencm3/lib/libopencm3_stm32l0.a(rcc.o)
 .debug_macro   0x00000000       0x51 ../libopencm3/lib/libopencm3_stm32l0.a(rcc.o)
 .debug_macro   0x00000000      0x103 ../libopencm3/lib/libopencm3_stm32l0.a(rcc.o)
 .debug_macro   0x00000000       0x6a ../libopencm3/lib/libopencm3_stm32l0.a(rcc.o)
 .debug_macro   0x00000000      0x1df ../libopencm3/lib/libopencm3_stm32l0.a(rcc.o)
 .debug_macro   0x00000000       0x22 ../libopencm3/lib/libopencm3_stm32l0.a(rcc.o)
 .debug_macro   0x00000000       0xe8 ../libopencm3/lib/libopencm3_stm32l0.a(rcc.o)
 .debug_macro   0x00000000       0x52 ../libopencm3/lib/libopencm3_stm32l0.a(rcc.o)
 .debug_macro   0x00000000      0x166 ../libopencm3/lib/libopencm3_stm32l0.a(rcc.o)
 .debug_macro   0x00000000       0x8e ../libopencm3/lib/libopencm3_stm32l0.a(rcc.o)
 .debug_macro   0x00000000       0x58 ../libopencm3/lib/libopencm3_stm32l0.a(rcc.o)
 .debug_macro   0x00000000      0x903 ../libopencm3/lib/libopencm3_stm32l0.a(rcc.o)
 .group         0x00000000        0xc ../libopencm3/lib/libopencm3_stm32l0.a(rcc_common_all.o)
 .group         0x00000000        0xc ../libopencm3/lib/libopencm3_stm32l0.a(rcc_common_all.o)
 .group         0x00000000        0xc ../libopencm3/lib/libopencm3_stm32l0.a(rcc_common_all.o)
 .group         0x00000000        0xc ../libopencm3/lib/libopencm3_stm32l0.a(rcc_common_all.o)
 .group         0x00000000        0xc ../libopencm3/lib/libopencm3_stm32l0.a(rcc_common_all.o)
 .group         0x00000000        0xc ../libopencm3/lib/libopencm3_stm32l0.a(rcc_common_all.o)
 .group         0x00000000        0xc ../libopencm3/lib/libopencm3_stm32l0.a(rcc_common_all.o)
 .group         0x00000000        0xc ../libopencm3/lib/libopencm3_stm32l0.a(rcc_common_all.o)
 .group         0x00000000        0xc ../libopencm3/lib/libopencm3_stm32l0.a(rcc_common_all.o)
 .group         0x00000000        0xc ../libopencm3/lib/libopencm3_stm32l0.a(rcc_common_all.o)
 .group         0x00000000        0xc ../libopencm3/lib/libopencm3_stm32l0.a(rcc_common_all.o)
 .group         0x00000000        0xc ../libopencm3/lib/libopencm3_stm32l0.a(rcc_common_all.o)
 .group         0x00000000        0xc ../libopencm3/lib/libopencm3_stm32l0.a(rcc_common_all.o)
 .group         0x00000000        0xc ../libopencm3/lib/libopencm3_stm32l0.a(rcc_common_all.o)
 .group         0x00000000        0xc ../libopencm3/lib/libopencm3_stm32l0.a(rcc_common_all.o)
 .debug_macro   0x00000000      0xab4 ../libopencm3/lib/libopencm3_stm32l0.a(rcc_common_all.o)
 .debug_macro   0x00000000       0x1c ../libopencm3/lib/libopencm3_stm32l0.a(rcc_common_all.o)
 .debug_macro   0x00000000       0x22 ../libopencm3/lib/libopencm3_stm32l0.a(rcc_common_all.o)
 .debug_macro   0x00000000       0x56 ../libopencm3/lib/libopencm3_stm32l0.a(rcc_common_all.o)
 .debug_macro   0x00000000       0x51 ../libopencm3/lib/libopencm3_stm32l0.a(rcc_common_all.o)
 .debug_macro   0x00000000      0x103 ../libopencm3/lib/libopencm3_stm32l0.a(rcc_common_all.o)
 .debug_macro   0x00000000       0x6a ../libopencm3/lib/libopencm3_stm32l0.a(rcc_common_all.o)
 .debug_macro   0x00000000      0x1df ../libopencm3/lib/libopencm3_stm32l0.a(rcc_common_all.o)
 .debug_macro   0x00000000       0x22 ../libopencm3/lib/libopencm3_stm32l0.a(rcc_common_all.o)
 .debug_macro   0x00000000       0xe8 ../libopencm3/lib/libopencm3_stm32l0.a(rcc_common_all.o)
 .debug_macro   0x00000000       0x52 ../libopencm3/lib/libopencm3_stm32l0.a(rcc_common_all.o)
 .debug_macro   0x00000000      0x166 ../libopencm3/lib/libopencm3_stm32l0.a(rcc_common_all.o)
 .debug_macro   0x00000000       0x8e ../libopencm3/lib/libopencm3_stm32l0.a(rcc_common_all.o)
 .debug_macro   0x00000000       0x58 ../libopencm3/lib/libopencm3_stm32l0.a(rcc_common_all.o)
 .debug_macro   0x00000000      0x903 ../libopencm3/lib/libopencm3_stm32l0.a(rcc_common_all.o)
 .group         0x00000000        0xc ../libopencm3/lib/libopencm3_stm32l0.a(vector.o)
 .group         0x00000000        0xc ../libopencm3/lib/libopencm3_stm32l0.a(vector.o)
 .group         0x00000000        0xc ../libopencm3/lib/libopencm3_stm32l0.a(vector.o)
 .group         0x00000000        0xc ../libopencm3/lib/libopencm3_stm32l0.a(vector.o)
 .group         0x00000000        0xc ../libopencm3/lib/libopencm3_stm32l0.a(vector.o)
 .group         0x00000000        0xc ../libopencm3/lib/libopencm3_stm32l0.a(vector.o)
 .group         0x00000000        0xc ../libopencm3/lib/libopencm3_stm32l0.a(vector.o)
 .group         0x00000000        0xc ../libopencm3/lib/libopencm3_stm32l0.a(vector.o)
 .group         0x00000000        0xc ../libopencm3/lib/libopencm3_stm32l0.a(vector.o)
 .group         0x00000000        0xc ../libopencm3/lib/libopencm3_stm32l0.a(vector.o)
 .group         0x00000000        0xc ../libopencm3/lib/libopencm3_stm32l0.a(vector.o)
 .group         0x00000000        0xc ../libopencm3/lib/libopencm3_stm32l0.a(vector.o)
 .group         0x00000000        0xc ../libopencm3/lib/libopencm3_stm32l0.a(vector.o)
 .group         0x00000000        0xc ../libopencm3/lib/libopencm3_stm32l0.a(vector.o)
 .debug_macro   0x00000000      0xab4 ../libopencm3/lib/libopencm3_stm32l0.a(vector.o)
 .debug_macro   0x00000000       0x52 ../libopencm3/lib/libopencm3_stm32l0.a(vector.o)
 .debug_macro   0x00000000       0x1c ../libopencm3/lib/libopencm3_stm32l0.a(vector.o)
 .debug_macro   0x00000000       0x22 ../libopencm3/lib/libopencm3_stm32l0.a(vector.o)
 .debug_macro   0x00000000       0x56 ../libopencm3/lib/libopencm3_stm32l0.a(vector.o)
 .debug_macro   0x00000000       0x51 ../libopencm3/lib/libopencm3_stm32l0.a(vector.o)
 .debug_macro   0x00000000      0x103 ../libopencm3/lib/libopencm3_stm32l0.a(vector.o)
 .debug_macro   0x00000000       0x6a ../libopencm3/lib/libopencm3_stm32l0.a(vector.o)
 .debug_macro   0x00000000      0x1df ../libopencm3/lib/libopencm3_stm32l0.a(vector.o)
 .debug_macro   0x00000000       0x22 ../libopencm3/lib/libopencm3_stm32l0.a(vector.o)
 .debug_macro   0x00000000       0xe8 ../libopencm3/lib/libopencm3_stm32l0.a(vector.o)
 .debug_macro   0x00000000       0x49 ../libopencm3/lib/libopencm3_stm32l0.a(vector.o)
 .debug_macro   0x00000000       0xca ../libopencm3/lib/libopencm3_stm32l0.a(vector.o)
 .group         0x00000000        0xc ../libopencm3/lib/libopencm3_stm32l0.a(systick.o)
 .group         0x00000000        0xc ../libopencm3/lib/libopencm3_stm32l0.a(systick.o)
 .group         0x00000000        0xc ../libopencm3/lib/libopencm3_stm32l0.a(systick.o)
 .group         0x00000000        0xc ../libopencm3/lib/libopencm3_stm32l0.a(systick.o)
 .group         0x00000000        0xc ../libopencm3/lib/libopencm3_stm32l0.a(systick.o)
 .group         0x00000000        0xc ../libopencm3/lib/libopencm3_stm32l0.a(systick.o)
 .group         0x00000000        0xc ../libopencm3/lib/libopencm3_stm32l0.a(systick.o)
 .group         0x00000000        0xc ../libopencm3/lib/libopencm3_stm32l0.a(systick.o)
 .group         0x00000000        0xc ../libopencm3/lib/libopencm3_stm32l0.a(systick.o)
 .group         0x00000000        0xc ../libopencm3/lib/libopencm3_stm32l0.a(systick.o)
 .group         0x00000000        0xc ../libopencm3/lib/libopencm3_stm32l0.a(systick.o)
 .group         0x00000000        0xc ../libopencm3/lib/libopencm3_stm32l0.a(systick.o)
 .debug_macro   0x00000000      0xab4 ../libopencm3/lib/libopencm3_stm32l0.a(systick.o)
 .debug_macro   0x00000000       0x52 ../libopencm3/lib/libopencm3_stm32l0.a(systick.o)
 .debug_macro   0x00000000       0x1c ../libopencm3/lib/libopencm3_stm32l0.a(systick.o)
 .debug_macro   0x00000000       0x22 ../libopencm3/lib/libopencm3_stm32l0.a(systick.o)
 .debug_macro   0x00000000       0x56 ../libopencm3/lib/libopencm3_stm32l0.a(systick.o)
 .debug_macro   0x00000000       0x51 ../libopencm3/lib/libopencm3_stm32l0.a(systick.o)
 .debug_macro   0x00000000      0x103 ../libopencm3/lib/libopencm3_stm32l0.a(systick.o)
 .debug_macro   0x00000000       0x6a ../libopencm3/lib/libopencm3_stm32l0.a(systick.o)
 .debug_macro   0x00000000      0x1df ../libopencm3/lib/libopencm3_stm32l0.a(systick.o)
 .debug_macro   0x00000000       0x22 ../libopencm3/lib/libopencm3_stm32l0.a(systick.o)
 .debug_macro   0x00000000       0xe8 ../libopencm3/lib/libopencm3_stm32l0.a(systick.o)
 .group         0x00000000        0xc ../libopencm3/lib/libopencm3_stm32l0.a(assert.o)
 .group         0x00000000        0xc ../libopencm3/lib/libopencm3_stm32l0.a(assert.o)
 .group         0x00000000        0xc ../libopencm3/lib/libopencm3_stm32l0.a(assert.o)
 .group         0x00000000        0xc ../libopencm3/lib/libopencm3_stm32l0.a(assert.o)
 .group         0x00000000        0xc ../libopencm3/lib/libopencm3_stm32l0.a(assert.o)
 .group         0x00000000        0xc ../libopencm3/lib/libopencm3_stm32l0.a(assert.o)
 .group         0x00000000        0xc ../libopencm3/lib/libopencm3_stm32l0.a(assert.o)
 .group         0x00000000        0xc ../libopencm3/lib/libopencm3_stm32l0.a(assert.o)
 .group         0x00000000        0xc ../libopencm3/lib/libopencm3_stm32l0.a(assert.o)
 .group         0x00000000        0xc ../libopencm3/lib/libopencm3_stm32l0.a(assert.o)
 .group         0x00000000        0xc ../libopencm3/lib/libopencm3_stm32l0.a(assert.o)
 .debug_macro   0x00000000      0xab4 ../libopencm3/lib/libopencm3_stm32l0.a(assert.o)
 .debug_macro   0x00000000       0x1c ../libopencm3/lib/libopencm3_stm32l0.a(assert.o)
 .debug_macro   0x00000000       0x22 ../libopencm3/lib/libopencm3_stm32l0.a(assert.o)
 .debug_macro   0x00000000       0x56 ../libopencm3/lib/libopencm3_stm32l0.a(assert.o)
 .debug_macro   0x00000000       0x51 ../libopencm3/lib/libopencm3_stm32l0.a(assert.o)
 .debug_macro   0x00000000      0x103 ../libopencm3/lib/libopencm3_stm32l0.a(assert.o)
 .debug_macro   0x00000000       0x6a ../libopencm3/lib/libopencm3_stm32l0.a(assert.o)
 .debug_macro   0x00000000      0x1df ../libopencm3/lib/libopencm3_stm32l0.a(assert.o)
 .debug_macro   0x00000000       0x22 ../libopencm3/lib/libopencm3_stm32l0.a(assert.o)
 .debug_macro   0x00000000       0xe8 ../libopencm3/lib/libopencm3_stm32l0.a(assert.o)
 .debug_macro   0x00000000       0x16 ../libopencm3/lib/libopencm3_stm32l0.a(assert.o)
 .group         0x00000000        0xc ../libopencm3/lib/libopencm3_stm32l0.a(flash_common_all.o)
 .group         0x00000000        0xc ../libopencm3/lib/libopencm3_stm32l0.a(flash_common_all.o)
 .group         0x00000000        0xc ../libopencm3/lib/libopencm3_stm32l0.a(flash_common_all.o)
 .group         0x00000000        0xc ../libopencm3/lib/libopencm3_stm32l0.a(flash_common_all.o)
 .group         0x00000000        0xc ../libopencm3/lib/libopencm3_stm32l0.a(flash_common_all.o)
 .group         0x00000000        0xc ../libopencm3/lib/libopencm3_stm32l0.a(flash_common_all.o)
 .group         0x00000000        0xc ../libopencm3/lib/libopencm3_stm32l0.a(flash_common_all.o)
 .group         0x00000000        0xc ../libopencm3/lib/libopencm3_stm32l0.a(flash_common_all.o)
 .group         0x00000000        0xc ../libopencm3/lib/libopencm3_stm32l0.a(flash_common_all.o)
 .group         0x00000000        0xc ../libopencm3/lib/libopencm3_stm32l0.a(flash_common_all.o)
 .group         0x00000000        0xc ../libopencm3/lib/libopencm3_stm32l0.a(flash_common_all.o)
 .group         0x00000000        0xc ../libopencm3/lib/libopencm3_stm32l0.a(flash_common_all.o)
 .group         0x00000000        0xc ../libopencm3/lib/libopencm3_stm32l0.a(flash_common_all.o)
 .group         0x00000000        0xc ../libopencm3/lib/libopencm3_stm32l0.a(flash_common_all.o)
 .debug_macro   0x00000000      0xab4 ../libopencm3/lib/libopencm3_stm32l0.a(flash_common_all.o)
 .debug_macro   0x00000000       0x1c ../libopencm3/lib/libopencm3_stm32l0.a(flash_common_all.o)
 .debug_macro   0x00000000       0x22 ../libopencm3/lib/libopencm3_stm32l0.a(flash_common_all.o)
 .debug_macro   0x00000000       0x56 ../libopencm3/lib/libopencm3_stm32l0.a(flash_common_all.o)
 .debug_macro   0x00000000       0x51 ../libopencm3/lib/libopencm3_stm32l0.a(flash_common_all.o)
 .debug_macro   0x00000000      0x103 ../libopencm3/lib/libopencm3_stm32l0.a(flash_common_all.o)
 .debug_macro   0x00000000       0x6a ../libopencm3/lib/libopencm3_stm32l0.a(flash_common_all.o)
 .debug_macro   0x00000000      0x1df ../libopencm3/lib/libopencm3_stm32l0.a(flash_common_all.o)
 .debug_macro   0x00000000       0x22 ../libopencm3/lib/libopencm3_stm32l0.a(flash_common_all.o)
 .debug_macro   0x00000000       0xe8 ../libopencm3/lib/libopencm3_stm32l0.a(flash_common_all.o)
 .debug_macro   0x00000000       0x52 ../libopencm3/lib/libopencm3_stm32l0.a(flash_common_all.o)
 .debug_macro   0x00000000      0x166 ../libopencm3/lib/libopencm3_stm32l0.a(flash_common_all.o)
 .debug_macro   0x00000000      0x166 ../libopencm3/lib/libopencm3_stm32l0.a(flash_common_all.o)
 .debug_macro   0x00000000       0x46 ../libopencm3/lib/libopencm3_stm32l0.a(flash_common_all.o)
 .group         0x00000000        0xc ../libopencm3/lib/libopencm3_stm32l0.a(pwr_common_v2.o)
 .group         0x00000000        0xc ../libopencm3/lib/libopencm3_stm32l0.a(pwr_common_v2.o)
 .group         0x00000000        0xc ../libopencm3/lib/libopencm3_stm32l0.a(pwr_common_v2.o)
 .group         0x00000000        0xc ../libopencm3/lib/libopencm3_stm32l0.a(pwr_common_v2.o)
 .group         0x00000000        0xc ../libopencm3/lib/libopencm3_stm32l0.a(pwr_common_v2.o)
 .group         0x00000000        0xc ../libopencm3/lib/libopencm3_stm32l0.a(pwr_common_v2.o)
 .group         0x00000000        0xc ../libopencm3/lib/libopencm3_stm32l0.a(pwr_common_v2.o)
 .group         0x00000000        0xc ../libopencm3/lib/libopencm3_stm32l0.a(pwr_common_v2.o)
 .group         0x00000000        0xc ../libopencm3/lib/libopencm3_stm32l0.a(pwr_common_v2.o)
 .group         0x00000000        0xc ../libopencm3/lib/libopencm3_stm32l0.a(pwr_common_v2.o)
 .group         0x00000000        0xc ../libopencm3/lib/libopencm3_stm32l0.a(pwr_common_v2.o)
 .group         0x00000000        0xc ../libopencm3/lib/libopencm3_stm32l0.a(pwr_common_v2.o)
 .group         0x00000000        0xc ../libopencm3/lib/libopencm3_stm32l0.a(pwr_common_v2.o)
 .group         0x00000000        0xc ../libopencm3/lib/libopencm3_stm32l0.a(pwr_common_v2.o)
 .group         0x00000000        0xc ../libopencm3/lib/libopencm3_stm32l0.a(pwr_common_v2.o)
 .debug_macro   0x00000000      0xab4 ../libopencm3/lib/libopencm3_stm32l0.a(pwr_common_v2.o)
 .debug_macro   0x00000000       0x1c ../libopencm3/lib/libopencm3_stm32l0.a(pwr_common_v2.o)
 .debug_macro   0x00000000       0x22 ../libopencm3/lib/libopencm3_stm32l0.a(pwr_common_v2.o)
 .debug_macro   0x00000000       0x56 ../libopencm3/lib/libopencm3_stm32l0.a(pwr_common_v2.o)
 .debug_macro   0x00000000       0x51 ../libopencm3/lib/libopencm3_stm32l0.a(pwr_common_v2.o)
 .debug_macro   0x00000000      0x103 ../libopencm3/lib/libopencm3_stm32l0.a(pwr_common_v2.o)
 .debug_macro   0x00000000       0x6a ../libopencm3/lib/libopencm3_stm32l0.a(pwr_common_v2.o)
 .debug_macro   0x00000000      0x1df ../libopencm3/lib/libopencm3_stm32l0.a(pwr_common_v2.o)
 .debug_macro   0x00000000       0x22 ../libopencm3/lib/libopencm3_stm32l0.a(pwr_common_v2.o)
 .debug_macro   0x00000000       0xe8 ../libopencm3/lib/libopencm3_stm32l0.a(pwr_common_v2.o)
 .debug_macro   0x00000000       0x52 ../libopencm3/lib/libopencm3_stm32l0.a(pwr_common_v2.o)
 .debug_macro   0x00000000      0x166 ../libopencm3/lib/libopencm3_stm32l0.a(pwr_common_v2.o)
 .debug_macro   0x00000000       0x8e ../libopencm3/lib/libopencm3_stm32l0.a(pwr_common_v2.o)
 .debug_macro   0x00000000       0x58 ../libopencm3/lib/libopencm3_stm32l0.a(pwr_common_v2.o)
 .debug_macro   0x00000000      0x903 ../libopencm3/lib/libopencm3_stm32l0.a(pwr_common_v2.o)

Memory Configuration

Name             Origin             Length             Attributes
ram              0x20000000         0x00005000         xrw
rom              0x08000000         0x00030000         xr
*default*        0x00000000         0xffffffff

Linker script and memory map

LOAD firmware.o
START GROUP
LOAD /usr/lib/gcc/arm-none-eabi/15.2.0/../../../../arm-none-eabi/lib/thumb/v6-m/nofp/libc.a
LOAD /usr/lib/gcc/arm-none-eabi/15.2.0/thumb/v6-m/nofp/libgcc.a
LOAD /usr/lib/gcc/arm-none-eabi/15.2.0/../../../../arm-none-eabi/lib/thumb/v6-m/nofp/libnosys.a
END GROUP
LOAD ../libopencm3/lib/libopencm3_stm32l0.a
START GROUP
LOAD /usr/lib/gcc/arm-none-eabi/15.2.0/thumb/v6-m/nofp/libgcc.a
LOAD /usr/lib/gcc/arm-none-eabi/15.2.0/../../../../arm-none-eabi/lib/thumb/v6-m/nofp/libc.a
END GROUP

.text           0x08000000      0xc68
 *(.vectors)
 .vectors       0x08000000       0xc0 ../libopencm3/lib/libopencm3_stm32l0.a(vector.o)
                0x08000000                vector_table
 *(.text*)
 .text          0x080000c0       0x18 firmware.o
                0x080000c0                sys_tick_handler
 .text.startup  0x080000d8       0x68 firmware.o
                0x080000d8                main
 .text          0x08000140        0x0 ../libopencm3/lib/libopencm3_stm32l0.a(gpio_common_all.o)
 .text.gpio_set
                0x08000140        0x4 ../libopencm3/lib/libopencm3_stm32l0.a(gpio_common_all.o)
                0x08000140                gpio_set
 .text.gpio_clear
                0x08000144        0x6 ../libopencm3/lib/libopencm3_stm32l0.a(gpio_common_all.o)
                0x08000144                gpio_clear
 .text.gpio_get
                0x0800014a        0x6 ../libopencm3/lib/libopencm3_stm32l0.a(gpio_common_all.o)
                0x0800014a                gpio_get
 .text.gpio_toggle
                0x08000150       0x10 ../libopencm3/lib/libopencm3_stm32l0.a(gpio_common_all.o)
                0x08000150                gpio_toggle
 .text.gpio_port_read
                0x08000160        0x6 ../libopencm3/lib/libopencm3_stm32l0.a(gpio_common_all.o)
                0x08000160                gpio_port_read
 .text.gpio_port_write
                0x08000166        0x4 ../libopencm3/lib/libopencm3_stm32l0.a(gpio_common_all.o)
                0x08000166                gpio_port_write
 .text.gpio_port_config_lock
                0x0800016a       0x12 ../libopencm3/lib/libopencm3_stm32l0.a(gpio_common_all.o)
                0x0800016a                gpio_port_config_lock
 .text          0x0800017c        0x0 ../libopencm3/lib/libopencm3_stm32l0.a(gpio_common_f0234.o)
 .text.gpio_mode_setup
                0x0800017c       0x38 ../libopencm3/lib/libopencm3_stm32l0.a(gpio_common_f0234.o)
                0x0800017c                gpio_mode_setup
 .text.gpio_set_output_options
                0x080001b4       0x3c ../libopencm3/lib/libopencm3_stm32l0.a(gpio_common_f0234.o)
                0x080001b4                gpio_set_output_options
 .text.gpio_set_af
                0x080001f0       0x58 ../libopencm3/lib/libopencm3_stm32l0.a(gpio_common_f0234.o)
                0x080001f0                gpio_set_af
 .text          0x08000248        0x0 ../libopencm3/lib/libopencm3_stm32l0.a(rcc.o)
 .text.rcc_uart_i2c_clksel_freq_hz
                0x08000248       0x44 ../libopencm3/lib/libopencm3_stm32l0.a(rcc.o)
 .text.rcc_osc_on
                0x0800028c       0x54 ../libopencm3/lib/libopencm3_stm32l0.a(rcc.o)
                0x0800028c                rcc_osc_on
 .text.rcc_osc_off
                0x080002e0       0x5c ../libopencm3/lib/libopencm3_stm32l0.a(rcc.o)
                0x080002e0                rcc_osc_off
 .text.rcc_osc_ready_int_clear
                0x0800033c       0x3c ../libopencm3/lib/libopencm3_stm32l0.a(rcc.o)
                0x0800033c                rcc_osc_ready_int_clear
 .text.rcc_osc_ready_int_enable
                0x08000378       0x3c ../libopencm3/lib/libopencm3_stm32l0.a(rcc.o)
                0x08000378                rcc_osc_ready_int_enable
 .text.rcc_osc_ready_int_disable
                0x080003b4       0x3c ../libopencm3/lib/libopencm3_stm32l0.a(rcc.o)
                0x080003b4                rcc_osc_ready_int_disable
 .text.rcc_osc_ready_int_flag
                0x080003f0       0x4c ../libopencm3/lib/libopencm3_stm32l0.a(rcc.o)
                0x080003f0                rcc_osc_ready_int_flag
 .text.rcc_is_osc_ready
                0x0800043c       0x54 ../libopencm3/lib/libopencm3_stm32l0.a(rcc.o)
                0x0800043c                rcc_is_osc_ready
 .text.rcc_wait_for_osc_ready
                0x08000490       0x10 ../libopencm3/lib/libopencm3_stm32l0.a(rcc.o)
                0x08000490                rcc_wait_for_osc_ready
 .text.rcc_set_hsi48_source_rc48
                0x080004a0       0x14 ../libopencm3/lib/libopencm3_stm32l0.a(rcc.o)
                0x080004a0                rcc_set_hsi48_source_rc48
 .text.rcc_set_hsi48_source_pll
                0x080004b4       0x14 ../libopencm3/lib/libopencm3_stm32l0.a(rcc.o)
                0x080004b4                rcc_set_hsi48_source_pll
 .text.rcc_set_sysclk_source
                0x080004c8       0x48 ../libopencm3/lib/libopencm3_stm32l0.a(rcc.o)
                0x080004c8                rcc_set_sysclk_source
 .text.rcc_set_pll_multiplier
                0x08000510       0x18 ../libopencm3/lib/libopencm3_stm32l0.a(rcc.o)
                0x08000510                rcc_set_pll_multiplier
 .text.rcc_set_pll_divider
                0x08000528       0x18 ../libopencm3/lib/libopencm3_stm32l0.a(rcc.o)
                0x08000528                rcc_set_pll_divider
 .text.rcc_set_pll_source
                0x08000540       0x18 ../libopencm3/lib/libopencm3_stm32l0.a(rcc.o)
                0x08000540                rcc_set_pll_source
 .text.rcc_set_ppre1
                0x08000558       0x18 ../libopencm3/lib/libopencm3_stm32l0.a(rcc.o)
                0x08000558                rcc_set_ppre1
 .text.rcc_set_ppre2
                0x08000570       0x18 ../libopencm3/lib/libopencm3_stm32l0.a(rcc.o)
                0x08000570                rcc_set_ppre2
 .text.rcc_set_hpre
                0x08000588       0x14 ../libopencm3/lib/libopencm3_stm32l0.a(rcc.o)
                0x08000588                rcc_set_hpre
 .text.rcc_set_msi_range
                0x0800059c       0x18 ../libopencm3/lib/libopencm3_stm32l0.a(rcc.o)
                0x0800059c                rcc_set_msi_range
 .text.rcc_set_lptim1_sel
                0x080005b4       0x1c ../libopencm3/lib/libopencm3_stm32l0.a(rcc.o)
                0x080005b4                rcc_set_lptim1_sel
 .text.rcc_set_lpuart1_sel
                0x080005d0       0x1c ../libopencm3/lib/libopencm3_stm32l0.a(rcc.o)
                0x080005d0                rcc_set_lpuart1_sel
 .text.rcc_set_usart1_sel
                0x080005ec       0x18 ../libopencm3/lib/libopencm3_stm32l0.a(rcc.o)
                0x080005ec                rcc_set_usart1_sel
 .text.rcc_set_usart2_sel
                0x08000604       0x18 ../libopencm3/lib/libopencm3_stm32l0.a(rcc.o)
                0x08000604                rcc_set_usart2_sel
 .text.rcc_set_peripheral_clk_sel
                0x0800061c       0x6c ../libopencm3/lib/libopencm3_stm32l0.a(rcc.o)
                0x0800061c                rcc_set_peripheral_clk_sel
 .text.rcc_get_usart_clk_freq
                0x08000688       0x38 ../libopencm3/lib/libopencm3_stm32l0.a(rcc.o)
                0x08000688                rcc_get_usart_clk_freq
 .text.rcc_get_timer_clk_freq
                0x080006c0       0x34 ../libopencm3/lib/libopencm3_stm32l0.a(rcc.o)
                0x080006c0                rcc_get_timer_clk_freq
 .text.rcc_get_i2c_clk_freq
                0x080006f4       0x2c ../libopencm3/lib/libopencm3_stm32l0.a(rcc.o)
                0x080006f4                rcc_get_i2c_clk_freq
 .text.rcc_get_spi_clk_freq
                0x08000720       0x1c ../libopencm3/lib/libopencm3_stm32l0.a(rcc.o)
                0x08000720                rcc_get_spi_clk_freq
 .text.rcc_clock_setup_pll
                0x0800073c       0xac ../libopencm3/lib/libopencm3_stm32l0.a(rcc.o)
                0x0800073c                rcc_clock_setup_pll
 .text          0x080007e8        0x0 ../libopencm3/lib/libopencm3_stm32l0.a(rcc_common_all.o)
 .text.rcc_peripheral_enable_clock
                0x080007e8        0x8 ../libopencm3/lib/libopencm3_stm32l0.a(rcc_common_all.o)
                0x080007e8                rcc_peripheral_enable_clock
 .text.rcc_peripheral_disable_clock
                0x080007f0        0x8 ../libopencm3/lib/libopencm3_stm32l0.a(rcc_common_all.o)
                0x080007f0                rcc_peripheral_disable_clock
 .text.rcc_peripheral_reset
                0x080007f8        0x8 ../libopencm3/lib/libopencm3_stm32l0.a(rcc_common_all.o)
                0x080007f8                rcc_peripheral_reset
 .text.rcc_peripheral_clear_reset
                0x08000800        0x8 ../libopencm3/lib/libopencm3_stm32l0.a(rcc_common_all.o)
                0x08000800                rcc_peripheral_clear_reset
 .text.rcc_periph_clock_enable
                0x08000808       0x1c ../libopencm3/lib/libopencm3_stm32l0.a(rcc_common_all.o)
                0x08000808                rcc_periph_clock_enable
 .text.rcc_periph_clock_disable
                0x08000824       0x1c ../libopencm3/lib/libopencm3_stm32l0.a(rcc_common_all.o)
                0x08000824                rcc_periph_clock_disable
 .text.rcc_periph_reset_pulse
                0x08000840       0x20 ../libopencm3/lib/libopencm3_stm32l0.a(rcc_common_all.o)
                0x08000840                rcc_periph_reset_pulse
 .text.rcc_periph_reset_hold
                0x08000860        0x8 ../libopencm3/lib/libopencm3_stm32l0.a(rcc_common_all.o)
                0x08000860                rcc_periph_reset_hold
 .text.rcc_periph_reset_release
                0x08000868        0x8 ../libopencm3/lib/libopencm3_stm32l0.a(rcc_common_all.o)
                0x08000868                rcc_periph_reset_release
 .text.rcc_set_mco
                0x08000870       0x18 ../libopencm3/lib/libopencm3_stm32l0.a(rcc_common_all.o)
                0x08000870                rcc_set_mco
 .text.rcc_osc_bypass_enable
                0x08000888       0x2c ../libopencm3/lib/libopencm3_stm32l0.a(rcc_common_all.o)
                0x08000888                rcc_osc_bypass_enable
 .text.rcc_osc_bypass_disable
                0x080008b4       0x30 ../libopencm3/lib/libopencm3_stm32l0.a(rcc_common_all.o)
                0x080008b4                rcc_osc_bypass_disable
 .text.rcc_get_div_from_hpre
                0x080008e4       0x1a ../libopencm3/lib/libopencm3_stm32l0.a(rcc_common_all.o)
                0x080008e4                rcc_get_div_from_hpre
 .text          0x080008fe        0x0 ../libopencm3/lib/libopencm3_stm32l0.a(vector.o)
 .text.blocking_handler
                0x080008fe        0x2 ../libopencm3/lib/libopencm3_stm32l0.a(vector.o)
                0x080008fe                rtc_isr
                0x080008fe                tim7_isr
                0x080008fe                blocking_handler
                0x080008fe                tsc_isr
                0x080008fe                spi1_isr
                0x080008fe                i2c1_isr
                0x080008fe                i2c2_isr
                0x080008fe                tim21_isr
                0x080008fe                usart1_isr
                0x080008fe                i2c3_isr
                0x080008fe                reserved4_isr
                0x080008fe                exti2_3_isr
                0x080008fe                lptim1_isr
                0x080008fe                pvd_isr
                0x080008fe                rcc_isr
                0x080008fe                flash_isr
                0x080008fe                hard_fault_handler
                0x080008fe                spi2_isr
                0x080008fe                lpuart1_aes_rng_isr
                0x080008fe                usb_isr
                0x080008fe                tim3_isr
                0x080008fe                usart2_isr
                0x080008fe                adc_comp_isr
                0x080008fe                dma1_channel1_isr
                0x080008fe                tim6_dac_isr
                0x080008fe                lcd_isr
                0x080008fe                dma1_channel2_3_isr
                0x080008fe                tim22_isr
                0x080008fe                exti4_15_isr
                0x080008fe                usart4_5_isr
                0x080008fe                wwdg_isr
                0x080008fe                tim2_isr
                0x080008fe                dma1_channel4_5_isr
                0x080008fe                exti0_1_isr
 .text.null_handler
                0x08000900        0x2 ../libopencm3/lib/libopencm3_stm32l0.a(vector.o)
                0x08000900                null_handler
                0x08000900                sv_call_handler
                0x08000900                pend_sv_handler
                0x08000900                nmi_handler
 *fill*         0x08000902        0x2 
 .text.reset_handler
                0x08000904       0x88 ../libopencm3/lib/libopencm3_stm32l0.a(vector.o)
                0x08000904                reset_handler
 .text          0x0800098c        0x0 ../libopencm3/lib/libopencm3_stm32l0.a(systick.o)
 .text.systick_set_reload
                0x0800098c       0x10 ../libopencm3/lib/libopencm3_stm32l0.a(systick.o)
                0x0800098c                systick_set_reload
 .text.systick_get_reload
                0x0800099c       0x10 ../libopencm3/lib/libopencm3_stm32l0.a(systick.o)
                0x0800099c                systick_get_reload
 .text.systick_get_value
                0x080009ac       0x10 ../libopencm3/lib/libopencm3_stm32l0.a(systick.o)
                0x080009ac                systick_get_value
 .text.systick_set_clocksource
                0x080009bc       0x14 ../libopencm3/lib/libopencm3_stm32l0.a(systick.o)
                0x080009bc                systick_set_clocksource
 .text.systick_set_frequency
                0x080009d0       0x24 ../libopencm3/lib/libopencm3_stm32l0.a(systick.o)
                0x080009d0                systick_set_frequency
 .text.systick_interrupt_enable
                0x080009f4       0x10 ../libopencm3/lib/libopencm3_stm32l0.a(systick.o)
                0x080009f4                systick_interrupt_enable
 .text.systick_interrupt_disable
                0x08000a04       0x10 ../libopencm3/lib/libopencm3_stm32l0.a(systick.o)
                0x08000a04                systick_interrupt_disable
 .text.systick_counter_enable
                0x08000a14       0x10 ../libopencm3/lib/libopencm3_stm32l0.a(systick.o)
                0x08000a14                systick_counter_enable
 .text.systick_counter_disable
                0x08000a24       0x10 ../libopencm3/lib/libopencm3_stm32l0.a(systick.o)
                0x08000a24                systick_counter_disable
 .text.systick_get_countflag
                0x08000a34       0x10 ../libopencm3/lib/libopencm3_stm32l0.a(systick.o)
                0x08000a34                systick_get_countflag
 .text.systick_clear
                0x08000a44        0xc ../libopencm3/lib/libopencm3_stm32l0.a(systick.o)
                0x08000a44                systick_clear
 .text.systick_get_calib
                0x08000a50       0x10 ../libopencm3/lib/libopencm3_stm32l0.a(systick.o)
                0x08000a50                systick_get_calib
 .text          0x08000a60        0x0 ../libopencm3/lib/libopencm3_stm32l0.a(assert.o)
 .text.cm3_assert_failed
                0x08000a60        0x2 ../libopencm3/lib/libopencm3_stm32l0.a(assert.o)
                0x08000a60                cm3_assert_failed
 .text.cm3_assert_failed_verbose
                0x08000a62        0x6 ../libopencm3/lib/libopencm3_stm32l0.a(assert.o)
                0x08000a62                cm3_assert_failed_verbose
 .text          0x08000a68        0x0 ../libopencm3/lib/libopencm3_stm32l0.a(flash_common_all.o)
 .text.flash_prefetch_enable
                0x08000a68       0x10 ../libopencm3/lib/libopencm3_stm32l0.a(flash_common_all.o)
                0x08000a68                flash_prefetch_enable
 .text.flash_prefetch_disable
                0x08000a78       0x10 ../libopencm3/lib/libopencm3_stm32l0.a(flash_common_all.o)
                0x08000a78                flash_prefetch_disable
 .text.flash_set_ws
                0x08000a88       0x14 ../libopencm3/lib/libopencm3_stm32l0.a(flash_common_all.o)
                0x08000a88                flash_set_ws
 .text.flash_unlock_option_bytes
                0x08000a9c       0x18 ../libopencm3/lib/libopencm3_stm32l0.a(flash_common_all.o)
                0x08000a9c                flash_unlock_option_bytes
 .text          0x08000ab4        0x0 ../libopencm3/lib/libopencm3_stm32l0.a(pwr_common_v2.o)
 .text.pwr_set_vos_scale
                0x08000ab4       0x34 ../libopencm3/lib/libopencm3_stm32l0.a(pwr_common_v2.o)
                0x08000ab4                pwr_set_vos_scale
 .text          0x08000ae8       0x14 /usr/lib/gcc/arm-none-eabi/15.2.0/thumb/v6-m/nofp/libgcc.a(_thumb1_case_uqi.o)
                0x08000ae8                __gnu_thumb1_case_uqi
 .text          0x08000afc      0x114 /usr/lib/gcc/arm-none-eabi/15.2.0/thumb/v6-m/nofp/libgcc.a(_udivsi3.o)
                0x08000afc                __udivsi3
                0x08000afc                __aeabi_uidiv
                0x08000c08                __aeabi_uidivmod
 .text          0x08000c10        0x4 /usr/lib/gcc/arm-none-eabi/15.2.0/thumb/v6-m/nofp/libgcc.a(_dvmd_tls.o)
                0x08000c10                __aeabi_ldiv0
                0x08000c10                __aeabi_idiv0
                0x08000c14                        . = ALIGN (0x4)
 *(.rodata*)
 .rodata.rcc_hsi_configs
                0x08000c14       0x54 ../libopencm3/lib/libopencm3_stm32l0.a(rcc.o)
                0x08000c14                rcc_hsi_configs
                0x08000c68                        . = ALIGN (0x4)

.glue_7         0x08000c68        0x0
 .glue_7        0x08000c68        0x0 linker stubs

.glue_7t        0x08000c68        0x0
 .glue_7t       0x08000c68        0x0 linker stubs

.vfp11_veneer   0x08000c68        0x0
 .vfp11_veneer  0x08000c68        0x0 linker stubs

.v4_bx          0x08000c68        0x0
 .v4_bx         0x08000c68        0x0 linker stubs

.iplt           0x08000c68        0x0
 .iplt          0x08000c68        0x0 firmware.o

.rel.dyn        0x08000c68        0x0
 .rel.iplt      0x08000c68        0x0 firmware.o

.preinit_array  0x08000c68        0x0
                0x08000c68                        . = ALIGN (0x4)
                0x08000c68                        __preinit_array_start = .
 *(.preinit_array)
                0x08000c68                        __preinit_array_end = .

.init_array     0x08000c68        0x0
                0x08000c68                        . = ALIGN (0x4)
                0x08000c68                        __init_array_start = .
 *(SORT_BY_NAME(.init_array.*))
 *(.init_array)
                0x08000c68                        __init_array_end = .

.fini_array     0x08000c68        0x0
                0x08000c68                        . = ALIGN (0x4)
                0x08000c68                        __fini_array_start = .
 *(.fini_array)
 *(SORT_BY_NAME(.fini_array.*))
                0x08000c68                        __fini_array_end = .

.ARM.extab
 *(.ARM.extab*)

.ARM.exidx      0x08000c68        0x0
                0x08000c68                        __exidx_start = .
 *(.ARM.exidx*)
                0x08000c68                        __exidx_end = .
                0x08000c68                        . = ALIGN (0x4)
                0x08000c68                        _etext = .

.noinit
 *(.noinit*)
                0x08000c68                        . = ALIGN (0x4)

.data           0x20000000        0xc load address 0x08000c68
                0x20000000                        _data = .
 *(.data*)
 .data          0x20000000        0x0 firmware.o
 .data          0x20000000        0x0 ../libopencm3/lib/libopencm3_stm32l0.a(gpio_common_all.o)
 .data          0x20000000        0x0 ../libopencm3/lib/libopencm3_stm32l0.a(gpio_common_f0234.o)
 .data          0x20000000        0x0 ../libopencm3/lib/libopencm3_stm32l0.a(rcc.o)
 .data.rcc_apb2_frequency
                0x20000000        0x4 ../libopencm3/lib/libopencm3_stm32l0.a(rcc.o)
                0x20000000                rcc_apb2_frequency
 .data.rcc_apb1_frequency
                0x20000004        0x4 ../libopencm3/lib/libopencm3_stm32l0.a(rcc.o)
                0x20000004                rcc_apb1_frequency
 .data.rcc_ahb_frequency
                0x20000008        0x4 ../libopencm3/lib/libopencm3_stm32l0.a(rcc.o)
                0x20000008                rcc_ahb_frequency
 .data          0x2000000c        0x0 ../libopencm3/lib/libopencm3_stm32l0.a(rcc_common_all.o)
 .data          0x2000000c        0x0 ../libopencm3/lib/libopencm3_stm32l0.a(vector.o)
 .data          0x2000000c        0x0 ../libopencm3/lib/libopencm3_stm32l0.a(systick.o)
 .data          0x2000000c        0x0 ../libopencm3/lib/libopencm3_stm32l0.a(assert.o)
 .data          0x2000000c        0x0 ../libopencm3/lib/libopencm3_stm32l0.a(flash_common_all.o)
 .data          0x2000000c        0x0 ../libopencm3/lib/libopencm3_stm32l0.a(pwr_common_v2.o)
 .data          0x2000000c        0x0 /usr/lib/gcc/arm-none-eabi/15.2.0/thumb/v6-m/nofp/libgcc.a(_thumb1_case_uqi.o)
 .data          0x2000000c        0x0 /usr/lib/gcc/arm-none-eabi/15.2.0/thumb/v6-m/nofp/libgcc.a(_udivsi3.o)
 .data          0x2000000c        0x0 /usr/lib/gcc/arm-none-eabi/15.2.0/thumb/v6-m/nofp/libgcc.a(_dvmd_tls.o)
 *(.ramtext*)
                0x2000000c                        . = ALIGN (0x4)
                0x2000000c                        _edata = .
                0x08000c68                        _data_loadaddr = LOADADDR (.data)

.igot.plt       0x2000000c        0x0 load address 0x08000c74
 .igot.plt      0x2000000c        0x0 firmware.o

.bss            0x20000010        0x8 load address 0x08000c74
 *(.bss*)
 .bss           0x20000010        0x8 firmware.o
                0x20000010                ticks
 .bss           0x20000018        0x0 ../libopencm3/lib/libopencm3_stm32l0.a(gpio_common_all.o)
 .bss           0x20000018        0x0 ../libopencm3/lib/libopencm3_stm32l0.a(gpio_common_f0234.o)
 .bss           0x20000018        0x0 ../libopencm3/lib/libopencm3_stm32l0.a(rcc.o)
 .bss           0x20000018        0x0 ../libopencm3/lib/libopencm3_stm32l0.a(rcc_common_all.o)
 .bss           0x20000018        0x0 ../libopencm3/lib/libopencm3_stm32l0.a(vector.o)
 .bss           0x20000018        0x0 ../libopencm3/lib/libopencm3_stm32l0.a(systick.o)
 .bss           0x20000018        0x0 ../libopencm3/lib/libopencm3_stm32l0.a(assert.o)
 .bss           0x20000018        0x0 ../libopencm3/lib/libopencm3_stm32l0.a(flash_common_all.o)
 .bss           0x20000018        0x0 ../libopencm3/lib/libopencm3_stm32l0.a(pwr_common_v2.o)
 .bss           0x20000018        0x0 /usr/lib/gcc/arm-none-eabi/15.2.0/thumb/v6-m/nofp/libgcc.a(_thumb1_case_uqi.o)
 .bss           0x20000018        0x0 /usr/lib/gcc/arm-none-eabi/15.2.0/thumb/v6-m/nofp/libgcc.a(_udivsi3.o)
 .bss           0x20000018        0x0 /usr/lib/gcc/arm-none-eabi/15.2.0/thumb/v6-m/nofp/libgcc.a(_dvmd_tls.o)
 *(COMMON)
                0x20000018                        . = ALIGN (0x4)
                0x20000018                        _ebss = .

/DISCARD/
 *(.eh_frame)
                0x20000018                        . = ALIGN (0x4)
                0x20000018                        end = .
                0x20005000                        PROVIDE (_stack = (ORIGIN (ram) + LENGTH (ram)))
OUTPUT(miniblink.elf elf32-littlearm)
LOAD linker stubs

.debug_info     0x00000000     0x25ee
 .debug_info    0x00000000      0x62f firmware.o
 .debug_info    0x0000062f      0x256 ../libopencm3/lib/libopencm3_stm32l0.a(gpio_common_all.o)
 .debug_info    0x00000885      0x232 ../libopencm3/lib/libopencm3_stm32l0.a(gpio_common_f0234.o)
 .debug_info    0x00000ab7      0xc63 ../libopencm3/lib/libopencm3_stm32l0.a(rcc.o)
 .debug_info    0x0000171a      0x651 ../libopencm3/lib/libopencm3_stm32l0.a(rcc_common_all.o)
 .debug_info    0x00001d6b      0x2c3 ../libopencm3/lib/libopencm3_stm32l0.a(vector.o)
 .debug_info    0x0000202e      0x23b ../libopencm3/lib/libopencm3_stm32l0.a(systick.o)
 .debug_info    0x00002269      0x101 ../libopencm3/lib/libopencm3_stm32l0.a(assert.o)
 .debug_info    0x0000236a       0xf6 ../libopencm3/lib/libopencm3_stm32l0.a(flash_common_all.o)
 .debug_info    0x00002460       0xe3 ../libopencm3/lib/libopencm3_stm32l0.a(pwr_common_v2.o)
 .debug_info    0x00002543       0x31 /usr/lib/gcc/arm-none-eabi/15.2.0/thumb/v6-m/nofp/libgcc.a(_thumb1_case_uqi.o)
 .debug_info    0x00002574       0x3e /usr/lib/gcc/arm-none-eabi/15.2.0/thumb/v6-m/nofp/libgcc.a(_udivsi3.o)
 .debug_info    0x000025b2       0x3c /usr/lib/gcc/arm-none-eabi/15.2.0/thumb/v6-m/nofp/libgcc.a(_dvmd_tls.o)

.debug_abbrev   0x00000000      0xddc
 .debug_abbrev  0x00000000      0x23f firmware.o
 .debug_abbrev  0x0000023f      0x115 ../libopencm3/lib/libopencm3_stm32l0.a(gpio_common_all.o)
 .debug_abbrev  0x00000354       0xc3 ../libopencm3/lib/libopencm3_stm32l0.a(gpio_common_f0234.o)
 .debug_abbrev  0x00000417      0x362 ../libopencm3/lib/libopencm3_stm32l0.a(rcc.o)
 .debug_abbrev  0x00000779      0x174 ../libopencm3/lib/libopencm3_stm32l0.a(rcc_common_all.o)
 .debug_abbrev  0x000008ed      0x149 ../libopencm3/lib/libopencm3_stm32l0.a(vector.o)
 .debug_abbrev  0x00000a36      0x168 ../libopencm3/lib/libopencm3_stm32l0.a(systick.o)
 .debug_abbrev  0x00000b9e       0x94 ../libopencm3/lib/libopencm3_stm32l0.a(assert.o)
 .debug_abbrev  0x00000c32       0x9d ../libopencm3/lib/libopencm3_stm32l0.a(flash_common_all.o)
 .debug_abbrev  0x00000ccf       0x97 ../libopencm3/lib/libopencm3_stm32l0.a(pwr_common_v2.o)
 .debug_abbrev  0x00000d66       0x28 /usr/lib/gcc/arm-none-eabi/15.2.0/thumb/v6-m/nofp/libgcc.a(_thumb1_case_uqi.o)
 .debug_abbrev  0x00000d8e       0x28 /usr/lib/gcc/arm-none-eabi/15.2.0/thumb/v6-m/nofp/libgcc.a(_udivsi3.o)
 .debug_abbrev  0x00000db6       0x26 /usr/lib/gcc/arm-none-eabi/15.2.0/thumb/v6-m/nofp/libgcc.a(_dvmd_tls.o)

.debug_loclists
                0x00000000      0xa43
 .debug_loclists
                0x00000000       0x2a firmware.o
 .debug_loclists
                0x0000002a       0x96 ../libopencm3/lib/libopencm3_stm32l0.a(gpio_common_all.o)
 .debug_loclists
                0x000000c0      0x162 ../libopencm3/lib/libopencm3_stm32l0.a(gpio_common_f0234.o)
 .debug_loclists
                0x00000222      0x56e ../libopencm3/lib/libopencm3_stm32l0.a(rcc.o)
 .debug_loclists
                0x00000790       0xb4 ../libopencm3/lib/libopencm3_stm32l0.a(rcc_common_all.o)
 .debug_loclists
                0x00000844       0xa1 ../libopencm3/lib/libopencm3_stm32l0.a(vector.o)
 .debug_loclists
                0x000008e5       0x8e ../libopencm3/lib/libopencm3_stm32l0.a(systick.o)
 .debug_loclists
                0x00000973       0x80 ../libopencm3/lib/libopencm3_stm32l0.a(assert.o)
 .debug_loclists
                0x000009f3       0x1c ../libopencm3/lib/libopencm3_stm32l0.a(flash_common_all.o)
 .debug_loclists
                0x00000a0f       0x34 ../libopencm3/lib/libopencm3_stm32l0.a(pwr_common_v2.o)

.debug_aranges  0x00000000      0x3b0
 .debug_aranges
                0x00000000       0x28 firmware.o
 .debug_aranges
                0x00000028       0x50 ../libopencm3/lib/libopencm3_stm32l0.a(gpio_common_all.o)
 .debug_aranges
                0x00000078       0x30 ../libopencm3/lib/libopencm3_stm32l0.a(gpio_common_f0234.o)
 .debug_aranges
                0x000000a8      0x100 ../libopencm3/lib/libopencm3_stm32l0.a(rcc.o)
 .debug_aranges
                0x000001a8       0x80 ../libopencm3/lib/libopencm3_stm32l0.a(rcc_common_all.o)
 .debug_aranges
                0x00000228       0x30 ../libopencm3/lib/libopencm3_stm32l0.a(vector.o)
 .debug_aranges
                0x00000258       0x78 ../libopencm3/lib/libopencm3_stm32l0.a(systick.o)
 .debug_aranges
                0x000002d0       0x28 ../libopencm3/lib/libopencm3_stm32l0.a(assert.o)
 .debug_aranges
                0x000002f8       0x38 ../libopencm3/lib/libopencm3_stm32l0.a(flash_common_all.o)
 .debug_aranges
                0x00000330       0x20 ../libopencm3/lib/libopencm3_stm32l0.a(pwr_common_v2.o)
 .debug_aranges
                0x00000350       0x20 /usr/lib/gcc/arm-none-eabi/15.2.0/thumb/v6-m/nofp/libgcc.a(_thumb1_case_uqi.o)
 .debug_aranges
                0x00000370       0x20 /usr/lib/gcc/arm-none-eabi/15.2.0/thumb/v6-m/nofp/libgcc.a(_udivsi3.o)
 .debug_aranges
                0x00000390       0x20 /usr/lib/gcc/arm-none-eabi/15.2.0/thumb/v6-m/nofp/libgcc.a(_dvmd_tls.o)

.debug_rnglists
                0x00000000      0x2a0
 .debug_rnglists
                0x00000000       0x3d firmware.o
 .debug_rnglists
                0x0000003d       0x37 ../libopencm3/lib/libopencm3_stm32l0.a(gpio_common_all.o)
 .debug_rnglists
                0x00000074       0x1f ../libopencm3/lib/libopencm3_stm32l0.a(gpio_common_f0234.o)
 .debug_rnglists
                0x00000093       0xe0 ../libopencm3/lib/libopencm3_stm32l0.a(rcc.o)
 .debug_rnglists
                0x00000173       0x5b ../libopencm3/lib/libopencm3_stm32l0.a(rcc_common_all.o)
 .debug_rnglists
                0x000001ce       0x20 ../libopencm3/lib/libopencm3_stm32l0.a(vector.o)
 .debug_rnglists
                0x000001ee       0x61 ../libopencm3/lib/libopencm3_stm32l0.a(systick.o)
 .debug_rnglists
                0x0000024f       0x19 ../libopencm3/lib/libopencm3_stm32l0.a(assert.o)
 .debug_rnglists
                0x00000268       0x25 ../libopencm3/lib/libopencm3_stm32l0.a(flash_common_all.o)
 .debug_rnglists
                0x0000028d       0x13 ../libopencm3/lib/libopencm3_stm32l0.a(pwr_common_v2.o)

.debug_macro    0x00000000     0x39f3
 .debug_macro   0x00000000      0x166 firmware.o
 .debug_macro   0x00000166      0xacc firmware.o
 .debug_macro   0x00000c32       0x22 firmware.o
 .debug_macro   0x00000c54       0x8e firmware.o
 .debug_macro   0x00000ce2       0x51 firmware.o
 .debug_macro   0x00000d33      0x103 firmware.o
 .debug_macro   0x00000e36       0x6a firmware.o
 .debug_macro   0x00000ea0      0x1df firmware.o
 .debug_macro   0x0000107f       0x1c firmware.o
 .debug_macro   0x0000109b       0x10 firmware.o
 .debug_macro   0x000010ab       0xe8 firmware.o
 .debug_macro   0x00001193       0x52 firmware.o
 .debug_macro   0x000011e5      0x166 firmware.o
 .debug_macro   0x0000134b       0x8e firmware.o
 .debug_macro   0x000013d9       0x58 firmware.o
 .debug_macro   0x00001431      0x903 firmware.o
 .debug_macro   0x00001d34       0x76 firmware.o
 .debug_macro   0x00001daa      0x37e firmware.o
 .debug_macro   0x00002128       0xca firmware.o
 .debug_macro   0x000021f2       0x46 firmware.o
 .debug_macro   0x00002238       0x6f firmware.o
 .debug_macro   0x000022a7       0x49 firmware.o
 .debug_macro   0x000022f0       0xca firmware.o
 .debug_macro   0x000023ba       0xd6 ../libopencm3/lib/libopencm3_stm32l0.a(gpio_common_all.o)
 .debug_macro   0x00002490      0xab4 ../libopencm3/lib/libopencm3_stm32l0.a(gpio_common_all.o)
 .debug_macro   0x00002f44       0x56 ../libopencm3/lib/libopencm3_stm32l0.a(gpio_common_all.o)
 .debug_macro   0x00002f9a       0x22 ../libopencm3/lib/libopencm3_stm32l0.a(gpio_common_all.o)
 .debug_macro   0x00002fbc       0xd6 ../libopencm3/lib/libopencm3_stm32l0.a(gpio_common_f0234.o)
 .debug_macro   0x00003092      0x113 ../libopencm3/lib/libopencm3_stm32l0.a(rcc.o)
 .debug_macro   0x000031a5       0x16 ../libopencm3/lib/libopencm3_stm32l0.a(rcc.o)
 .debug_macro   0x000031bb      0x166 ../libopencm3/lib/libopencm3_stm32l0.a(rcc.o)
 .debug_macro   0x00003321       0x46 ../libopencm3/lib/libopencm3_stm32l0.a(rcc.o)
 .debug_macro   0x00003367       0xfa ../libopencm3/lib/libopencm3_stm32l0.a(rcc_common_all.o)
 .debug_macro   0x00003461       0xcf ../libopencm3/lib/libopencm3_stm32l0.a(vector.o)
 .debug_macro   0x00003530      0x19f ../libopencm3/lib/libopencm3_stm32l0.a(vector.o)
 .debug_macro   0x000036cf       0x92 ../libopencm3/lib/libopencm3_stm32l0.a(systick.o)
 .debug_macro   0x00003761       0x69 ../libopencm3/lib/libopencm3_stm32l0.a(systick.o)
 .debug_macro   0x000037ca       0x89 ../libopencm3/lib/libopencm3_stm32l0.a(assert.o)
 .debug_macro   0x00003853       0xbc ../libopencm3/lib/libopencm3_stm32l0.a(flash_common_all.o)
 .debug_macro   0x0000390f       0xe4 ../libopencm3/lib/libopencm3_stm32l0.a(pwr_common_v2.o)

.debug_line     0x00000000     0x2a25
 .debug_line    0x00000000      0x3e5 firmware.o
 .debug_line    0x000003e5      0x384 ../libopencm3/lib/libopencm3_stm32l0.a(gpio_common_all.o)
 .debug_line    0x00000769      0x472 ../libopencm3/lib/libopencm3_stm32l0.a(gpio_common_f0234.o)
 .debug_line    0x00000bdb      0xb25 ../libopencm3/lib/libopencm3_stm32l0.a(rcc.o)
 .debug_line    0x00001700      0x459 ../libopencm3/lib/libopencm3_stm32l0.a(rcc_common_all.o)
 .debug_line    0x00001b59      0x347 ../libopencm3/lib/libopencm3_stm32l0.a(vector.o)
 .debug_line    0x00001ea0      0x367 ../libopencm3/lib/libopencm3_stm32l0.a(systick.o)
 .debug_line    0x00002207      0x199 ../libopencm3/lib/libopencm3_stm32l0.a(assert.o)
 .debug_line    0x000023a0      0x2e2 ../libopencm3/lib/libopencm3_stm32l0.a(flash_common_all.o)
 .debug_line    0x00002682      0x2b1 ../libopencm3/lib/libopencm3_stm32l0.a(pwr_common_v2.o)
 .debug_line    0x00002933       0x52 /usr/lib/gcc/arm-none-eabi/15.2.0/thumb/v6-m/nofp/libgcc.a(_thumb1_case_uqi.o)
 .debug_line    0x00002985       0x56 /usr/lib/gcc/arm-none-eabi/15.2.0/thumb/v6-m/nofp/libgcc.a(_udivsi3.o)
 .debug_line    0x000029db       0x4a /usr/lib/gcc/arm-none-eabi/15.2.0/thumb/v6-m/nofp/libgcc.a(_dvmd_tls.o)

.debug_str      0x00000000     0xb853
 .debug_str     0x00000000     0xb853 firmware.o
                               0x9676 (size before relaxing)
 .debug_str     0x0000b853        0x0 ../libopencm3/lib/libopencm3_stm32l0.a(gpio_common_all.o)
                               0x6071 (size before relaxing)
 .debug_str     0x0000b853        0x0 ../libopencm3/lib/libopencm3_stm32l0.a(gpio_common_f0234.o)
                               0x6093 (size before relaxing)
 .debug_str     0x0000b853        0x0 ../libopencm3/lib/libopencm3_stm32l0.a(rcc.o)
                               0x8719 (size before relaxing)
 .debug_str     0x0000b853        0x0 ../libopencm3/lib/libopencm3_stm32l0.a(rcc_common_all.o)
                               0x7ba0 (size before relaxing)
 .debug_str     0x0000b853        0x0 ../libopencm3/lib/libopencm3_stm32l0.a(vector.o)
                               0x545b (size before relaxing)
 .debug_str     0x0000b853        0x0 ../libopencm3/lib/libopencm3_stm32l0.a(systick.o)
                               0x455e (size before relaxing)
 .debug_str     0x0000b853        0x0 ../libopencm3/lib/libopencm3_stm32l0.a(assert.o)
                               0x417b (size before relaxing)
 .debug_str     0x0000b853        0x0 ../libopencm3/lib/libopencm3_stm32l0.a(flash_common_all.o)
                               0x54a1 (size before relaxing)
 .debug_str     0x0000b853        0x0 ../libopencm3/lib/libopencm3_stm32l0.a(pwr_common_v2.o)
                               0x7571 (size before relaxing)
 .debug_str     0x0000b853        0x0 /usr/lib/gcc/arm-none-eabi/15.2.0/thumb/v6-m/nofp/libgcc.a(_thumb1_case_uqi.o)
                                 0xe8 (size before relaxing)
 .debug_str     0x0000b853        0x0 /usr/lib/gcc/arm-none-eabi/15.2.0/thumb/v6-m/nofp/libgcc.a(_udivsi3.o)
                                 0xed (size before relaxing)
 .debug_str     0x0000b853        0x0 /usr/lib/gcc/arm-none-eabi/15.2.0/thumb/v6-m/nofp/libgcc.a(_dvmd_tls.o)
                                 0xee (size before relaxing)

.comment        0x00000000       0x23
 .comment       0x00000000       0x23 firmware.o
                                 0x24 (size before relaxing)
 .comment       0x00000023        0x0 ../libopencm3/lib/libopencm3_stm32l0.a(gpio_common_all.o)
                                 0x24 (size before relaxing)
 .comment       0x00000023        0x0 ../libopencm3/lib/libopencm3_stm32l0.a(gpio_common_f0234.o)
                                 0x24 (size before relaxing)
 .comment       0x00000023        0x0 ../libopencm3/lib/libopencm3_stm32l0.a(rcc.o)
                                 0x24 (size before relaxing)
 .comment       0x00000023        0x0 ../libopencm3/lib/libopencm3_stm32l0.a(rcc_common_all.o)
                                 0x24 (size before relaxing)
 .comment       0x00000023        0x0 ../libopencm3/lib/libopencm3_stm32l0.a(vector.o)
                                 0x24 (size before relaxing)
 .comment       0x00000023        0x0 ../libopencm3/lib/libopencm3_stm32l0.a(systick.o)
                                 0x24 (size before relaxing)
 .comment       0x00000023        0x0 ../libopencm3/lib/libopencm3_stm32l0.a(assert.o)
                                 0x24 (size before relaxing)
 .comment       0x00000023        0x0 ../libopencm3/lib/libopencm3_stm32l0.a(flash_common_all.o)
                                 0x24 (size before relaxing)
 .comment       0x00000023        0x0 ../libopencm3/lib/libopencm3_stm32l0.a(pwr_common_v2.o)
                                 0x24 (size before relaxing)

.ARM.attributes
                0x00000000       0x2c
 .ARM.attributes
                0x00000000       0x2c firmware.o
 .ARM.attributes
                0x0000002c       0x2c ../libopencm3/lib/libopencm3_stm32l0.a(gpio_common_all.o)
 .ARM.attributes
                0x00000058       0x2c ../libopencm3/lib/libopencm3_stm32l0.a(gpio_common_f0234.o)
 .ARM.attributes
                0x00000084       0x2c ../libopencm3/lib/libopencm3_stm32l0.a(rcc.o)
 .ARM.attributes
                0x000000b0       0x2c ../libopencm3/lib/libopencm3_stm32l0.a(rcc_common_all.o)
 .ARM.attributes
                0x000000dc       0x2c ../libopencm3/lib/libopencm3_stm32l0.a(vector.o)
 .ARM.attributes
                0x00000108       0x2c ../libopencm3/lib/libopencm3_stm32l0.a(systick.o)
 .ARM.attributes
                0x00000134       0x2c ../libopencm3/lib/libopencm3_stm32l0.a(assert.o)
 .ARM.attributes
                0x00000160       0x2c ../libopencm3/lib/libopencm3_stm32l0.a(flash_common_all.o)
 .ARM.attributes
                0x0000018c       0x2c ../libopencm3/lib/libopencm3_stm32l0.a(pwr_common_v2.o)
 .ARM.attributes
                0x000001b8       0x1e /usr/lib/gcc/arm-none-eabi/15.2.0/thumb/v6-m/nofp/libgcc.a(_thumb1_case_uqi.o)
 .ARM.attributes
                0x000001d6       0x1e /usr/lib/gcc/arm-none-eabi/15.2.0/thumb/v6-m/nofp/libgcc.a(_udivsi3.o)
 .ARM.attributes
                0x000001f4       0x1e /usr/lib/gcc/arm-none-eabi/15.2.0/thumb/v6-m/nofp/libgcc.a(_dvmd_tls.o)

.debug_frame    0x00000000      0x670
 .debug_frame   0x00000000       0x48 firmware.o
 .debug_frame   0x00000048       0x80 ../libopencm3/lib/libopencm3_stm32l0.a(gpio_common_all.o)
 .debug_frame   0x000000c8       0x7c ../libopencm3/lib/libopencm3_stm32l0.a(gpio_common_f0234.o)
 .debug_frame   0x00000144      0x254 ../libopencm3/lib/libopencm3_stm32l0.a(rcc.o)
 .debug_frame   0x00000398       0xf0 ../libopencm3/lib/libopencm3_stm32l0.a(rcc_common_all.o)
 .debug_frame   0x00000488       0x48 ../libopencm3/lib/libopencm3_stm32l0.a(vector.o)
 .debug_frame   0x000004d0       0xd8 ../libopencm3/lib/libopencm3_stm32l0.a(systick.o)
 .debug_frame   0x000005a8       0x38 ../libopencm3/lib/libopencm3_stm32l0.a(assert.o)
 .debug_frame   0x000005e0       0x50 ../libopencm3/lib/libopencm3_stm32l0.a(flash_common_all.o)
 .debug_frame   0x00000630       0x20 ../libopencm3/lib/libopencm3_stm32l0.a(pwr_common_v2.o)
 .debug_frame   0x00000650       0x20 /usr/lib/gcc/arm-none-eabi/15.2.0/thumb/v6-m/nofp/libgcc.a(_udivsi3.o)

.debug_line_str
                0x00000000       0xc6
 .debug_line_str
                0x00000000       0xc6 /usr/lib/gcc/arm-none-eabi/15.2.0/thumb/v6-m/nofp/libgcc.a(_thumb1_case_uqi.o)
 .debug_line_str
                0x000000c6        0x0 /usr/lib/gcc/arm-none-eabi/15.2.0/thumb/v6-m/nofp/libgcc.a(_udivsi3.o)
                                 0xc6 (size before relaxing)
 .debug_line_str
                0x000000c6        0x0 /usr/lib/gcc/arm-none-eabi/15.2.0/thumb/v6-m/nofp/libgcc.a(_dvmd_tls.o)
                                 0xc6 (size before relaxing)
